Archive member included to satisfy reference by file (symbol)

.\CortexM3\ARM_GCC_541\Debug\teclado.a(Keypad_1_Keypad1.o)
                              .\CortexM3\ARM_GCC_541\Debug\main.o (Keypad_1_GetButton)
.\CortexM3\ARM_GCC_541\Debug\teclado.a(Keypad_1_Status_Reg.o)
                              .\CortexM3\ARM_GCC_541\Debug\teclado.a(Keypad_1_Keypad1.o) (Keypad_1_Status_Reg_Read)
.\CortexM3\ARM_GCC_541\Debug\teclado.a(CyLib.o)
                              .\CortexM3\ARM_GCC_541\Debug\Cm3Start.o (CyHalt)
.\CortexM3\ARM_GCC_541\Debug\teclado.a(cyPm.o)
                              .\CortexM3\ARM_GCC_541\Debug\teclado.a(CyLib.o) (CyPmReadStatus)
.\CortexM3\ARM_GCC_541\Debug\teclado.a(LCD.o)
                              .\CortexM3\ARM_GCC_541\Debug\main.o (LCD_PrintString)
.\CortexM3\ARM_GCC_541\Debug\teclado.a(isr_press.o)
                              .\CortexM3\ARM_GCC_541\Debug\main.o (isr_press_StartEx)
.\CortexM3\ARM_GCC_541\Debug\teclado.a(Pin_2.o)
                              .\CortexM3\ARM_GCC_541\Debug\main.o (Pin_2_Write)
.\CortexM3\ARM_GCC_541\Debug\teclado.a(Encoder.o)
                              .\CortexM3\ARM_GCC_541\Debug\main.o (Encoder_Read)
.\CortexM3\ARM_GCC_541\Debug\teclado.a(Timer.o)
                              .\CortexM3\ARM_GCC_541\Debug\main.o (Timer_Start)
.\CortexM3\ARM_GCC_541\Debug\teclado.a(isr_1.o)
                              .\CortexM3\ARM_GCC_541\Debug\main.o (isr_1_StartEx)
.\CortexM3\ARM_GCC_541\Debug\teclado.a(isr_Encoder.o)
                              .\CortexM3\ARM_GCC_541\Debug\main.o (isr_Encoder_StartEx)
.\CortexM3\ARM_GCC_541\Debug\teclado.a(PWM.o)
                              .\CortexM3\ARM_GCC_541\Debug\main.o (PWM_WriteCompare)
.\CortexM3\ARM_GCC_541\Debug\teclado.a(sync.o)
                              .\CortexM3\ARM_GCC_541\Debug\main.o (sync_ClearInterrupt)
.\CortexM3\ARM_GCC_541\Debug\teclado.a(isr_sync.o)
                              .\CortexM3\ARM_GCC_541\Debug\main.o (isr_sync_StartEx)
.\CortexM3\ARM_GCC_541\Debug\teclado.a(CyBootAsmGnu.o)
                              .\CortexM3\ARM_GCC_541\Debug\cyfitter_cfg.o (CyDelayCycles)
.\CortexM3\ARM_GCC_541\Debug\teclado.a(CyFlash.o)
                              .\CortexM3\ARM_GCC_541\Debug\teclado.a(cyPm.o) (CyFlash_SetWaitCycles)
.\CortexM3\ARM_GCC_541\Debug\teclado.a(CySpc.o)
                              .\CortexM3\ARM_GCC_541\Debug\teclado.a(CyFlash.o) (CySpcStart)
c:/program files (x86)/cypress/psoc creator/4.2/psoc creator/import/gnu/arm/5.4.1/bin/../lib/gcc/arm-none-eabi/5.4.1/../../../../arm-none-eabi/lib/armv7-m\libg_nano.a(lib_a-errno.o)
                              .\CortexM3\ARM_GCC_541\Debug\Cm3Start.o (__errno)
c:/program files (x86)/cypress/psoc creator/4.2/psoc creator/import/gnu/arm/5.4.1/bin/../lib/gcc/arm-none-eabi/5.4.1/../../../../arm-none-eabi/lib/armv7-m\libg_nano.a(lib_a-exit.o)
                              c:/program files (x86)/cypress/psoc creator/4.2/psoc creator/import/gnu/arm/5.4.1/bin/../lib/gcc/arm-none-eabi/5.4.1/../../../../arm-none-eabi/lib/armv7-m/crt0.o (exit)
c:/program files (x86)/cypress/psoc creator/4.2/psoc creator/import/gnu/arm/5.4.1/bin/../lib/gcc/arm-none-eabi/5.4.1/../../../../arm-none-eabi/lib/armv7-m\libg_nano.a(lib_a-impure.o)
                              c:/program files (x86)/cypress/psoc creator/4.2/psoc creator/import/gnu/arm/5.4.1/bin/../lib/gcc/arm-none-eabi/5.4.1/../../../../arm-none-eabi/lib/armv7-m\libg_nano.a(lib_a-exit.o) (_global_impure_ptr)
c:/program files (x86)/cypress/psoc creator/4.2/psoc creator/import/gnu/arm/5.4.1/bin/../lib/gcc/arm-none-eabi/5.4.1/../../../../arm-none-eabi/lib/armv7-m\libg_nano.a(lib_a-init.o)
                              c:/program files (x86)/cypress/psoc creator/4.2/psoc creator/import/gnu/arm/5.4.1/bin/../lib/gcc/arm-none-eabi/5.4.1/../../../../arm-none-eabi/lib/armv7-m/crt0.o (__libc_init_array)
c:/program files (x86)/cypress/psoc creator/4.2/psoc creator/import/gnu/arm/5.4.1/bin/../lib/gcc/arm-none-eabi/5.4.1/../../../../arm-none-eabi/lib/armv7-m\libg_nano.a(lib_a-memcpy-stub.o)
                              .\CortexM3\ARM_GCC_541\Debug\cyfitter_cfg.o (memcpy)
c:/program files (x86)/cypress/psoc creator/4.2/psoc creator/import/gnu/arm/5.4.1/bin/../lib/gcc/arm-none-eabi/5.4.1/../../../../arm-none-eabi/lib/armv7-m\libg_nano.a(lib_a-memset.o)
                              c:/program files (x86)/cypress/psoc creator/4.2/psoc creator/import/gnu/arm/5.4.1/bin/../lib/gcc/arm-none-eabi/5.4.1/../../../../arm-none-eabi/lib/armv7-m/crt0.o (memset)
c:/program files (x86)/cypress/psoc creator/4.2/psoc creator/import/gnu/arm/5.4.1/bin/../lib/gcc/arm-none-eabi/5.4.1/../../../../arm-none-eabi/lib/armv7-m\libg_nano.a(lib_a-nano-vfprintf_float.o)
                              (_printf_float)
c:/program files (x86)/cypress/psoc creator/4.2/psoc creator/import/gnu/arm/5.4.1/bin/../lib/gcc/arm-none-eabi/5.4.1/../../../../arm-none-eabi/lib/armv7-m\libg_nano.a(lib_a-nano-vfprintf_i.o)
[...]
Memory Configuration

Name             Origin             Length             Attributes
rom              0x00000000         0x00040000         xr
ram              0x1fff8000         0x00010000         xrw
*default*        0x00000000         0xffffffff

Linker script and memory map

LOAD c:/program files (x86)/cypress/psoc creator/4.2/psoc creator/import/gnu/arm/5.4.1/bin/../lib/gcc/arm-none-eabi/5.4.1/armv7-m/crti.o
LOAD c:/program files (x86)/cypress/psoc creator/4.2/psoc creator/import/gnu/arm/5.4.1/bin/../lib/gcc/arm-none-eabi/5.4.1/armv7-m/crtbegin.o
LOAD c:/program files (x86)/cypress/psoc creator/4.2/psoc creator/import/gnu/arm/5.4.1/bin/../lib/gcc/arm-none-eabi/5.4.1/../../../../arm-none-eabi/lib/armv7-m/crt0.o
START GROUP
LOAD .\CortexM3\ARM_GCC_541\Debug\main.o
LOAD .\CortexM3\ARM_GCC_541\Debug\cyfitter_cfg.o
LOAD .\CortexM3\ARM_GCC_541\Debug\cymetadata.o
LOAD .\CortexM3\ARM_GCC_541\Debug\Cm3Start.o
LOAD .\CortexM3\ARM_GCC_541\Debug\teclado.a
LOAD C:\Program Files (x86)\Cypress\PSoC Creator\4.2\PSoC Creator\psoc\content\cycomponentlibrary\CyComponentLibrary.cylib\CortexM3\ARM_GCC_541\Debug\CyComponentLibrary.a
END GROUP
START GROUP
LOAD c:/program files (x86)/cypress/psoc creator/4.2/psoc creator/import/gnu/arm/5.4.1/bin/../lib/gcc/arm-none-eabi/5.4.1/armv7-m\libgcc.a
LOAD c:/program files (x86)/cypress/psoc creator/4.2/psoc creator/import/gnu/arm/5.4.1/bin/../lib/gcc/arm-none-eabi/5.4.1/../../../../arm-none-eabi/lib/armv7-m\libg_nano.a
LOAD c:/program files (x86)/cypress/psoc creator/4.2/psoc creator/import/gnu/arm/5.4.1/bin/../lib/gcc/arm-none-eabi/5.4.1/../../../../arm-none-eabi/lib/armv7-m\libc_nano.a
END GROUP
START GROUP
LOAD c:/program files (x86)/cypress/psoc creator/4.2/psoc creator/import/gnu/arm/5.4.1/bin/../lib/gcc/arm-none-eabi/5.4.1/armv7-m\libgcc.a
LOAD c:/program files (x86)/cypress/psoc creator/4.2/psoc creator/import/gnu/arm/5.4.1/bin/../lib/gcc/arm-none-eabi/5.4.1/../../../../arm-none-eabi/lib/armv7-m\libc_nano.a
END GROUP
LOAD c:/program files (x86)/cypress/psoc creator/4.2/psoc creator/import/gnu/arm/5.4.1/bin/../lib/gcc/arm-none-eabi/5.4.1/armv7-m/crtend.o
LOAD c:/program files (x86)/cypress/psoc creator/4.2/psoc creator/import/gnu/arm/5.4.1/bin/../lib/gcc/arm-none-eabi/5.4.1/armv7-m/crtn.o
START GROUP
LOAD c:/program files (x86)/cypress/psoc creator/4.2/psoc creator/import/gnu/arm/5.4.1/bin/../lib/gcc/arm-none-eabi/5.4.1/armv7-m\libgcc.a
LOAD c:/program files (x86)/cypress/psoc creator/4.2/psoc creator/import/gnu/arm/5.4.1/bin/../lib/gcc/arm-none-eabi/5.4.1/../../../../arm-none-eabi/lib/armv7-m\libc.a
LOAD c:/program files (x86)/cypress/psoc creator/4.2/psoc creator/import/gnu/arm/5.4.1/bin/../lib/gcc/arm-none-eabi/5.4.1/../../../../arm-none-eabi/lib/armv7-m\libnosys.a
END GROUP
                0x00000000                CY_APPL_ORIGIN = 0x0
                0x00000100                CY_FLASH_ROW_SIZE = 0x100
                0x00000020                CY_ECC_ROW_SIZE = 0x20
                0x00000000                CY_EE_IN_BTLDR = 0x0
                0x00000000                CY_APPL_LOADABLE = 0x0
                0x00000800                CY_EE_SIZE = 0x800
                0x00000001                CY_APPL_NUM = 0x1
                0x00000001                CY_APPL_MAX = 0x1
                0x00000040                CY_METADATA_SIZE = 0x40
                0x00000000                CY_APPL_LOADABLE = 0x0
                0x00000000                CY_CHECKSUM_EXCLUDE_SIZE = ALIGN (0x0, CY_FLASH_ROW_SIZE)
                [!provide]                PROVIDE (__cy_heap_start, _end)
                0x00000001                PROVIDE (__cy_region_num, ((__cy_regions_end - __cy_regions) / 0x10))
                0x20008000                PROVIDE (__cy_stack, (ORIGIN (ram) + LENGTH (ram)))
                [!provide]                PROVIDE (__cy_heap_end, (__cy_stack - 0x800))

.cybootloader   0x00000000        0x0
 *(.cybootloader)
                0x00000000                appl1_start = CY_APPL_ORIGIN?CY_APPL_ORIGIN:ALIGN (CY_FLASH_ROW_SIZE)
                0x0001ff00                appl2_start = (appl1_start + ALIGN ((((LENGTH (rom) - appl1_start) - (0x2 * CY_FLASH_ROW_SIZE)) / 0x2), CY_FLASH_ROW_SIZE))
                0x00000000                appl_start = (CY_APPL_NUM == 0x1)?appl1_start:appl2_start
                0x00000000                ecc_offset = ((appl_start / CY_FLASH_ROW_SIZE) * CY_ECC_ROW_SIZE)
                0x00000000                ee_offset = (CY_APPL_LOADABLE && ! (CY_EE_IN_BTLDR))?((CY_EE_SIZE / CY_APPL_MAX) * (CY_APPL_NUM - 0x1)):0x0
                0x00000800                ee_size = (CY_APPL_LOADABLE && ! (CY_EE_IN_BTLDR))?(CY_EE_SIZE / CY_APPL_MAX):CY_EE_SIZE
                [!provide]                PROVIDE (CY_ECC_OFFSET, ecc_offset)

.text           0x00000000     0x3630
 CREATE_OBJECT_SYMBOLS
                0x00000000                PROVIDE (__cy_interrupt_vector, RomVectors)
 *(.romvectors)
 .romvectors    0x00000000       0x10 .\CortexM3\ARM_GCC_541\Debug\Cm3Start.o
                0x00000000                RomVectors
                0x00000001                ASSERT ((. != __cy_interrupt_vector), No interrupt vector)
                0x00000001                ASSERT (CY_APPL_ORIGIN?(SIZEOF (.cybootloader) <= CY_APPL_ORIGIN):0x1, Wrong image location)
                0x00000010                PROVIDE (__cy_reset, Reset)
 *(.text.Reset)
 .text.Reset    0x00000010       0x18 .\CortexM3\ARM_GCC_541\Debug\Cm3Start.o
                0x00000010                Reset
                0x00000001                ASSERT ((. != __cy_reset), No reset code)
 *(.dma_init)
                0x00000001                ASSERT ((((appl_start + .) <= 0x10000) || 0x1), DMA Init must be within the first 64k of flash)
 *(.text .text.* .gnu.linkonce.t.*)
 .text          0x00000028       0x5c c:/program files (x86)/cypress/psoc creator/4.2/psoc creator/import/gnu/arm/5.4.1/bin/../lib/gcc/arm-none-eabi/5.4.1/armv7-m/crtbegin.o
 .text.Timer_ISR
                0x00000084       0x54 .\CortexM3\ARM_GCC_541\Debug\main.o
                0x00000084                Timer_ISR
 .text.Encoder_ISR
                0x000000d8       0x2c .\CortexM3\ARM_GCC_541\Debug\main.o
                0x000000d8                Encoder_ISR
 .text.sync     0x00000104       0x1c .\CortexM3\ARM_GCC_541\Debug\main.o
                0x00000104                sync
 .text.press_ISR
                0x00000120       0x9c .\CortexM3\ARM_GCC_541\Debug\main.o
                0x00000120                press_ISR
 .text.Set_Speed
                0x000001bc       0x14 .\CortexM3\ARM_GCC_541\Debug\main.o
                0x000001bc                Set_Speed
 .text.main     0x000001d0       0xbc .\CortexM3\ARM_GCC_541\Debug\main.o
                0x000001d0                main
 .text.CyClockStartupError
                0x0000028c        0x4 .\CortexM3\ARM_GCC_541\Debug\cyfitter_cfg.o
 .text.cfg_write_bytes32
                0x00000290       0x34 .\CortexM3\ARM_GCC_541\Debug\cyfitter_cfg.o
 .text.AnalogSetDefault
                0x000002c4       0x28 .\CortexM3\ARM_GCC_541\Debug\cyfitter_cfg.o
 .text.CYMEMZERO
                0x000002ec        0xc .\CortexM3\ARM_GCC_541\Debug\cyfitter_cfg.o
 .text.ClockSetup
                0x000002f8       0xcc .\CortexM3\ARM_GCC_541\Debug\cyfitter_cfg.o
 .text.CYCONFIGCPY
                0x000003c4        0x8 .\CortexM3\ARM_GCC_541\Debug\cyfitter_cfg.o
 .text.cyfitter_cfg
                0x000003cc      0x114 .\CortexM3\ARM_GCC_541\Debug\cyfitter_cfg.o
                0x000003cc                cyfitter_cfg
 .text.IntDefaultHandler
                0x000004e0       0x10 .\CortexM3\ARM_GCC_541\Debug\Cm3Start.o
                0x000004e0                IntDefaultHandler
 .text._sbrk    0x000004f0       0x30 .\CortexM3\ARM_GCC_541\Debug\Cm3Start.o
                0x000004f0                _sbrk
 .text.Start_c  0x00000520       0x4c .\CortexM3\ARM_GCC_541\Debug\Cm3Start.o
                0x00000520                Start_c
 .text.initialize_psoc
                0x0000056c       0x68 .\CortexM3\ARM_GCC_541\Debug\Cm3Start.o
                0x0000056c                initialize_psoc
 .text.Keypad_1_GetCol
                0x000005d4       0x24 .\CortexM3\ARM_GCC_541\Debug\teclado.a(Keypad_1_Keypad1.o)
                0x000005d4                Keypad_1_GetCol
 .text.Keypad_1_GetRow
                0x000005f8       0x24 .\CortexM3\ARM_GCC_541\Debug\teclado.a(Keypad_1_Keypad1.o)
                0x000005f8                Keypad_1_GetRow
 .text.Keypad_1_GetButton
                0x0000061c       0x28 .\CortexM3\ARM_GCC_541\Debug\teclado.a(Keypad_1_Keypad1.o)
                0x0000061c                Keypad_1_GetButton
 .text.Keypad_1_Status_Reg_Read
                0x00000644        0xc .\CortexM3\ARM_GCC_541\Debug\teclado.a(Keypad_1_Status_Reg.o)
                0x00000644                Keypad_1_Status_Reg_Read
 .text.CyDelay  0x00000650       0x2c .\CortexM3\ARM_GCC_541\Debug\teclado.a(CyLib.o)
                0x00000650                CyDelay
 .text.CyDelayUs
                0x0000067c       0x14 .\CortexM3\ARM_GCC_541\Debug\teclado.a(CyLib.o)
                0x0000067c                CyDelayUs
 .text.LCD_WrCntrlNib
                0x00000690       0x34 .\CortexM3\ARM_GCC_541\Debug\teclado.a(LCD.o)
 .text.LCD_WrDatNib
                0x000006c4       0x44 .\CortexM3\ARM_GCC_541\Debug\teclado.a(LCD.o)
 .text.LCD_IsReady
                0x00000708       0xe4 .\CortexM3\ARM_GCC_541\Debug\teclado.a(LCD.o)
                0x00000708                LCD_IsReady
 .text.LCD_WriteData
                0x000007ec       0x18 .\CortexM3\ARM_GCC_541\Debug\teclado.a(LCD.o)
                0x000007ec                LCD_WriteData
 .text.LCD_PrintString
                0x00000804       0x1c .\CortexM3\ARM_GCC_541\Debug\teclado.a(LCD.o)
                0x00000804                LCD_PrintString
 .text.LCD_PutChar
                0x00000820        0x8 .\CortexM3\ARM_GCC_541\Debug\teclado.a(LCD.o)
                0x00000820                LCD_PutChar
 .text.LCD_WriteControl
                0x00000828       0x18 .\CortexM3\ARM_GCC_541\Debug\teclado.a(LCD.o)
                0x00000828                LCD_WriteControl
 .text.LCD_Init
                0x00000840       0x6c .\CortexM3\ARM_GCC_541\Debug\teclado.a(LCD.o)
                0x00000840                LCD_Init
 .text.LCD_Enable
                0x000008ac       0x14 .\CortexM3\ARM_GCC_541\Debug\teclado.a(LCD.o)
                0x000008ac                LCD_Enable
 .text.LCD_Start
                0x000008c0       0x1c .\CortexM3\ARM_GCC_541\Debug\teclado.a(LCD.o)
                0x000008c0                LCD_Start
 .text.LCD_Position
                0x000008dc       0x3c .\CortexM3\ARM_GCC_541\Debug\teclado.a(LCD.o)
                0x000008dc                LCD_Position
 .text.isr_press_SetVector
                0x00000918        0xc .\CortexM3\ARM_GCC_541\Debug\teclado.a(isr_press.o)
                0x00000918                isr_press_SetVector
 .text.isr_press_SetPriority
                0x00000924       0x10 .\CortexM3\ARM_GCC_541\Debug\teclado.a(isr_press.o)
                0x00000924                isr_press_SetPriority
 .text.isr_press_Enable
                0x00000934        0xc .\CortexM3\ARM_GCC_541\Debug\teclado.a(isr_press.o)
                0x00000934                isr_press_Enable
 .text.isr_press_Disable
                0x00000940        0xc .\CortexM3\ARM_GCC_541\Debug\teclado.a(isr_press.o)
                0x00000940                isr_press_Disable
 .text.isr_press_StartEx
                0x0000094c       0x1c .\CortexM3\ARM_GCC_541\Debug\teclado.a(isr_press.o)
                0x0000094c                isr_press_StartEx
 .text.isr_press_ClearPending
                0x00000968        0xc .\CortexM3\ARM_GCC_541\Debug\teclado.a(isr_press.o)
                0x00000968                isr_press_ClearPending
 .text.Pin_2_Write
                0x00000974       0x18 .\CortexM3\ARM_GCC_541\Debug\teclado.a(Pin_2.o)
                0x00000974                Pin_2_Write
 .text.Encoder_Read
                0x0000098c        0xc .\CortexM3\ARM_GCC_541\Debug\teclado.a(Encoder.o)
                0x0000098c                Encoder_Read
 .text.Encoder_ClearInterrupt
                0x00000998        0xc .\CortexM3\ARM_GCC_541\Debug\teclado.a(Encoder.o)
                0x00000998                Encoder_ClearInterrupt
 .text.Timer_Enable
                0x000009a4       0x10 .\CortexM3\ARM_GCC_541\Debug\teclado.a(Timer.o)
                0x000009a4                Timer_Enable
 .text.Timer_SetInterruptMode
                0x000009b4        0xc .\CortexM3\ARM_GCC_541\Debug\teclado.a(Timer.o)
                0x000009b4                Timer_SetInterruptMode
 .text.Timer_ReadStatusRegister
                0x000009c0        0xc .\CortexM3\ARM_GCC_541\Debug\teclado.a(Timer.o)
                0x000009c0                Timer_ReadStatusRegister
 .text.Timer_WritePeriod
                0x000009cc        0xc .\CortexM3\ARM_GCC_541\Debug\teclado.a(Timer.o)
                0x000009cc                Timer_WritePeriod
 .text.Timer_ReadCapture
                0x000009d8        0xc .\CortexM3\ARM_GCC_541\Debug\teclado.a(Timer.o)
                0x000009d8                Timer_ReadCapture
 .text.Timer_WriteCounter
                0x000009e4        0xc .\CortexM3\ARM_GCC_541\Debug\teclado.a(Timer.o)
                0x000009e4                Timer_WriteCounter
 .text.Timer_ClearFIFO
                0x000009f0       0x14 .\CortexM3\ARM_GCC_541\Debug\teclado.a(Timer.o)
                0x000009f0                Timer_ClearFIFO
 .text.Timer_Init
                0x00000a04       0x34 .\CortexM3\ARM_GCC_541\Debug\teclado.a(Timer.o)
                0x00000a04                Timer_Init
 .text.Timer_Start
                0x00000a38       0x1c .\CortexM3\ARM_GCC_541\Debug\teclado.a(Timer.o)
                0x00000a38                Timer_Start
 .text.isr_1_SetVector
                0x00000a54        0xc .\CortexM3\ARM_GCC_541\Debug\teclado.a(isr_1.o)
                0x00000a54                isr_1_SetVector
 .text.isr_1_SetPriority
                0x00000a60       0x10 .\CortexM3\ARM_GCC_541\Debug\teclado.a(isr_1.o)
                0x00000a60                isr_1_SetPriority
 .text.isr_1_Enable
                0x00000a70        0xc .\CortexM3\ARM_GCC_541\Debug\teclado.a(isr_1.o)
                0x00000a70                isr_1_Enable
 .text.isr_1_Disable
                0x00000a7c        0xc .\CortexM3\ARM_GCC_541\Debug\teclado.a(isr_1.o)
                0x00000a7c                isr_1_Disable
 .text.isr_1_StartEx
                0x00000a88       0x1c .\CortexM3\ARM_GCC_541\Debug\teclado.a(isr_1.o)
                0x00000a88                isr_1_StartEx
 .text.isr_1_ClearPending
                0x00000aa4        0xc .\CortexM3\ARM_GCC_541\Debug\teclado.a(isr_1.o)
                0x00000aa4                isr_1_ClearPending
 .text.isr_Encoder_SetVector
                0x00000ab0        0xc .\CortexM3\ARM_GCC_541\Debug\teclado.a(isr_Encoder.o)
                0x00000ab0                isr_Encoder_SetVector
 .text.isr_Encoder_SetPriority
                0x00000abc       0x10 .\CortexM3\ARM_GCC_541\Debug\teclado.a(isr_Encoder.o)
                0x00000abc                isr_Encoder_SetPriority
 .text.isr_Encoder_Enable
                0x00000acc        0xc .\CortexM3\ARM_GCC_541\Debug\teclado.a(isr_Encoder.o)
                0x00000acc                isr_Encoder_Enable
 .text.isr_Encoder_Disable
                0x00000ad8        0xc .\CortexM3\ARM_GCC_541\Debug\teclado.a(isr_Encoder.o)
                0x00000ad8                isr_Encoder_Disable
 .text.isr_Encoder_StartEx
                0x00000ae4       0x1c .\CortexM3\ARM_GCC_541\Debug\teclado.a(isr_Encoder.o)
                0x00000ae4                isr_Encoder_StartEx
 .text.PWM_Enable
                0x00000b00       0x10 .\CortexM3\ARM_GCC_541\Debug\teclado.a(PWM.o)
                0x00000b00                PWM_Enable
 .text.PWM_WriteCounter
                0x00000b10        0xc .\CortexM3\ARM_GCC_541\Debug\teclado.a(PWM.o)
                0x00000b10                PWM_WriteCounter
 .text.PWM_WritePeriod
                0x00000b1c        0xc .\CortexM3\ARM_GCC_541\Debug\teclado.a(PWM.o)
                0x00000b1c                PWM_WritePeriod
 .text.PWM_WriteCompare
                0x00000b28        0xc .\CortexM3\ARM_GCC_541\Debug\teclado.a(PWM.o)
                0x00000b28                PWM_WriteCompare
 .text.PWM_SetInterruptMode
                0x00000b34        0xc .\CortexM3\ARM_GCC_541\Debug\teclado.a(PWM.o)
                0x00000b34                PWM_SetInterruptMode
 .text.PWM_ReadStatusRegister
                0x00000b40        0xc .\CortexM3\ARM_GCC_541\Debug\teclado.a(PWM.o)
                0x00000b40                PWM_ReadStatusRegister
 .text.PWM_ReadCapture
                0x00000b4c        0xc .\CortexM3\ARM_GCC_541\Debug\teclado.a(PWM.o)
                0x00000b4c                PWM_ReadCapture
 .text.PWM_ClearFIFO
                0x00000b58       0x14 .\CortexM3\ARM_GCC_541\Debug\teclado.a(PWM.o)
                0x00000b58                PWM_ClearFIFO
 .text.PWM_Init
                0x00000b6c       0x5c .\CortexM3\ARM_GCC_541\Debug\teclado.a(PWM.o)
                0x00000b6c                PWM_Init
 .text.PWM_Start
                0x00000bc8       0x1c .\CortexM3\ARM_GCC_541\Debug\teclado.a(PWM.o)
                0x00000bc8                PWM_Start
 .text.sync_ClearInterrupt
                0x00000be4       0x10 .\CortexM3\ARM_GCC_541\Debug\teclado.a(sync.o)
                0x00000be4                sync_ClearInterrupt
 .text.isr_sync_SetVector
                0x00000bf4        0xc .\CortexM3\ARM_GCC_541\Debug\teclado.a(isr_sync.o)
                0x00000bf4                isr_sync_SetVector
 .text.isr_sync_SetPriority
                0x00000c00       0x10 .\CortexM3\ARM_GCC_541\Debug\teclado.a(isr_sync.o)
                0x00000c00                isr_sync_SetPriority
 .text.isr_sync_Enable
                0x00000c10        0xc .\CortexM3\ARM_GCC_541\Debug\teclado.a(isr_sync.o)
                0x00000c10                isr_sync_Enable
 .text.isr_sync_Disable
                0x00000c1c        0xc .\CortexM3\ARM_GCC_541\Debug\teclado.a(isr_sync.o)
                0x00000c1c                isr_sync_Disable
 .text.isr_sync_StartEx
                0x00000c28       0x1c .\CortexM3\ARM_GCC_541\Debug\teclado.a(isr_sync.o)
                0x00000c28                isr_sync_StartEx
 *fill*         0x00000c44        0x4 
 .text          0x00000c48       0x20 .\CortexM3\ARM_GCC_541\Debug\teclado.a(CyBootAsmGnu.o)
                0x00000c48                CyDelayCycles
                0x00000c58                CyEnterCriticalSection
                0x00000c60                CyExitCriticalSection
 .text.__errno  0x00000c68        0xc c:/program files (x86)/cypress/psoc creator/4.2/psoc creator/import/gnu/arm/5.4.1/bin/../lib/gcc/arm-none-eabi/5.4.1/../../../../arm-none-eabi/lib/armv7-m\libg_nano.a(lib_a-errno.o)
                0x00000c68                __errno
 .text.__libc_init_array
                0x00000c74       0x4c c:/program files (x86)/cypress/psoc creator/4.2/psoc creator/import/gnu/arm/5.4.1/bin/../lib/gcc/arm-none-eabi/5.4.1/../../../../arm-none-eabi/lib/armv7-m\libg_nano.a(lib_a-init.o)
                0x00000c74                __libc_init_array
 .text.memcpy   0x00000cc0       0x16 c:/program files (x86)/cypress/psoc creator/4.2/psoc creator/import/gnu/arm/5.4.1/bin/../lib/gcc/arm-none-eabi/5.4.1/../../../../arm-none-eabi/lib/armv7-m\libg_nano.a(lib_a-memcpy-stub.o)
                0x00000cc0                memcpy
 .text.memset   0x00000cd6       0x10 c:/program files (x86)/cypress/psoc creator/4.2/psoc creator/import/gnu/arm/5.4.1/bin/../lib/gcc/arm-none-eabi/5.4.1/../../../../arm-none-eabi/lib/armv7-m\libg_nano.a(lib_a-memset.o)
                0x00000cd6                memset
 .text.__cvt    0x00000ce6       0xc0 c:/program files (x86)/cypress/psoc creator/4.2/psoc creator/import/gnu/arm/5.4.1/bin/../lib/gcc/arm-none-eabi/5.4.1/../../../../arm-none-eabi/lib/armv7-m\libg_nano.a(lib_a-nano-vfprintf_float.o)
                0x00000ce6                __cvt
 .text.__exponent
                0x00000da6       0x62 c:/program files (x86)/cypress/psoc creator/4.2/psoc creator/import/gnu/arm/5.4.1/bin/../lib/gcc/arm-none-eabi/5.4.1/../../../../arm-none-eabi/lib/armv7-m\libg_nano.a(lib_a-nano-vfprintf_float.o)
                0x00000da6                __exponent
 .text._printf_float
                0x00000e08      0x488 c:/program files (x86)/cypress/psoc creator/4.2/psoc creator/import/gnu/arm/5.4.1/bin/../lib/gcc/arm-none-eabi/5.4.1/../../../../arm-none-eabi/lib/armv7-m\libg_nano.a(lib_a-nano-vfprintf_float.o)
                0x00000e08                _printf_float
 .text._printf_common
                0x00001290       0xec c:/program files (x86)/cypress/psoc creator/4.2/psoc creator/import/gnu/arm/5.4.1/bin/../lib/gcc/arm-none-eabi/5.4.1/../../../../arm-none-eabi/lib/armv7-m\libg_nano.a(lib_a-nano-vfprintf_i.o)
                0x00001290                _printf_common
 .text._printf_i
                0x0000137c      0x24c c:/program files (x86)/cypress/psoc creator/4.2/psoc creator/import/gnu/arm/5.4.1/bin/../lib/gcc/arm-none-eabi/5.4.1/../../../../arm-none-eabi/lib/armv7-m\libg_nano.a(lib_a-nano-vfprintf_i.o)
                0x0000137c                _printf_i
 .text.sprintf  0x000015c8       0x48 c:/program files (x86)/cypress/psoc creator/4.2/psoc creator/import/gnu/arm/5.4.1/bin/../lib/gcc/arm-none-eabi/5.4.1/../../../../arm-none-eabi/lib/armv7-m\libg_nano.a(lib_a-sprintf.o)
                0x000015c8                siprintf
                0x000015c8                sprintf
 .text          0x00001610       0x10 c:/program files (x86)/cypress/psoc creator/4.2/psoc creator/import/gnu/arm/5.4.1/bin/../lib/gcc/arm-none-eabi/5.4.1/../../../../arm-none-eabi/lib/armv7-m\libg_nano.a(lib_a-strlen.o)
                0x00001610                strlen
 .text.quorem   0x00001620      0x116 c:/program files (x86)/cypress/psoc creator/4.2/psoc creator/import/gnu/arm/5.4.1/bin/../lib/gcc/arm-none-eabi/5.4.1/../../../../arm-none-eabi/lib/armv7-m\libg_nano.a(lib_a-dtoa.o)
 *fill*         0x00001736        0x2 
 .text._dtoa_r  0x00001738      0xb30 c:/program files (x86)/cypress/psoc creator/4.2/psoc creator/import/gnu/arm/5.4.1/bin/../lib/gcc/arm-none-eabi/5.4.1/../../../../arm-none-eabi/lib/armv7-m\libg_nano.a(lib_a-dtoa.o)
                0x00001738                _dtoa_r
 .text._localeconv_r
                0x00002268        0x8 c:/program files (x86)/cypress/psoc creator/4.2/psoc creator/import/gnu/arm/5.4.1/bin/../lib/gcc/arm-none-eabi/5.4.1/../../../../arm-none-eabi/lib/armv7-m\libg_nano.a(lib_a-locale.o)
                0x00002268                _localeconv_r
 .text.malloc   0x00002270       0x10 c:/program files (x86)/cypress/psoc creator/4.2/psoc creator/import/gnu/arm/5.4.1/bin/../lib/gcc/arm-none-eabi/5.4.1/../../../../arm-none-eabi/lib/armv7-m\libg_nano.a(lib_a-malloc.o)
                0x00002270                malloc
 .text.memchr   0x00002280       0x1c c:/program files (x86)/cypress/psoc creator/4.2/psoc creator/import/gnu/arm/5.4.1/bin/../lib/gcc/arm-none-eabi/5.4.1/../../../../arm-none-eabi/lib/armv7-m\libg_nano.a(lib_a-memchr-stub.o)
                0x00002280                memchr
 .text._Balloc  0x0000229c       0x6a c:/program files (x86)/cypress/psoc creator/4.2/psoc creator/import/gnu/arm/5.4.1/bin/../lib/gcc/arm-none-eabi/5.4.1/../../../../arm-none-eabi/lib/armv7-m\libg_nano.a(lib_a-mprec.o)
                0x0000229c                _Balloc
 .text._Bfree   0x00002306       0x2e c:/program files (x86)/cypress/psoc creator/4.2/psoc creator/import/gnu/arm/5.4.1/bin/../lib/gcc/arm-none-eabi/5.4.1/../../../../arm-none-eabi/lib/armv7-m\libg_nano.a(lib_a-mprec.o)
                0x00002306                _Bfree
 .text.__multadd
                0x00002334       0x76 c:/program files (x86)/cypress/psoc creator/4.2/psoc creator/import/gnu/arm/5.4.1/bin/../lib/gcc/arm-none-eabi/5.4.1/../../../../arm-none-eabi/lib/armv7-m\libg_nano.a(lib_a-mprec.o)
                0x00002334                __multadd
 .text.__hi0bits
                0x000023aa       0x40 c:/program files (x86)/cypress/psoc creator/4.2/psoc creator/import/gnu/arm/5.4.1/bin/../lib/gcc/arm-none-eabi/5.4.1/../../../../arm-none-eabi/lib/armv7-m\libg_nano.a(lib_a-mprec.o)
                0x000023aa                __hi0bits
 .text.__lo0bits
                0x000023ea       0x5a c:/program files (x86)/cypress/psoc creator/4.2/psoc creator/import/gnu/arm/5.4.1/bin/../lib/gcc/arm-none-eabi/5.4.1/../../../../arm-none-eabi/lib/armv7-m\libg_nano.a(lib_a-mprec.o)
                0x000023ea                __lo0bits
 .text.__i2b    0x00002444       0x12 c:/program files (x86)/cypress/psoc creator/4.2/psoc creator/import/gnu/arm/5.4.1/bin/../lib/gcc/arm-none-eabi/5.4.1/../../../../arm-none-eabi/lib/armv7-m\libg_nano.a(lib_a-mprec.o)
                0x00002444                __i2b
 .text.__multiply
                0x00002456      0x120 c:/program files (x86)/cypress/psoc creator/4.2/psoc creator/import/gnu/arm/5.4.1/bin/../lib/gcc/arm-none-eabi/5.4.1/../../../../arm-none-eabi/lib/armv7-m\libg_nano.a(lib_a-mprec.o)
                0x00002456                __multiply
 *fill*         0x00002576        0x2 
 .text.__pow5mult
                0x00002578       0x9c c:/program files (x86)/cypress/psoc creator/4.2/psoc creator/import/gnu/arm/5.4.1/bin/../lib/gcc/arm-none-eabi/5.4.1/../../../../arm-none-eabi/lib/armv7-m\libg_nano.a(lib_a-mprec.o)
                0x00002578                __pow5mult
 .text.__lshift
                0x00002614       0xa2 c:/program files (x86)/cypress/psoc creator/4.2/psoc creator/import/gnu/arm/5.4.1/bin/../lib/gcc/arm-none-eabi/5.4.1/../../../../arm-none-eabi/lib/armv7-m\libg_nano.a(lib_a-mprec.o)
                0x00002614                __lshift
 .text.__mcmp   0x000026b6       0x38 c:/program files (x86)/cypress/psoc creator/4.2/psoc creator/import/gnu/arm/5.4.1/bin/../lib/gcc/arm-none-eabi/5.4.1/../../../../arm-none-eabi/lib/armv7-m\libg_nano.a(lib_a-mprec.o)
                0x000026b6                __mcmp
 .text.__mdiff  0x000026ee       0xbe c:/program files (x86)/cypress/psoc creator/4.2/psoc creator/import/gnu/arm/5.4.1/bin/../lib/gcc/arm-none-eabi/5.4.1/../../../../arm-none-eabi/lib/armv7-m\libg_nano.a(lib_a-mprec.o)
                0x000026ee                __mdiff
 .text.__d2b    0x000027ac       0x9c c:/program files (x86)/cypress/psoc creator/4.2/psoc creator/import/gnu/arm/5.4.1/bin/../lib/gcc/arm-none-eabi/5.4.1/../../../../arm-none-eabi/lib/armv7-m\libg_nano.a(lib_a-mprec.o)
                0x000027ac                __d2b
 .text._calloc_r
                0x00002848       0x1c c:/program files (x86)/cypress/psoc creator/4.2/psoc creator/import/gnu/arm/5.4.1/bin/../lib/gcc/arm-none-eabi/5.4.1/../../../../arm-none-eabi/lib/armv7-m\libg_nano.a(lib_a-nano-callocr.o)
                0x00002848                _calloc_r
 .text._free_r  0x00002864       0x98 c:/program files (x86)/cypress/psoc creator/4.2/psoc creator/import/gnu/arm/5.4.1/bin/../lib/gcc/arm-none-eabi/5.4.1/../../../../arm-none-eabi/lib/armv7-m\libg_nano.a(lib_a-nano-freer.o)
                0x00002864                _free_r
 .text._malloc_r
                0x000028fc       0xbc c:/program files (x86)/cypress/psoc creator/4.2/psoc creator/import/gnu/arm/5.4.1/bin/../lib/gcc/arm-none-eabi/5.4.1/../../../../arm-none-eabi/lib/armv7-m\libg_nano.a(lib_a-nano-mallocr.o)
                0x000028fc                _malloc_r
 .text.__ssputs_r
                0x000029b8       0xb2 c:/program files (x86)/cypress/psoc creator/4.2/psoc creator/import/gnu/arm/5.4.1/bin/../lib/gcc/arm-none-eabi/5.4.1/../../../../arm-none-eabi/lib/armv7-m\libg_nano.a(lib_a-nano-svfprintf.o)
                0x000029b8                __ssputs_r
 *fill*         0x00002a6a        0x2 
 .text._svfprintf_r
                0x00002a6c      0x1e8 c:/program files (x86)/cypress/psoc creator/4.2/psoc creator/import/gnu/arm/5.4.1/bin/../lib/gcc/arm-none-eabi/5.4.1/../../../../arm-none-eabi/lib/armv7-m\libg_nano.a(lib_a-nano-svfprintf.o)
                0x00002a6c                _svfiprintf_r
                0x00002a6c                _svfprintf_r
 .text._sbrk_r  0x00002c54       0x20 c:/program files (x86)/cypress/psoc creator/4.2/psoc creator/import/gnu/arm/5.4.1/bin/../lib/gcc/arm-none-eabi/5.4.1/../../../../arm-none-eabi/lib/armv7-m\libg_nano.a(lib_a-sbrkr.o)
                0x00002c54                _sbrk_r
 .text.memmove  0x00002c74       0x36 c:/program files (x86)/cypress/psoc creator/4.2/psoc creator/import/gnu/arm/5.4.1/bin/../lib/gcc/arm-none-eabi/5.4.1/../../../../arm-none-eabi/lib/armv7-m\libg_nano.a(lib_a-memmove.o)
                0x00002c74                memmove
 .text.__malloc_lock
                0x00002caa        0x2 c:/program files (x86)/cypress/psoc creator/4.2/psoc creator/import/gnu/arm/5.4.1/bin/../lib/gcc/arm-none-eabi/5.4.1/../../../../arm-none-eabi/lib/armv7-m\libg_nano.a(lib_a-mlock.o)
                0x00002caa                __malloc_lock
 .text.__malloc_unlock
                0x00002cac        0x2 c:/program files (x86)/cypress/psoc creator/4.2/psoc creator/import/gnu/arm/5.4.1/bin/../lib/gcc/arm-none-eabi/5.4.1/../../../../arm-none-eabi/lib/armv7-m\libg_nano.a(lib_a-mlock.o)
                0x00002cac                __malloc_unlock
 .text._realloc_r
                0x00002cae       0x4c c:/program files (x86)/cypress/psoc creator/4.2/psoc creator/import/gnu/arm/5.4.1/bin/../lib/gcc/arm-none-eabi/5.4.1/../../../../arm-none-eabi/lib/armv7-m\libg_nano.a(lib_a-nano-reallocr.o)
                0x00002cae                _realloc_r
 .text._malloc_usable_size_r
                0x00002cfa       0x14 c:/program files (x86)/cypress/psoc creator/4.2/psoc creator/import/gnu/arm/5.4.1/bin/../lib/gcc/arm-none-eabi/5.4.1/../../../../arm-none-eabi/lib/armv7-m\libg_nano.a(lib_a-nano-msizer.o)
                0x00002cfa                _malloc_usable_size_r
 *fill*         0x00002d0e        0x2 
 .text          0x00002d10      0x370 c:/program files (x86)/cypress/psoc creator/4.2/psoc creator/import/gnu/arm/5.4.1/bin/../lib/gcc/arm-none-eabi/5.4.1/armv7-m\libgcc.a(_arm_addsubdf3.o)
                0x00002d10                __aeabi_drsub
                0x00002d18                __aeabi_dsub
                0x00002d18                __subdf3
                0x00002d1c                __aeabi_dadd
                0x00002d1c                __adddf3
                0x00002f94                __floatunsidf
                0x00002f94                __aeabi_ui2d
                0x00002fb4                __floatsidf
                0x00002fb4                __aeabi_i2d
                0x00002fd8                __aeabi_f2d
                0x00002fd8                __extendsfdf2
                0x00003014                __floatundidf
                0x00003014                __aeabi_ul2d
                0x00003024                __floatdidf
                0x00003024                __aeabi_l2d
 .text          0x00003080      0x424 c:/program files (x86)/cypress/psoc creator/4.2/psoc creator/import/gnu/arm/5.4.1/bin/../lib/gcc/arm-none-eabi/5.4.1/armv7-m\libgcc.a(_arm_muldivdf3.o)
                0x00003080                __aeabi_dmul
                0x00003080                __muldf3
                0x000032d4                __divdf3
                0x000032d4                __aeabi_ddiv
 .text          0x000034a4      0x110 c:/program files (x86)/cypress/psoc creator/4.2/psoc creator/import/gnu/arm/5.4.1/bin/../lib/gcc/arm-none-eabi/5.4.1/armv7-m\libgcc.a(_arm_cmpdf2.o)
                0x000034a4                __gtdf2
                0x000034a4                __gedf2
                0x000034ac                __ltdf2
                0x000034ac                __ledf2
                0x000034b4                __nedf2
                0x000034b4                __eqdf2
                0x000034b4                __cmpdf2
                0x00003530                __aeabi_cdrcmple
                0x00003540                __aeabi_cdcmpeq
                0x00003540                __aeabi_cdcmple
                0x00003550                __aeabi_dcmpeq
                0x00003564                __aeabi_dcmplt
                0x00003578                __aeabi_dcmple
                0x0000358c                __aeabi_dcmpge
                0x000035a0                __aeabi_dcmpgt
 .text          0x000035b4       0x2c c:/program files (x86)/cypress/psoc creator/4.2/psoc creator/import/gnu/arm/5.4.1/bin/../lib/gcc/arm-none-eabi/5.4.1/armv7-m\libgcc.a(_arm_unorddf2.o)
                0x000035b4                __unorddf2
                0x000035b4                __aeabi_dcmpun
 .text          0x000035e0       0x50 c:/program files (x86)/cypress/psoc creator/4.2/psoc creator/import/gnu/arm/5.4.1/bin/../lib/gcc/arm-none-eabi/5.4.1/armv7-m\libgcc.a(_arm_fixdfsi.o)
                0x000035e0                __aeabi_d2iz
                0x000035e0                __fixdfsi
 *(.plt)
 *(.gnu.warning)
 *(.glue_7t)
 .glue_7t       0x00003630        0x0 linker stubs
 *(.glue_7)
 .glue_7        0x00003630        0x0 linker stubs
 *(.vfp11_veneer)
 .vfp11_veneer  0x00003630        0x0 linker stubs
 *(.bootloader)
 *(.ARM.extab* .gnu.linkonce.armextab.*)
 *(.gcc_except_table)

.v4_bx          0x00003630        0x0
 .v4_bx         0x00003630        0x0 linker stubs

.iplt           0x00003630        0x0
 .iplt          0x00003630        0x0 c:/program files (x86)/cypress/psoc creator/4.2/psoc creator/import/gnu/arm/5.4.1/bin/../lib/gcc/arm-none-eabi/5.4.1/armv7-m/crtbegin.o

.eh_frame_hdr
 *(.eh_frame_hdr)

.eh_frame       0x00003630        0x4
 *(.eh_frame)
 .eh_frame      0x00003630        0x0 c:/program files (x86)/cypress/psoc creator/4.2/psoc creator/import/gnu/arm/5.4.1/bin/../lib/gcc/arm-none-eabi/5.4.1/armv7-m/crtbegin.o
 .eh_frame      0x00003630        0x4 c:/program files (x86)/cypress/psoc creator/4.2/psoc creator/import/gnu/arm/5.4.1/bin/../lib/gcc/arm-none-eabi/5.4.1/armv7-m/crtend.o
                [!provide]                PROVIDE (__exidx_start, .)

.ARM.exidx
 *(.ARM.exidx* .gnu.linkonce.armexidx.*)
                0x00003634                __exidx_end = .

.rodata         0x00003638      0x1f8
 *(.rodata .rodata.* .gnu.linkonce.r.*)
 .rodata.str1.4
                0x00003638       0x38 .\CortexM3\ARM_GCC_541\Debug\main.o
 .rodata        0x00003670       0x2a .\CortexM3\ARM_GCC_541\Debug\cyfitter_cfg.o
 .rodata.str1.1
                0x0000369a        0x2 c:/program files (x86)/cypress/psoc creator/4.2/psoc creator/import/gnu/arm/5.4.1/bin/../lib/gcc/arm-none-eabi/5.4.1/../../../../arm-none-eabi/lib/armv7-m\libg_nano.a(lib_a-impure.o)
 .rodata.str1.1
                0x0000369c       0x12 c:/program files (x86)/cypress/psoc creator/4.2/psoc creator/import/gnu/arm/5.4.1/bin/../lib/gcc/arm-none-eabi/5.4.1/../../../../arm-none-eabi/lib/armv7-m\libg_nano.a(lib_a-nano-vfprintf_float.o)
 .rodata.str1.1
                0x000036ae       0x22 c:/program files (x86)/cypress/psoc creator/4.2/psoc creator/import/gnu/arm/5.4.1/bin/../lib/gcc/arm-none-eabi/5.4.1/../../../../arm-none-eabi/lib/armv7-m\libg_nano.a(lib_a-nano-vfprintf_i.o)
 .rodata.str1.1
                0x000036d0        0xd c:/program files (x86)/cypress/psoc creator/4.2/psoc creator/import/gnu/arm/5.4.1/bin/../lib/gcc/arm-none-eabi/5.4.1/../../../../arm-none-eabi/lib/armv7-m\libg_nano.a(lib_a-dtoa.o)
                                  0xf (size before relaxing)
 .rodata.str1.1
                0x000036dd        0x8 c:/program files (x86)/cypress/psoc creator/4.2/psoc creator/import/gnu/arm/5.4.1/bin/../lib/gcc/arm-none-eabi/5.4.1/../../../../arm-none-eabi/lib/armv7-m\libg_nano.a(lib_a-locale.o)
                                  0xb (size before relaxing)
 *fill*         0x000036e5        0x3 
 .rodata.__mprec_tens
                0x000036e8       0xc8 c:/program files (x86)/cypress/psoc creator/4.2/psoc creator/import/gnu/arm/5.4.1/bin/../lib/gcc/arm-none-eabi/5.4.1/../../../../arm-none-eabi/lib/armv7-m\libg_nano.a(lib_a-mprec.o)
                0x000036e8                __mprec_tens
 .rodata.p05.5408
                0x000037b0        0xc c:/program files (x86)/cypress/psoc creator/4.2/psoc creator/import/gnu/arm/5.4.1/bin/../lib/gcc/arm-none-eabi/5.4.1/../../../../arm-none-eabi/lib/armv7-m\libg_nano.a(lib_a-mprec.o)
 *fill*         0x000037bc        0x4 
 .rodata.__mprec_bigtens
                0x000037c0       0x28 c:/program files (x86)/cypress/psoc creator/4.2/psoc creator/import/gnu/arm/5.4.1/bin/../lib/gcc/arm-none-eabi/5.4.1/../../../../arm-none-eabi/lib/armv7-m\libg_nano.a(lib_a-mprec.o)
                0x000037c0                __mprec_bigtens
 .rodata.str1.1
                0x000037e8       0x11 c:/program files (x86)/cypress/psoc creator/4.2/psoc creator/import/gnu/arm/5.4.1/bin/../lib/gcc/arm-none-eabi/5.4.1/../../../../arm-none-eabi/lib/armv7-m\libg_nano.a(lib_a-nano-svfprintf.o)
                0x000037fc                . = ALIGN (0x4)
 *fill*         0x000037f9        0x3 
 *(.init)
 .init          0x000037fc        0x4 c:/program files (x86)/cypress/psoc creator/4.2/psoc creator/import/gnu/arm/5.4.1/bin/../lib/gcc/arm-none-eabi/5.4.1/armv7-m/crti.o
                0x000037fc                _init
 .init          0x00003800        0x8 c:/program files (x86)/cypress/psoc creator/4.2/psoc creator/import/gnu/arm/5.4.1/bin/../lib/gcc/arm-none-eabi/5.4.1/armv7-m/crtn.o
                0x00003808                . = ALIGN (0x4)
                0x00003808                __preinit_array_start = .
 *(.preinit_array)
                0x00003808                __preinit_array_end = .
                0x00003808                . = ALIGN (0x4)
                0x00003808                __init_array_start = .
 *(SORT(.init_array.*))
 *(.init_array)
 .init_array    0x00003808        0x4 c:/program files (x86)/cypress/psoc creator/4.2/psoc creator/import/gnu/arm/5.4.1/bin/../lib/gcc/arm-none-eabi/5.4.1/armv7-m/crtbegin.o
 .init_array    0x0000380c        0x4 .\CortexM3\ARM_GCC_541\Debug\Cm3Start.o
                0x00003810                __init_array_end = .
                0x00003810                . = ALIGN (0x4)
 *(.fini)
 .fini          0x00003810        0x4 c:/program files (x86)/cypress/psoc creator/4.2/psoc creator/import/gnu/arm/5.4.1/bin/../lib/gcc/arm-none-eabi/5.4.1/armv7-m/crti.o
                0x00003810                _fini
 .fini          0x00003814        0x8 c:/program files (x86)/cypress/psoc creator/4.2/psoc creator/import/gnu/arm/5.4.1/bin/../lib/gcc/arm-none-eabi/5.4.1/armv7-m/crtn.o
                0x0000381c                . = ALIGN (0x4)
                0x0000381c                __fini_array_start = .
 *(.fini_array)
 .fini_array    0x0000381c        0x4 c:/program files (x86)/cypress/psoc creator/4.2/psoc creator/import/gnu/arm/5.4.1/bin/../lib/gcc/arm-none-eabi/5.4.1/armv7-m/crtbegin.o
 *(SORT(.fini_array.*))
                0x00003820                __fini_array_end = .
                0x00003820                . = ALIGN (0x4)
 *crtbegin.o(.ctors)
 *(EXCLUDE_FILE(*crtend.o) .ctors)
 *(SORT(.ctors.*))
 *crtend.o(.ctors)
                0x00003820                . = ALIGN (0x4)
 *crtbegin.o(.dtors)
 *(EXCLUDE_FILE(*crtend.o) .dtors)
 *(SORT(.dtors.*))
 *crtend.o(.dtors)
                0x00003820                . = ALIGN (0x4)
                0x00003820                __cy_regions = .
                0x00003820        0x4 LONG 0x3830 __cy_region_init_ram
                0x00003824        0x4 LONG 0x1fff80c8 __cy_region_start_data
                0x00003828        0x4 LONG 0xc8 __cy_region_init_size_ram
                0x0000382c        0x4 LONG 0x80 __cy_region_zero_size_ram
                0x00003830                __cy_regions_end = .
                0x00003830                . = ALIGN (0x8)
                0x00003830                _etext = .

.cy_checksum_exclude
                0x00003830        0x0
 *(.cy_checksum_exclude)

.ramvectors     0x1fff8000       0xc0
                0x1fff8000                __cy_region_start_ram = .
 *(.ramvectors)
 .ramvectors    0x1fff8000       0xc0 .\CortexM3\ARM_GCC_541\Debug\Cm3Start.o
                0x1fff8000                CyRamVectors

.noinit         0x1fff80c0        0x1
 *(.noinit)
 .noinit        0x1fff80c0        0x1 .\CortexM3\ARM_GCC_541\Debug\teclado.a(CyLib.o)
                0x1fff80c0                CyResetStatus

.data           0x1fff80c8       0xc8 load address 0x00003830
                0x1fff80c8                __cy_region_start_data = .
 *(.jcr)
 .jcr           0x1fff80c8        0x0 c:/program files (x86)/cypress/psoc creator/4.2/psoc creator/import/gnu/arm/5.4.1/bin/../lib/gcc/arm-none-eabi/5.4.1/armv7-m/crtbegin.o
 .jcr           0x1fff80c8        0x4 c:/program files (x86)/cypress/psoc creator/4.2/psoc creator/import/gnu/arm/5.4.1/bin/../lib/gcc/arm-none-eabi/5.4.1/armv7-m/crtend.o
 *(.got.plt)
 *(.got)
 *(.shdata)
 *(.data .data.* .gnu.linkonce.d.*)
 .data          0x1fff80cc       0x14 .\CortexM3\ARM_GCC_541\Debug\main.o
                0x1fff80cc                flag
                0x1fff80d0                Keypad_1_Key
 .data          0x1fff80e0        0x4 .\CortexM3\ARM_GCC_541\Debug\Cm3Start.o
 .data          0x1fff80e4       0x10 .\CortexM3\ARM_GCC_541\Debug\teclado.a(CyLib.o)
                0x1fff80e4                cydelay_32k_ms
                0x1fff80e8                cydelay_freq_khz
                0x1fff80ec                cydelay_freq_mhz
                0x1fff80f0                cydelay_freq_hz
 .data.impure_data
                0x1fff80f4       0x60 c:/program files (x86)/cypress/psoc creator/4.2/psoc creator/import/gnu/arm/5.4.1/bin/../lib/gcc/arm-none-eabi/5.4.1/../../../../arm-none-eabi/lib/armv7-m\libg_nano.a(lib_a-impure.o)
 .data._impure_ptr
                0x1fff8154        0x4 c:/program files (x86)/cypress/psoc creator/4.2/psoc creator/import/gnu/arm/5.4.1/bin/../lib/gcc/arm-none-eabi/5.4.1/../../../../arm-none-eabi/lib/armv7-m\libg_nano.a(lib_a-impure.o)
                0x1fff8154                _impure_ptr
 .data.lconv    0x1fff8158       0x38 c:/program files (x86)/cypress/psoc creator/4.2/psoc creator/import/gnu/arm/5.4.1/bin/../lib/gcc/arm-none-eabi/5.4.1/../../../../arm-none-eabi/lib/armv7-m\libg_nano.a(lib_a-locale.o)
                0x1fff8190                . = ALIGN (0x8)
 *(.ram)
                0x1fff8190                _edata = .

.igot.plt       0x1fff8190        0x0 load address 0x000038f8
 .igot.plt      0x1fff8190        0x0 c:/program files (x86)/cypress/psoc creator/4.2/psoc creator/import/gnu/arm/5.4.1/bin/../lib/gcc/arm-none-eabi/5.4.1/armv7-m/crtbegin.o

.bss            0x1fff8190       0x80 load address 0x000038f8
                0x1fff8190                PROVIDE (__bss_start__, .)
 *(.shbss)
 *(.bss .bss.* .gnu.linkonce.b.*)
 .bss           0x1fff8190       0x1c c:/program files (x86)/cypress/psoc creator/4.2/psoc creator/import/gnu/arm/5.4.1/bin/../lib/gcc/arm-none-eabi/5.4.1/armv7-m/crtbegin.o
 .bss           0x1fff81ac       0x1c .\CortexM3\ARM_GCC_541\Debug\main.o
                0x1fff81ac                tiempo
                0x1fff81b0                diff1
                0x1fff81b4                speed_read
                0x1fff81b8                flag1
                0x1fff81bc                flag_init
                0x1fff81c0                pwm_Com
                0x1fff81c4                event
 .bss           0x1fff81c8        0x2 .\CortexM3\ARM_GCC_541\Debug\teclado.a(LCD.o)
                0x1fff81c8                LCD_enableState
                0x1fff81c9                LCD_initVar
 .bss           0x1fff81ca        0x1 .\CortexM3\ARM_GCC_541\Debug\teclado.a(Timer.o)
                0x1fff81ca                Timer_initVar
 .bss           0x1fff81cb        0x1 .\CortexM3\ARM_GCC_541\Debug\teclado.a(PWM.o)
                0x1fff81cb                PWM_initVar
 .bss.__malloc_sbrk_start
                0x1fff81cc        0x4 c:/program files (x86)/cypress/psoc creator/4.2/psoc creator/import/gnu/arm/5.4.1/bin/../lib/gcc/arm-none-eabi/5.4.1/../../../../arm-none-eabi/lib/armv7-m\libg_nano.a(lib_a-nano-mallocr.o)
                0x1fff81cc                __malloc_sbrk_start
 .bss.__malloc_free_list
                0x1fff81d0        0x4 c:/program files (x86)/cypress/psoc creator/4.2/psoc creator/import/gnu/arm/5.4.1/bin/../lib/gcc/arm-none-eabi/5.4.1/../../../../arm-none-eabi/lib/armv7-m\libg_nano.a(lib_a-nano-mallocr.o)
                0x1fff81d0                __malloc_free_list
 *(COMMON)
 COMMON         0x1fff81d4       0x34 .\CortexM3\ARM_GCC_541\Debug\main.o
                0x1fff81d4                valor
                0x1fff81d8                temp
                0x1fff81dc                contador
                0x1fff81e0                counter
                0x1fff81e4                speed
                0x1fff81e8                str
                0x1fff81f8                str2
 COMMON         0x1fff8208        0x4 c:/program files (x86)/cypress/psoc creator/4.2/psoc creator/import/gnu/arm/5.4.1/bin/../lib/gcc/arm-none-eabi/5.4.1/../../../../arm-none-eabi/lib/armv7-m\libg_nano.a(lib_a-reent.o)
                0x1fff8208                errno
                0x1fff8210                . = ALIGN (0x8)
 *fill*         0x1fff820c        0x4 
 *(.ram.b)
                0x1fff8210                _end = .
                0x1fff8210                __end = .
                0x1fff8210                PROVIDE (end, .)
                0x1fff8210                PROVIDE (__bss_end__, .)
                0x00003830                __cy_region_init_ram = LOADADDR (.data)
                0x000000c8                __cy_region_init_size_ram = (_edata - ADDR (.data))
                0x00000080                __cy_region_zero_size_ram = (_end - _edata)

.heap           0x1fff8210       0x80 load address 0x000038f8
                0x1fff8210                . = _end
                0x1fff8290                . = (. + 0x80)
 *fill*         0x1fff8210       0x80 
                0x1fff8290                __cy_heap_limit = .

.stack          0x20007800      0x800
                0x20007800                __cy_stack_limit = .
                0x20008000                . = (. + 0x800)
 *fill*         0x20007800      0x800 
                0x00000001                ASSERT ((__cy_stack_limit >= __cy_heap_limit), region RAM overflowed with stack)
                0x00000000                cy_checksum_exclude_size = (CY_APPL_LOADABLE == 0x1)?SIZEOF (.cy_checksum_exclude):0x0
                0x00000001                ASSERT ((cy_checksum_exclude_size <= CY_CHECKSUM_EXCLUDE_SIZE), CY_BOOT: Section .cy_checksum_exclude size exceedes specified limit.)

.cyloadermeta
 *(.cyloadermeta)

.cyloadablemeta
 *(.cyloadablemeta)

.cyconfigecc    0x80000000      0x2f8
 *(.cyconfigecc)
 .cyconfigecc   0x80000000      0x2f8 .\CortexM3\ARM_GCC_541\Debug\cymetadata.o
                0x80000000                cy_meta_configecc

.cycustnvl      0x90000000        0x4
 *(.cycustnvl)
 .cycustnvl     0x90000000        0x4 .\CortexM3\ARM_GCC_541\Debug\cymetadata.o
                0x90000000                cy_meta_custnvl

.cywolatch      0x90100000        0x4
 *(.cywolatch)
 .cywolatch     0x90100000        0x4 .\CortexM3\ARM_GCC_541\Debug\cymetadata.o
                0x90100000                cy_meta_wonvl

.cyeeprom       0x90200000        0x0
 *(.cyeeprom)
                0x00000001                ASSERT ((. <= ((0x90200000 + ee_offset) + ee_size)), .cyeeprom data will not fit in EEPROM)

.cyflashprotect
                0x90400000      0x100
 *(.cyflashprotect)
 .cyflashprotect
                0x90400000      0x100 .\CortexM3\ARM_GCC_541\Debug\cymetadata.o
                0x90400000                cy_meta_flashprotect

.cymeta         0x90500000        0xc
 *(.cymeta)
 .cymeta        0x90500000        0xc .\CortexM3\ARM_GCC_541\Debug\cymetadata.o
                0x90500000                cy_metadata

.rel.dyn        0x000038f8        0x0 load address 0x9050000c
 .rel.iplt      0x000038f8        0x0 c:/program files (x86)/cypress/psoc creator/4.2/psoc creator/import/gnu/arm/5.4.1/bin/../lib/gcc/arm-none-eabi/5.4.1/armv7-m/crtbegin.o

.stab
 *(.stab)

.stabstr
 *(.stabstr)

.debug
 *(.debug)

.line
 *(.line)

.debug_srcinfo
 *(.debug_srcinfo)

.debug_sfnames
 *(.debug_sfnames)

.debug_aranges  0x00000000      0xa68
 *(.debug_aranges)
 .debug_aranges
                0x00000000       0x58 .\CortexM3\ARM_GCC_541\Debug\main.o
 .debug_aranges
                0x00000058       0x58 .\CortexM3\ARM_GCC_541\Debug\cyfitter_cfg.o
 .debug_aranges
                0x000000b0       0x18 .\CortexM3\ARM_GCC_541\Debug\cymetadata.o
 .debug_aranges
                0x000000c8       0x48 .\CortexM3\ARM_GCC_541\Debug\Cm3Start.o
 .debug_aranges
                0x00000110       0x30 .\CortexM3\ARM_GCC_541\Debug\teclado.a(Keypad_1_Keypad1.o)
 .debug_aranges
                0x00000140       0x40 .\CortexM3\ARM_GCC_541\Debug\teclado.a(Keypad_1_Status_Reg.o)
 .debug_aranges
                0x00000180      0x2a0 .\CortexM3\ARM_GCC_541\Debug\teclado.a(CyLib.o)
 .debug_aranges
                0x00000420       0x98 .\CortexM3\ARM_GCC_541\Debug\teclado.a(cyPm.o)
 .debug_aranges
                0x000004b8       0x98 .\CortexM3\ARM_GCC_541\Debug\teclado.a(LCD.o)
 .debug_aranges
                0x00000550       0x80 .\CortexM3\ARM_GCC_541\Debug\teclado.a(isr_press.o)
 .debug_aranges
                0x000005d0       0x38 .\CortexM3\ARM_GCC_541\Debug\teclado.a(Pin_2.o)
 .debug_aranges
                0x00000608       0x48 .\CortexM3\ARM_GCC_541\Debug\teclado.a(Encoder.o)
 .debug_aranges
                0x00000650       0x90 .\CortexM3\ARM_GCC_541\Debug\teclado.a(Timer.o)
 .debug_aranges
                0x000006e0       0x80 .\CortexM3\ARM_GCC_541\Debug\teclado.a(isr_1.o)
 .debug_aranges
                0x00000760       0x80 .\CortexM3\ARM_GCC_541\Debug\teclado.a(isr_Encoder.o)
 .debug_aranges
                0x000007e0       0x98 .\CortexM3\ARM_GCC_541\Debug\teclado.a(PWM.o)
 .debug_aranges
                0x00000878       0x48 .\CortexM3\ARM_GCC_541\Debug\teclado.a(sync.o)
 .debug_aranges
                0x000008c0       0x80 .\CortexM3\ARM_GCC_541\Debug\teclado.a(isr_sync.o)
 .debug_aranges
                0x00000940       0x20 .\CortexM3\ARM_GCC_541\Debug\teclado.a(CyBootAsmGnu.o)
 .debug_aranges
                0x00000960       0x88 .\CortexM3\ARM_GCC_541\Debug\teclado.a(CyFlash.o)
 .debug_aranges
                0x000009e8       0x80 .\CortexM3\ARM_GCC_541\Debug\teclado.a(CySpc.o)

.debug_pubnames
 *(.debug_pubnames)

.debug_info     0x00000000     0x5a97
 *(.debug_info .gnu.linkonce.wi.*)
 .debug_info    0x00000000      0x6bf .\CortexM3\ARM_GCC_541\Debug\main.o
 .debug_info    0x000006bf      0x513 .\CortexM3\ARM_GCC_541\Debug\cyfitter_cfg.o
 .debug_info    0x00000bd2      0x135 .\CortexM3\ARM_GCC_541\Debug\cymetadata.o
 .debug_info    0x00000d07      0x3bb .\CortexM3\ARM_GCC_541\Debug\Cm3Start.o
 .debug_info    0x000010c2      0x1ea .\CortexM3\ARM_GCC_541\Debug\teclado.a(Keypad_1_Keypad1.o)
 .debug_info    0x000012ac      0x17f .\CortexM3\ARM_GCC_541\Debug\teclado.a(Keypad_1_Status_Reg.o)
 .debug_info    0x0000142b     0x1374 .\CortexM3\ARM_GCC_541\Debug\teclado.a(CyLib.o)
 .debug_info    0x0000279f      0xa2a .\CortexM3\ARM_GCC_541\Debug\teclado.a(cyPm.o)
 .debug_info    0x000031c9      0x715 .\CortexM3\ARM_GCC_541\Debug\teclado.a(LCD.o)
 .debug_info    0x000038de      0x2d2 .\CortexM3\ARM_GCC_541\Debug\teclado.a(isr_press.o)
 .debug_info    0x00003bb0      0x11f .\CortexM3\ARM_GCC_541\Debug\teclado.a(Pin_2.o)
 .debug_info    0x00003ccf      0x174 .\CortexM3\ARM_GCC_541\Debug\teclado.a(Encoder.o)
 .debug_info    0x00003e43      0x2f0 .\CortexM3\ARM_GCC_541\Debug\teclado.a(Timer.o)
 .debug_info    0x00004133      0x2d2 .\CortexM3\ARM_GCC_541\Debug\teclado.a(isr_1.o)
 .debug_info    0x00004405      0x2d2 .\CortexM3\ARM_GCC_541\Debug\teclado.a(isr_Encoder.o)
 .debug_info    0x000046d7      0x350 .\CortexM3\ARM_GCC_541\Debug\teclado.a(PWM.o)
 .debug_info    0x00004a27      0x172 .\CortexM3\ARM_GCC_541\Debug\teclado.a(sync.o)
 .debug_info    0x00004b99      0x2d2 .\CortexM3\ARM_GCC_541\Debug\teclado.a(isr_sync.o)
 .debug_info    0x00004e6b       0x8f .\CortexM3\ARM_GCC_541\Debug\teclado.a(CyBootAsmGnu.o)
 .debug_info    0x00004efa      0x64d .\CortexM3\ARM_GCC_541\Debug\teclado.a(CyFlash.o)
 .debug_info    0x00005547      0x550 .\CortexM3\ARM_GCC_541\Debug\teclado.a(CySpc.o)

.debug_abbrev   0x00000000     0x19cc
 *(.debug_abbrev)
 .debug_abbrev  0x00000000      0x162 .\CortexM3\ARM_GCC_541\Debug\main.o
 .debug_abbrev  0x00000162      0x1fe .\CortexM3\ARM_GCC_541\Debug\cyfitter_cfg.o
 .debug_abbrev  0x00000360       0x66 .\CortexM3\ARM_GCC_541\Debug\cymetadata.o
 .debug_abbrev  0x000003c6      0x1e8 .\CortexM3\ARM_GCC_541\Debug\Cm3Start.o
 .debug_abbrev  0x000005ae       0xe4 .\CortexM3\ARM_GCC_541\Debug\teclado.a(Keypad_1_Keypad1.o)
 .debug_abbrev  0x00000692       0xac .\CortexM3\ARM_GCC_541\Debug\teclado.a(Keypad_1_Status_Reg.o)
 .debug_abbrev  0x0000073e      0x254 .\CortexM3\ARM_GCC_541\Debug\teclado.a(CyLib.o)
 .debug_abbrev  0x00000992      0x1ab .\CortexM3\ARM_GCC_541\Debug\teclado.a(cyPm.o)
 .debug_abbrev  0x00000b3d      0x157 .\CortexM3\ARM_GCC_541\Debug\teclado.a(LCD.o)
 .debug_abbrev  0x00000c94      0x173 .\CortexM3\ARM_GCC_541\Debug\teclado.a(isr_press.o)
 .debug_abbrev  0x00000e07       0x90 .\CortexM3\ARM_GCC_541\Debug\teclado.a(Pin_2.o)
 .debug_abbrev  0x00000e97       0x90 .\CortexM3\ARM_GCC_541\Debug\teclado.a(Encoder.o)
 .debug_abbrev  0x00000f27      0x12b .\CortexM3\ARM_GCC_541\Debug\teclado.a(Timer.o)
 .debug_abbrev  0x00001052      0x173 .\CortexM3\ARM_GCC_541\Debug\teclado.a(isr_1.o)
 .debug_abbrev  0x000011c5      0x173 .\CortexM3\ARM_GCC_541\Debug\teclado.a(isr_Encoder.o)
 .debug_abbrev  0x00001338      0x133 .\CortexM3\ARM_GCC_541\Debug\teclado.a(PWM.o)
 .debug_abbrev  0x0000146b       0x9f .\CortexM3\ARM_GCC_541\Debug\teclado.a(sync.o)
 .debug_abbrev  0x0000150a      0x173 .\CortexM3\ARM_GCC_541\Debug\teclado.a(isr_sync.o)
 .debug_abbrev  0x0000167d       0x14 .\CortexM3\ARM_GCC_541\Debug\teclado.a(CyBootAsmGnu.o)
 .debug_abbrev  0x00001691      0x1a7 .\CortexM3\ARM_GCC_541\Debug\teclado.a(CyFlash.o)
 .debug_abbrev  0x00001838      0x194 .\CortexM3\ARM_GCC_541\Debug\teclado.a(CySpc.o)

.debug_line     0x00000000     0x2723
 *(.debug_line)
 .debug_line    0x00000000      0x33a .\CortexM3\ARM_GCC_541\Debug\main.o
 .debug_line    0x0000033a      0x1db .\CortexM3\ARM_GCC_541\Debug\cyfitter_cfg.o
 .debug_line    0x00000515      0x141 .\CortexM3\ARM_GCC_541\Debug\cymetadata.o
 .debug_line    0x00000656      0x234 .\CortexM3\ARM_GCC_541\Debug\Cm3Start.o
 .debug_line    0x0000088a      0x1d7 .\CortexM3\ARM_GCC_541\Debug\teclado.a(Keypad_1_Keypad1.o)
 .debug_line    0x00000a61       0xbf .\CortexM3\ARM_GCC_541\Debug\teclado.a(Keypad_1_Status_Reg.o)
 .debug_line    0x00000b20      0x816 .\CortexM3\ARM_GCC_541\Debug\teclado.a(CyLib.o)
 .debug_line    0x00001336      0x367 .\CortexM3\ARM_GCC_541\Debug\teclado.a(cyPm.o)
 .debug_line    0x0000169d      0x1dc .\CortexM3\ARM_GCC_541\Debug\teclado.a(LCD.o)
 .debug_line    0x00001879      0x136 .\CortexM3\ARM_GCC_541\Debug\teclado.a(isr_press.o)
 .debug_line    0x000019af       0x92 .\CortexM3\ARM_GCC_541\Debug\teclado.a(Pin_2.o)
 .debug_line    0x00001a41       0xb8 .\CortexM3\ARM_GCC_541\Debug\teclado.a(Encoder.o)
 .debug_line    0x00001af9      0x170 .\CortexM3\ARM_GCC_541\Debug\teclado.a(Timer.o)
 .debug_line    0x00001c69      0x132 .\CortexM3\ARM_GCC_541\Debug\teclado.a(isr_1.o)
 .debug_line    0x00001d9b      0x138 .\CortexM3\ARM_GCC_541\Debug\teclado.a(isr_Encoder.o)
 .debug_line    0x00001ed3      0x186 .\CortexM3\ARM_GCC_541\Debug\teclado.a(PWM.o)
 .debug_line    0x00002059       0xb5 .\CortexM3\ARM_GCC_541\Debug\teclado.a(sync.o)
 .debug_line    0x0000210e      0x135 .\CortexM3\ARM_GCC_541\Debug\teclado.a(isr_sync.o)
 .debug_line    0x00002243       0x66 .\CortexM3\ARM_GCC_541\Debug\teclado.a(CyBootAsmGnu.o)
 .debug_line    0x000022a9      0x21a .\CortexM3\ARM_GCC_541\Debug\teclado.a(CyFlash.o)
 .debug_line    0x000024c3      0x260 .\CortexM3\ARM_GCC_541\Debug\teclado.a(CySpc.o)

.debug_frame    0x00000000     0x2148
 *(.debug_frame)
 .debug_frame   0x00000000       0xe8 .\CortexM3\ARM_GCC_541\Debug\main.o
 .debug_frame   0x000000e8       0xe4 .\CortexM3\ARM_GCC_541\Debug\cyfitter_cfg.o
 .debug_frame   0x000001cc       0xb8 .\CortexM3\ARM_GCC_541\Debug\Cm3Start.o
 .debug_frame   0x00000284       0x64 .\CortexM3\ARM_GCC_541\Debug\teclado.a(Keypad_1_Keypad1.o)
 .debug_frame   0x000002e8       0x78 .\CortexM3\ARM_GCC_541\Debug\teclado.a(Keypad_1_Status_Reg.o)
 .debug_frame   0x00000360      0x738 .\CortexM3\ARM_GCC_541\Debug\teclado.a(CyLib.o)
 .debug_frame   0x00000a98      0x1f8 .\CortexM3\ARM_GCC_541\Debug\teclado.a(cyPm.o)
 .debug_frame   0x00000c90      0x1e8 .\CortexM3\ARM_GCC_541\Debug\teclado.a(LCD.o)
 .debug_frame   0x00000e78      0x104 .\CortexM3\ARM_GCC_541\Debug\teclado.a(isr_press.o)
 .debug_frame   0x00000f7c       0x50 .\CortexM3\ARM_GCC_541\Debug\teclado.a(Pin_2.o)
 .debug_frame   0x00000fcc       0x70 .\CortexM3\ARM_GCC_541\Debug\teclado.a(Encoder.o)
 .debug_frame   0x0000103c      0x124 .\CortexM3\ARM_GCC_541\Debug\teclado.a(Timer.o)
 .debug_frame   0x00001160      0x104 .\CortexM3\ARM_GCC_541\Debug\teclado.a(isr_1.o)
 .debug_frame   0x00001264      0x104 .\CortexM3\ARM_GCC_541\Debug\teclado.a(isr_Encoder.o)
 .debug_frame   0x00001368      0x134 .\CortexM3\ARM_GCC_541\Debug\teclado.a(PWM.o)
 .debug_frame   0x0000149c       0x70 .\CortexM3\ARM_GCC_541\Debug\teclado.a(sync.o)
 .debug_frame   0x0000150c      0x104 .\CortexM3\ARM_GCC_541\Debug\teclado.a(isr_sync.o)
 .debug_frame   0x00001610      0x194 .\CortexM3\ARM_GCC_541\Debug\teclado.a(CyFlash.o)
 .debug_frame   0x000017a4      0x180 .\CortexM3\ARM_GCC_541\Debug\teclado.a(CySpc.o)
 .debug_frame   0x00001924       0x20 c:/program files (x86)/cypress/psoc creator/4.2/psoc creator/import/gnu/arm/5.4.1/bin/../lib/gcc/arm-none-eabi/5.4.1/../../../../arm-none-eabi/lib/armv7-m\libg_nano.a(lib_a-errno.o)
 .debug_frame   0x00001944       0x28 c:/program files (x86)/cypress/psoc creator/4.2/psoc creator/import/gnu/arm/5.4.1/bin/../lib/gcc/arm-none-eabi/5.4.1/../../../../arm-none-eabi/lib/armv7-m\libg_nano.a(lib_a-exit.o)
 .debug_frame   0x0000196c       0x2c c:/program files (x86)/cypress/psoc creator/4.2/psoc creator/import/gnu/arm/5.4.1/bin/../lib/gcc/arm-none-eabi/5.4.1/../../../../arm-none-eabi/lib/armv7-m\libg_nano.a(lib_a-init.o)
 .debug_frame   0x00001998       0x28 c:/program files (x86)/cypress/psoc creator/4.2/psoc creator/import/gnu/arm/5.4.1/bin/../lib/gcc/arm-none-eabi/5.4.1/../../../../arm-none-eabi/lib/armv7-m\libg_nano.a(lib_a-memcpy-stub.o)
 .debug_frame   0x000019c0       0x20 c:/program files (x86)/cypress/psoc creator/4.2/psoc creator/import/gnu/arm/5.4.1/bin/../lib/gcc/arm-none-eabi/5.4.1/../../../../arm-none-eabi/lib/armv7-m\libg_nano.a(lib_a-memset.o)
 .debug_frame   0x000019e0       0x8c c:/program files (x86)/cypress/psoc creator/4.2/psoc creator/import/gnu/arm/5.4.1/bin/../lib/gcc/arm-none-eabi/5.4.1/../../../../arm-none-eabi/lib/armv7-m\libg_nano.a(lib_a-nano-vfprintf_float.o)
 .debug_frame   0x00001a6c       0x60 c:/program files (x86)/cypress/psoc creator/4.2/psoc creator/import/gnu/arm/5.4.1/bin/../lib/gcc/arm-none-eabi/5.4.1/../../../../arm-none-eabi/lib/armv7-m\libg_nano.a(lib_a-nano-vfprintf_i.o)
 .debug_frame   0x00001acc       0x70 c:/program files (x86)/cypress/psoc creator/4.2/psoc creator/import/gnu/arm/5.4.1/bin/../lib/gcc/arm-none-eabi/5.4.1/../../../../arm-none-eabi/lib/armv7-m\libg_nano.a(lib_a-sprintf.o)
 .debug_frame   0x00001b3c       0x6c c:/program files (x86)/cypress/psoc creator/4.2/psoc creator/import/gnu/arm/5.4.1/bin/../lib/gcc/arm-none-eabi/5.4.1/../../../../arm-none-eabi/lib/armv7-m\libg_nano.a(lib_a-dtoa.o)
 .debug_frame   0x00001ba8       0x98 c:/program files (x86)/cypress/psoc creator/4.2/psoc creator/import/gnu/arm/5.4.1/bin/../lib/gcc/arm-none-eabi/5.4.1/../../../../arm-none-eabi/lib/armv7-m\libg_nano.a(lib_a-locale.o)
 .debug_frame   0x00001c40       0x30 c:/program files (x86)/cypress/psoc creator/4.2/psoc creator/import/gnu/arm/5.4.1/bin/../lib/gcc/arm-none-eabi/5.4.1/../../../../arm-none-eabi/lib/armv7-m\libg_nano.a(lib_a-malloc.o)
 .debug_frame   0x00001c70       0x28 c:/program files (x86)/cypress/psoc creator/4.2/psoc creator/import/gnu/arm/5.4.1/bin/../lib/gcc/arm-none-eabi/5.4.1/../../../../arm-none-eabi/lib/armv7-m\libg_nano.a(lib_a-memchr-stub.o)
 .debug_frame   0x00001c98      0x234 c:/program files (x86)/cypress/psoc creator/4.2/psoc creator/import/gnu/arm/5.4.1/bin/../lib/gcc/arm-none-eabi/5.4.1/../../../../arm-none-eabi/lib/armv7-m\libg_nano.a(lib_a-mprec.o)
 .debug_frame   0x00001ecc       0x2c c:/program files (x86)/cypress/psoc creator/4.2/psoc creator/import/gnu/arm/5.4.1/bin/../lib/gcc/arm-none-eabi/5.4.1/../../../../arm-none-eabi/lib/armv7-m\libg_nano.a(lib_a-nano-callocr.o)
 .debug_frame   0x00001ef8       0x38 c:/program files (x86)/cypress/psoc creator/4.2/psoc creator/import/gnu/arm/5.4.1/bin/../lib/gcc/arm-none-eabi/5.4.1/../../../../arm-none-eabi/lib/armv7-m\libg_nano.a(lib_a-nano-freer.o)
 .debug_frame   0x00001f30       0x2c c:/program files (x86)/cypress/psoc creator/4.2/psoc creator/import/gnu/arm/5.4.1/bin/../lib/gcc/arm-none-eabi/5.4.1/../../../../arm-none-eabi/lib/armv7-m\libg_nano.a(lib_a-nano-mallocr.o)
 .debug_frame   0x00001f5c       0x90 c:/program files (x86)/cypress/psoc creator/4.2/psoc creator/import/gnu/arm/5.4.1/bin/../lib/gcc/arm-none-eabi/5.4.1/../../../../arm-none-eabi/lib/armv7-m\libg_nano.a(lib_a-nano-svfprintf.o)
 .debug_frame   0x00001fec       0x2c c:/program files (x86)/cypress/psoc creator/4.2/psoc creator/import/gnu/arm/5.4.1/bin/../lib/gcc/arm-none-eabi/5.4.1/../../../../arm-none-eabi/lib/armv7-m\libg_nano.a(lib_a-sbrkr.o)
 .debug_frame   0x00002018       0x20 c:/program files (x86)/cypress/psoc creator/4.2/psoc creator/import/gnu/arm/5.4.1/bin/../lib/gcc/arm-none-eabi/5.4.1/../../../../arm-none-eabi/lib/armv7-m\libg_nano.a(lib_a-strcmp.o)
 .debug_frame   0x00002038       0x28 c:/program files (x86)/cypress/psoc creator/4.2/psoc creator/import/gnu/arm/5.4.1/bin/../lib/gcc/arm-none-eabi/5.4.1/../../../../arm-none-eabi/lib/armv7-m\libg_nano.a(lib_a-memmove.o)
 .debug_frame   0x00002060       0x30 c:/program files (x86)/cypress/psoc creator/4.2/psoc creator/import/gnu/arm/5.4.1/bin/../lib/gcc/arm-none-eabi/5.4.1/../../../../arm-none-eabi/lib/armv7-m\libg_nano.a(lib_a-mlock.o)
 .debug_frame   0x00002090       0x3c c:/program files (x86)/cypress/psoc creator/4.2/psoc creator/import/gnu/arm/5.4.1/bin/../lib/gcc/arm-none-eabi/5.4.1/../../../../arm-none-eabi/lib/armv7-m\libg_nano.a(lib_a-nano-reallocr.o)
 .debug_frame   0x000020cc       0x5c c:/program files (x86)/cypress/psoc creator/4.2/psoc creator/import/gnu/arm/5.4.1/bin/../lib/gcc/arm-none-eabi/5.4.1/../../../../arm-none-eabi/lib/armv7-m\libg_nano.a(lib_a-reent.o)
 .debug_frame   0x00002128       0x20 c:/program files (x86)/cypress/psoc creator/4.2/psoc creator/import/gnu/arm/5.4.1/bin/../lib/gcc/arm-none-eabi/5.4.1/../../../../arm-none-eabi/lib/armv7-m\libg_nano.a(lib_a-nano-msizer.o)

.debug_str      0x00000000     0x1ead
 *(.debug_str)
 .debug_str     0x00000000      0x37c .\CortexM3\ARM_GCC_541\Debug\main.o
                                0x3c4 (size before relaxing)
 .debug_str     0x0000037c      0x173 .\CortexM3\ARM_GCC_541\Debug\cyfitter_cfg.o
                                0x30e (size before relaxing)
 .debug_str     0x000004ef       0x7f .\CortexM3\ARM_GCC_541\Debug\cymetadata.o
                                0x1e3 (size before relaxing)
 .debug_str     0x0000056e      0x13f .\CortexM3\ARM_GCC_541\Debug\Cm3Start.o
                                0x309 (size before relaxing)
 .debug_str     0x000006ad       0x63 .\CortexM3\ARM_GCC_541\Debug\teclado.a(Keypad_1_Keypad1.o)
                                0x22f (size before relaxing)
 .debug_str     0x00000710       0xe3 .\CortexM3\ARM_GCC_541\Debug\teclado.a(Keypad_1_Status_Reg.o)
                                0x290 (size before relaxing)
 .debug_str     0x000007f3      0x801 .\CortexM3\ARM_GCC_541\Debug\teclado.a(CyLib.o)
                                0xa46 (size before relaxing)
 .debug_str     0x00000ff4      0x365 .\CortexM3\ARM_GCC_541\Debug\teclado.a(cyPm.o)
                                0x732 (size before relaxing)
 .debug_str     0x00001359      0x12f .\CortexM3\ARM_GCC_541\Debug\teclado.a(LCD.o)
                                0x32a (size before relaxing)
 .debug_str     0x00001488       0xf5 .\CortexM3\ARM_GCC_541\Debug\teclado.a(isr_press.o)
                                0x2dd (size before relaxing)
 .debug_str     0x0000157d       0x5a .\CortexM3\ARM_GCC_541\Debug\teclado.a(Pin_2.o)
                                0x1e1 (size before relaxing)
 .debug_str     0x000015d7       0x7a .\CortexM3\ARM_GCC_541\Debug\teclado.a(Encoder.o)
                                0x22b (size before relaxing)
 .debug_str     0x00001651      0x167 .\CortexM3\ARM_GCC_541\Debug\teclado.a(Timer.o)
                                0x33a (size before relaxing)
 .debug_str     0x000017b8       0xc5 .\CortexM3\ARM_GCC_541\Debug\teclado.a(isr_1.o)
                                0x2a5 (size before relaxing)
 .debug_str     0x0000187d      0x126 .\CortexM3\ARM_GCC_541\Debug\teclado.a(isr_Encoder.o)
                                0x2f9 (size before relaxing)
 .debug_str     0x000019a3      0x138 .\CortexM3\ARM_GCC_541\Debug\teclado.a(PWM.o)
                                0x337 (size before relaxing)
 .debug_str     0x00001adb       0x6c .\CortexM3\ARM_GCC_541\Debug\teclado.a(sync.o)
                                0x216 (size before relaxing)
 .debug_str     0x00001b47       0xff .\CortexM3\ARM_GCC_541\Debug\teclado.a(isr_sync.o)
                                0x2cf (size before relaxing)
 .debug_str     0x00001c46      0x1bb .\CortexM3\ARM_GCC_541\Debug\teclado.a(CyFlash.o)
                                0x3bf (size before relaxing)
 .debug_str     0x00001e01       0xac .\CortexM3\ARM_GCC_541\Debug\teclado.a(CySpc.o)
                                0x337 (size before relaxing)

.debug_loc      0x00000000     0x216e
 *(.debug_loc)
 .debug_loc     0x00000000       0x9f .\CortexM3\ARM_GCC_541\Debug\main.o
 .debug_loc     0x0000009f      0x1d7 .\CortexM3\ARM_GCC_541\Debug\cyfitter_cfg.o
 .debug_loc     0x00000276      0x144 .\CortexM3\ARM_GCC_541\Debug\Cm3Start.o
 .debug_loc     0x000003ba       0x44 .\CortexM3\ARM_GCC_541\Debug\teclado.a(Keypad_1_Keypad1.o)
 .debug_loc     0x000003fe       0x44 .\CortexM3\ARM_GCC_541\Debug\teclado.a(Keypad_1_Status_Reg.o)
 .debug_loc     0x00000442      0xa11 .\CortexM3\ARM_GCC_541\Debug\teclado.a(CyLib.o)
 .debug_loc     0x00000e53      0x1e4 .\CortexM3\ARM_GCC_541\Debug\teclado.a(cyPm.o)
 .debug_loc     0x00001037      0x3c6 .\CortexM3\ARM_GCC_541\Debug\teclado.a(LCD.o)
 .debug_loc     0x000013fd       0x56 .\CortexM3\ARM_GCC_541\Debug\teclado.a(isr_press.o)
 .debug_loc     0x00001453       0x42 .\CortexM3\ARM_GCC_541\Debug\teclado.a(Pin_2.o)
 .debug_loc     0x00001495       0x84 .\CortexM3\ARM_GCC_541\Debug\teclado.a(Encoder.o)
 .debug_loc     0x00001519       0x13 .\CortexM3\ARM_GCC_541\Debug\teclado.a(Timer.o)
 .debug_loc     0x0000152c       0x56 .\CortexM3\ARM_GCC_541\Debug\teclado.a(isr_1.o)
 .debug_loc     0x00001582       0x56 .\CortexM3\ARM_GCC_541\Debug\teclado.a(isr_Encoder.o)
 .debug_loc     0x000015d8       0x26 .\CortexM3\ARM_GCC_541\Debug\teclado.a(PWM.o)
 .debug_loc     0x000015fe       0x63 .\CortexM3\ARM_GCC_541\Debug\teclado.a(sync.o)
 .debug_loc     0x00001661       0x56 .\CortexM3\ARM_GCC_541\Debug\teclado.a(isr_sync.o)
 .debug_loc     0x000016b7      0x3b2 .\CortexM3\ARM_GCC_541\Debug\teclado.a(CyFlash.o)
 .debug_loc     0x00001a69      0x705 .\CortexM3\ARM_GCC_541\Debug\teclado.a(CySpc.o)

.debug_macinfo
 *(.debug_macinfo)

.debug_ranges   0x00000000      0x900
 *(.debug_ranges)
 .debug_ranges  0x00000000       0x48 .\CortexM3\ARM_GCC_541\Debug\main.o
 .debug_ranges  0x00000048       0x48 .\CortexM3\ARM_GCC_541\Debug\cyfitter_cfg.o
 .debug_ranges  0x00000090       0x38 .\CortexM3\ARM_GCC_541\Debug\Cm3Start.o
 .debug_ranges  0x000000c8       0x20 .\CortexM3\ARM_GCC_541\Debug\teclado.a(Keypad_1_Keypad1.o)
 .debug_ranges  0x000000e8       0x30 .\CortexM3\ARM_GCC_541\Debug\teclado.a(Keypad_1_Status_Reg.o)
 .debug_ranges  0x00000118      0x290 .\CortexM3\ARM_GCC_541\Debug\teclado.a(CyLib.o)
 .debug_ranges  0x000003a8       0x88 .\CortexM3\ARM_GCC_541\Debug\teclado.a(cyPm.o)
 .debug_ranges  0x00000430       0x88 .\CortexM3\ARM_GCC_541\Debug\teclado.a(LCD.o)
 .debug_ranges  0x000004b8       0x70 .\CortexM3\ARM_GCC_541\Debug\teclado.a(isr_press.o)
 .debug_ranges  0x00000528       0x28 .\CortexM3\ARM_GCC_541\Debug\teclado.a(Pin_2.o)
 .debug_ranges  0x00000550       0x38 .\CortexM3\ARM_GCC_541\Debug\teclado.a(Encoder.o)
 .debug_ranges  0x00000588       0x80 .\CortexM3\ARM_GCC_541\Debug\teclado.a(Timer.o)
 .debug_ranges  0x00000608       0x70 .\CortexM3\ARM_GCC_541\Debug\teclado.a(isr_1.o)
 .debug_ranges  0x00000678       0x70 .\CortexM3\ARM_GCC_541\Debug\teclado.a(isr_Encoder.o)
 .debug_ranges  0x000006e8       0x88 .\CortexM3\ARM_GCC_541\Debug\teclado.a(PWM.o)
 .debug_ranges  0x00000770       0x38 .\CortexM3\ARM_GCC_541\Debug\teclado.a(sync.o)
 .debug_ranges  0x000007a8       0x70 .\CortexM3\ARM_GCC_541\Debug\teclado.a(isr_sync.o)
 .debug_ranges  0x00000818       0x78 .\CortexM3\ARM_GCC_541\Debug\teclado.a(CyFlash.o)
 .debug_ranges  0x00000890       0x70 .\CortexM3\ARM_GCC_541\Debug\teclado.a(CySpc.o)

.comment        0x00000000       0x6e
 .comment       0x00000000       0x6e .\CortexM3\ARM_GCC_541\Debug\main.o
                                 0x6f (size before relaxing)
 .comment       0x0000006e       0x6f .\CortexM3\ARM_GCC_541\Debug\cyfitter_cfg.o
 .comment       0x0000006e       0x6f .\CortexM3\ARM_GCC_541\Debug\cymetadata.o
 .comment       0x0000006e       0x6f .\CortexM3\ARM_GCC_541\Debug\Cm3Start.o
 .comment       0x0000006e       0x6f .\CortexM3\ARM_GCC_541\Debug\teclado.a(Keypad_1_Keypad1.o)
 .comment       0x0000006e       0x6f .\CortexM3\ARM_GCC_541\Debug\teclado.a(Keypad_1_Status_Reg.o)
 .comment       0x0000006e       0x6f .\CortexM3\ARM_GCC_541\Debug\teclado.a(CyLib.o)
 .comment       0x0000006e       0x6f .\CortexM3\ARM_GCC_541\Debug\teclado.a(cyPm.o)
 .comment       0x0000006e       0x6f .\CortexM3\ARM_GCC_541\Debug\teclado.a(LCD.o)
 .comment       0x0000006e       0x6f .\CortexM3\ARM_GCC_541\Debug\teclado.a(isr_press.o)
 .comment       0x0000006e       0x6f .\CortexM3\ARM_GCC_541\Debug\teclado.a(Pin_2.o)
 .comment       0x0000006e       0x6f .\CortexM3\ARM_GCC_541\Debug\teclado.a(Encoder.o)
 .comment       0x0000006e       0x6f .\CortexM3\ARM_GCC_541\Debug\teclado.a(Timer.o)
 .comment       0x0000006e       0x6f .\CortexM3\ARM_GCC_541\Debug\teclado.a(isr_1.o)
 .comment       0x0000006e       0x6f .\CortexM3\ARM_GCC_541\Debug\teclado.a(isr_Encoder.o)
 .comment       0x0000006e       0x6f .\CortexM3\ARM_GCC_541\Debug\teclado.a(PWM.o)
 .comment       0x0000006e       0x6f .\CortexM3\ARM_GCC_541\Debug\teclado.a(sync.o)
 .comment       0x0000006e       0x6f .\CortexM3\ARM_GCC_541\Debug\teclado.a(isr_sync.o)
 .comment       0x0000006e       0x6f .\CortexM3\ARM_GCC_541\Debug\teclado.a(CyFlash.o)
 .comment       0x0000006e       0x6f .\CortexM3\ARM_GCC_541\Debug\teclado.a(CySpc.o)

.debug_weaknames
 *(.debug_weaknames)

.debug_funcnames
 *(.debug_funcnames)

.debug_typenames
 *(.debug_typenames)

.debug_varnames
 *(.debug_varnames)

.note.gnu.arm.ident
 *(.note.gnu.arm.ident)

.ARM.attributes
                0x00000000       0x29
 *(.ARM.attributes)
 .ARM.attributes
                0x00000000       0x1d c:/program files (x86)/cypress/psoc creator/4.2/psoc creator/import/gnu/arm/5.4.1/bin/../lib/gcc/arm-none-eabi/5.4.1/armv7-m/crti.o
 .ARM.attributes
                0x0000001d       0x2d c:/program files (x86)/cypress/psoc creator/4.2/psoc creator/import/gnu/arm/5.4.1/bin/../lib/gcc/arm-none-eabi/5.4.1/armv7-m/crtbegin.o
 .ARM.attributes
                0x0000004a       0x1b c:/program files (x86)/cypress/psoc creator/4.2/psoc creator/import/gnu/arm/5.4.1/bin/../lib/gcc/arm-none-eabi/5.4.1/../../../../arm-none-eabi/lib/armv7-m/crt0.o
 .ARM.attributes
                0x00000065       0x33 .\CortexM3\ARM_GCC_541\Debug\main.o
 .ARM.attributes
                0x00000098       0x33 .\CortexM3\ARM_GCC_541\Debug\cyfitter_cfg.o
 .ARM.attributes
                0x000000cb       0x33 .\CortexM3\ARM_GCC_541\Debug\cymetadata.o
 .ARM.attributes
                0x000000fe       0x33 .\CortexM3\ARM_GCC_541\Debug\Cm3Start.o
 .ARM.attributes
                0x00000131       0x33 .\CortexM3\ARM_GCC_541\Debug\teclado.a(Keypad_1_Keypad1.o)
 .ARM.attributes
                0x00000164       0x33 .\CortexM3\ARM_GCC_541\Debug\teclado.a(Keypad_1_Status_Reg.o)
 .ARM.attributes
                0x00000197       0x33 .\CortexM3\ARM_GCC_541\Debug\teclado.a(CyLib.o)
 .ARM.attributes
                0x000001ca       0x33 .\CortexM3\ARM_GCC_541\Debug\teclado.a(cyPm.o)
 .ARM.attributes
                0x000001fd       0x33 .\CortexM3\ARM_GCC_541\Debug\teclado.a(LCD.o)
 .ARM.attributes
                0x00000230       0x33 .\CortexM3\ARM_GCC_541\Debug\teclado.a(isr_press.o)
 .ARM.attributes
                0x00000263       0x33 .\CortexM3\ARM_GCC_541\Debug\teclado.a(Pin_2.o)
 .ARM.attributes
                0x00000296       0x33 .\CortexM3\ARM_GCC_541\Debug\teclado.a(Encoder.o)
 .ARM.attributes
                0x000002c9       0x33 .\CortexM3\ARM_GCC_541\Debug\teclado.a(Timer.o)
 .ARM.attributes
                0x000002fc       0x33 .\CortexM3\ARM_GCC_541\Debug\teclado.a(isr_1.o)
 .ARM.attributes
                0x0000032f       0x33 .\CortexM3\ARM_GCC_541\Debug\teclado.a(isr_Encoder.o)
 .ARM.attributes
                0x00000362       0x33 .\CortexM3\ARM_GCC_541\Debug\teclado.a(PWM.o)
 .ARM.attributes
                0x00000395       0x33 .\CortexM3\ARM_GCC_541\Debug\teclado.a(sync.o)
 .ARM.attributes
                0x000003c8       0x33 .\CortexM3\ARM_GCC_541\Debug\teclado.a(isr_sync.o)
 .ARM.attributes
                0x000003fb       0x21 .\CortexM3\ARM_GCC_541\Debug\teclado.a(CyBootAsmGnu.o)
 .ARM.attributes
                0x0000041c       0x33 .\CortexM3\ARM_GCC_541\Debug\teclado.a(CyFlash.o)
 .ARM.attributes
                0x0000044f       0x33 .\CortexM3\ARM_GCC_541\Debug\teclado.a(CySpc.o)
 .ARM.attributes
                0x00000482       0x2d c:/program files (x86)/cypress/psoc creator/4.2/psoc creator/import/gnu/arm/5.4.1/bin/../lib/gcc/arm-none-eabi/5.4.1/../../../../arm-none-eabi/lib/armv7-m\libg_nano.a(lib_a-errno.o)
 .ARM.attributes
                0x000004af       0x2d c:/program files (x86)/cypress/psoc creator/4.2/psoc creator/import/gnu/arm/5.4.1/bin/../lib/gcc/arm-none-eabi/5.4.1/../../../../arm-none-eabi/lib/armv7-m\libg_nano.a(lib_a-exit.o)
 .ARM.attributes
                0x000004dc       0x2d c:/program files (x86)/cypress/psoc creator/4.2/psoc creator/import/gnu/arm/5.4.1/bin/../lib/gcc/arm-none-eabi/5.4.1/../../../../arm-none-eabi/lib/armv7-m\libg_nano.a(lib_a-impure.o)
 .ARM.attributes
                0x00000509       0x2d c:/program files (x86)/cypress/psoc creator/4.2/psoc creator/import/gnu/arm/5.4.1/bin/../lib/gcc/arm-none-eabi/5.4.1/../../../../arm-none-eabi/lib/armv7-m\libg_nano.a(lib_a-init.o)
 .ARM.attributes
                0x00000536       0x2d c:/program files (x86)/cypress/psoc creator/4.2/psoc creator/import/gnu/arm/5.4.1/bin/../lib/gcc/arm-none-eabi/5.4.1/../../../../arm-none-eabi/lib/armv7-m\libg_nano.a(lib_a-memcpy-stub.o)
 .ARM.attributes
                0x00000563       0x2d c:/program files (x86)/cypress/psoc creator/4.2/psoc creator/import/gnu/arm/5.4.1/bin/../lib/gcc/arm-none-eabi/5.4.1/../../../../arm-none-eabi/lib/armv7-m\libg_nano.a(lib_a-memset.o)
 .ARM.attributes
                0x00000590       0x2d c:/program files (x86)/cypress/psoc creator/4.2/psoc creator/import/gnu/arm/5.4.1/bin/../lib/gcc/arm-none-eabi/5.4.1/../../../../arm-none-eabi/lib/armv7-m\libg_nano.a(lib_a-nano-vfprintf_float.o)
 .ARM.attributes
                0x000005bd       0x2d c:/program files (x86)/cypress/psoc creator/4.2/psoc creator/import/gnu/arm/5.4.1/bin/../lib/gcc/arm-none-eabi/5.4.1/../../../../arm-none-eabi/lib/armv7-m\libg_nano.a(lib_a-nano-vfprintf_i.o)
 .ARM.attributes
                0x000005ea       0x2d c:/program files (x86)/cypress/psoc creator/4.2/psoc creator/import/gnu/arm/5.4.1/bin/../lib/gcc/arm-none-eabi/5.4.1/../../../../arm-none-eabi/lib/armv7-m\libg_nano.a(lib_a-sprintf.o)
 .ARM.attributes
                0x00000617       0x17 c:/program files (x86)/cypress/psoc creator/4.2/psoc creator/import/gnu/arm/5.4.1/bin/../lib/gcc/arm-none-eabi/5.4.1/../../../../arm-none-eabi/lib/armv7-m\libg_nano.a(lib_a-strlen.o)
 .ARM.attributes
                0x0000062e       0x2d c:/program files (x86)/cypress/psoc creator/4.2/psoc creator/import/gnu/arm/5.4.1/bin/../lib/gcc/arm-none-eabi/5.4.1/../../../../arm-none-eabi/lib/armv7-m\libg_nano.a(lib_a-dtoa.o)
 .ARM.attributes
                0x0000065b       0x2d c:/program files (x86)/cypress/psoc creator/4.2/psoc creator/import/gnu/arm/5.4.1/bin/../lib/gcc/arm-none-eabi/5.4.1/../../../../arm-none-eabi/lib/armv7-m\libg_nano.a(lib_a-locale.o)
 .ARM.attributes
                0x00000688       0x2d c:/program files (x86)/cypress/psoc creator/4.2/psoc creator/import/gnu/arm/5.4.1/bin/../lib/gcc/arm-none-eabi/5.4.1/../../../../arm-none-eabi/lib/armv7-m\libg_nano.a(lib_a-malloc.o)
 .ARM.attributes
                0x000006b5       0x2d c:/program files (x86)/cypress/psoc creator/4.2/psoc creator/import/gnu/arm/5.4.1/bin/../lib/gcc/arm-none-eabi/5.4.1/../../../../arm-none-eabi/lib/armv7-m\libg_nano.a(lib_a-memchr-stub.o)
 .ARM.attributes
                0x000006e2       0x2d c:/program files (x86)/cypress/psoc creator/4.2/psoc creator/import/gnu/arm/5.4.1/bin/../lib/gcc/arm-none-eabi/5.4.1/../../../../arm-none-eabi/lib/armv7-m\libg_nano.a(lib_a-mprec.o)
 .ARM.attributes
                0x0000070f       0x2d c:/program files (x86)/cypress/psoc creator/4.2/psoc creator/import/gnu/arm/5.4.1/bin/../lib/gcc/arm-none-eabi/5.4.1/../../../../arm-none-eabi/lib/armv7-m\libg_nano.a(lib_a-nano-callocr.o)
 .ARM.attributes
                0x0000073c       0x2d c:/program files (x86)/cypress/psoc creator/4.2/psoc creator/import/gnu/arm/5.4.1/bin/../lib/gcc/arm-none-eabi/5.4.1/../../../../arm-none-eabi/lib/armv7-m\libg_nano.a(lib_a-nano-freer.o)
 .ARM.attributes
                0x00000769       0x2d c:/program files (x86)/cypress/psoc creator/4.2/psoc creator/import/gnu/arm/5.4.1/bin/../lib/gcc/arm-none-eabi/5.4.1/../../../../arm-none-eabi/lib/armv7-m\libg_nano.a(lib_a-nano-mallocr.o)
 .ARM.attributes
                0x00000796       0x2d c:/program files (x86)/cypress/psoc creator/4.2/psoc creator/import/gnu/arm/5.4.1/bin/../lib/gcc/arm-none-eabi/5.4.1/../../../../arm-none-eabi/lib/armv7-m\libg_nano.a(lib_a-nano-svfprintf.o)
 .ARM.attributes
                0x000007c3       0x2d c:/program files (x86)/cypress/psoc creator/4.2/psoc creator/import/gnu/arm/5.4.1/bin/../lib/gcc/arm-none-eabi/5.4.1/../../../../arm-none-eabi/lib/armv7-m\libg_nano.a(lib_a-sbrkr.o)
 .ARM.attributes
                0x000007f0       0x1b c:/program files (x86)/cypress/psoc creator/4.2/psoc creator/import/gnu/arm/5.4.1/bin/../lib/gcc/arm-none-eabi/5.4.1/../../../../arm-none-eabi/lib/armv7-m\libg_nano.a(lib_a-strcmp.o)
 .ARM.attributes
                0x0000080b       0x2d c:/program files (x86)/cypress/psoc creator/4.2/psoc creator/import/gnu/arm/5.4.1/bin/../lib/gcc/arm-none-eabi/5.4.1/../../../../arm-none-eabi/lib/armv7-m\libg_nano.a(lib_a-memmove.o)
 .ARM.attributes
                0x00000838       0x2d c:/program files (x86)/cypress/psoc creator/4.2/psoc creator/import/gnu/arm/5.4.1/bin/../lib/gcc/arm-none-eabi/5.4.1/../../../../arm-none-eabi/lib/armv7-m\libg_nano.a(lib_a-mlock.o)
 .ARM.attributes
                0x00000865       0x2d c:/program files (x86)/cypress/psoc creator/4.2/psoc creator/import/gnu/arm/5.4.1/bin/../lib/gcc/arm-none-eabi/5.4.1/../../../../arm-none-eabi/lib/armv7-m\libg_nano.a(lib_a-nano-reallocr.o)
 .ARM.attributes
                0x00000892       0x2d c:/program files (x86)/cypress/psoc creator/4.2/psoc creator/import/gnu/arm/5.4.1/bin/../lib/gcc/arm-none-eabi/5.4.1/../../../../arm-none-eabi/lib/armv7-m\libg_nano.a(lib_a-reent.o)
 .ARM.attributes
                0x000008bf       0x2d c:/program files (x86)/cypress/psoc creator/4.2/psoc creator/import/gnu/arm/5.4.1/bin/../lib/gcc/arm-none-eabi/5.4.1/../../../../arm-none-eabi/lib/armv7-m\libg_nano.a(lib_a-nano-msizer.o)
 .ARM.attributes
                0x000008ec       0x1d c:/program files (x86)/cypress/psoc creator/4.2/psoc creator/import/gnu/arm/5.4.1/bin/../lib/gcc/arm-none-eabi/5.4.1/armv7-m\libgcc.a(_arm_addsubdf3.o)
 .ARM.attributes
                0x00000909       0x1d c:/program files (x86)/cypress/psoc creator/4.2/psoc creator/import/gnu/arm/5.4.1/bin/../lib/gcc/arm-none-eabi/5.4.1/armv7-m\libgcc.a(_arm_muldivdf3.o)
 .ARM.attributes
                0x00000926       0x1d c:/program files (x86)/cypress/psoc creator/4.2/psoc creator/import/gnu/arm/5.4.1/bin/../lib/gcc/arm-none-eabi/5.4.1/armv7-m\libgcc.a(_arm_cmpdf2.o)
 .ARM.attributes
                0x00000943       0x1d c:/program files (x86)/cypress/psoc creator/4.2/psoc creator/import/gnu/arm/5.4.1/bin/../lib/gcc/arm-none-eabi/5.4.1/armv7-m\libgcc.a(_arm_unorddf2.o)
 .ARM.attributes
                0x00000960       0x1d c:/program files (x86)/cypress/psoc creator/4.2/psoc creator/import/gnu/arm/5.4.1/bin/../lib/gcc/arm-none-eabi/5.4.1/armv7-m\libgcc.a(_arm_fixdfsi.o)
 .ARM.attributes
                0x0000097d       0x2d c:/program files (x86)/cypress/psoc creator/4.2/psoc creator/import/gnu/arm/5.4.1/bin/../lib/gcc/arm-none-eabi/5.4.1/armv7-m/crtend.o
 .ARM.attributes
                0x000009aa       0x1d c:/program files (x86)/cypress/psoc creator/4.2/psoc creator/import/gnu/arm/5.4.1/bin/../lib/gcc/arm-none-eabi/5.4.1/armv7-m/crtn.o

/DISCARD/
 *(.note.GNU-stack)
OUTPUT(C:\Users\jeanpierre\Documents\PSoC Creator\teclado\teclado.cydsn\CortexM3\ARM_GCC_541\Debug\teclado.elf elf32-littlearm)
