Archive member included to satisfy reference by file (symbol)

.\CortexM3\ARM_GCC_541\Debug\teclado.a(Keypad_1_Keypad1.o)
                              .\CortexM3\ARM_GCC_541\Debug\main.o (Keypad_1_GetButton)
.\CortexM3\ARM_GCC_541\Debug\teclado.a(Keypad_1_Status_Reg.o)
                              .\CortexM3\ARM_GCC_541\Debug\teclado.a(Keypad_1_Keypad1.o) (Keypad_1_Status_Reg_Read)
.\CortexM3\ARM_GCC_541\Debug\teclado.a(CyLib.o)
                              .\CortexM3\ARM_GCC_541\Debug\Cm3Start.o (CyHalt)
.\CortexM3\ARM_GCC_541\Debug\teclado.a(cyPm.o)
                              .\CortexM3\ARM_GCC_541\Debug\teclado.a(CyLib.o) (CyPmReadStatus)
.\CortexM3\ARM_GCC_541\Debug\teclado.a(LCD.o)
                              .\CortexM3\ARM_GCC_541\Debug\main.o (LCD_PrintString)
.\CortexM3\ARM_GCC_541\Debug\teclado.a(isr_press.o)
                              .\CortexM3\ARM_GCC_541\Debug\main.o (isr_press_StartEx)
.\CortexM3\ARM_GCC_541\Debug\teclado.a(Encoder.o)
                              .\CortexM3\ARM_GCC_541\Debug\main.o (Encoder_Read)
.\CortexM3\ARM_GCC_541\Debug\teclado.a(Timer.o)
                              .\CortexM3\ARM_GCC_541\Debug\main.o (Timer_Start)
.\CortexM3\ARM_GCC_541\Debug\teclado.a(isr_1.o)
                              .\CortexM3\ARM_GCC_541\Debug\main.o (isr_1_StartEx)
.\CortexM3\ARM_GCC_541\Debug\teclado.a(isr_Encoder.o)
                              .\CortexM3\ARM_GCC_541\Debug\main.o (isr_Encoder_StartEx)
.\CortexM3\ARM_GCC_541\Debug\teclado.a(PWM.o)
                              .\CortexM3\ARM_GCC_541\Debug\main.o (PWM_WriteCompare)
.\CortexM3\ARM_GCC_541\Debug\teclado.a(sync.o)
                              .\CortexM3\ARM_GCC_541\Debug\main.o (sync_ClearInterrupt)
.\CortexM3\ARM_GCC_541\Debug\teclado.a(isr_sync.o)
                              .\CortexM3\ARM_GCC_541\Debug\main.o (isr_sync_StartEx)
.\CortexM3\ARM_GCC_541\Debug\teclado.a(CyBootAsmGnu.o)
                              .\CortexM3\ARM_GCC_541\Debug\cyfitter_cfg.o (CyDelayCycles)
.\CortexM3\ARM_GCC_541\Debug\teclado.a(CyFlash.o)
                              .\CortexM3\ARM_GCC_541\Debug\teclado.a(cyPm.o) (CyFlash_SetWaitCycles)
.\CortexM3\ARM_GCC_541\Debug\teclado.a(CySpc.o)
                              .\CortexM3\ARM_GCC_541\Debug\teclado.a(CyFlash.o) (CySpcStart)
c:/program files (x86)/cypress/psoc creator/4.2/psoc creator/import/gnu/arm/5.4.1/bin/../lib/gcc/arm-none-eabi/5.4.1/../../../../arm-none-eabi/lib/armv7-m\libg_nano.a(lib_a-errno.o)
                              .\CortexM3\ARM_GCC_541\Debug\Cm3Start.o (__errno)
c:/program files (x86)/cypress/psoc creator/4.2/psoc creator/import/gnu/arm/5.4.1/bin/../lib/gcc/arm-none-eabi/5.4.1/../../../../arm-none-eabi/lib/armv7-m\libg_nano.a(lib_a-exit.o)
                              c:/program files (x86)/cypress/psoc creator/4.2/psoc creator/import/gnu/arm/5.4.1/bin/../lib/gcc/arm-none-eabi/5.4.1/../../../../arm-none-eabi/lib/armv7-m/crt0.o (exit)
c:/program files (x86)/cypress/psoc creator/4.2/psoc creator/import/gnu/arm/5.4.1/bin/../lib/gcc/arm-none-eabi/5.4.1/../../../../arm-none-eabi/lib/armv7-m\libg_nano.a(lib_a-impure.o)
                              c:/program files (x86)/cypress/psoc creator/4.2/psoc creator/import/gnu/arm/5.4.1/bin/../lib/gcc/arm-none-eabi/5.4.1/../../../../arm-none-eabi/lib/armv7-m\libg_nano.a(lib_a-exit.o) (_global_impure_ptr)
c:/program files (x86)/cypress/psoc creator/4.2/psoc creator/import/gnu/arm/5.4.1/bin/../lib/gcc/arm-none-eabi/5.4.1/../../../../arm-none-eabi/lib/armv7-m\libg_nano.a(lib_a-init.o)
                              c:/program files (x86)/cypress/psoc creator/4.2/psoc creator/import/gnu/arm/5.4.1/bin/../lib/gcc/arm-none-eabi/5.4.1/../../../../arm-none-eabi/lib/armv7-m/crt0.o (__libc_init_array)
c:/program files (x86)/cypress/psoc creator/4.2/psoc creator/import/gnu/arm/5.4.1/bin/../lib/gcc/arm-none-eabi/5.4.1/../../../../arm-none-eabi/lib/armv7-m\libg_nano.a(lib_a-memcpy-stub.o)
                              .\CortexM3\ARM_GCC_541\Debug\cyfitter_cfg.o (memcpy)
c:/program files (x86)/cypress/psoc creator/4.2/psoc creator/import/gnu/arm/5.4.1/bin/../lib/gcc/arm-none-eabi/5.4.1/../../../../arm-none-eabi/lib/armv7-m\libg_nano.a(lib_a-memset.o)
                              c:/program files (x86)/cypress/psoc creator/4.2/psoc creator/import/gnu/arm/5.4.1/bin/../lib/gcc/arm-none-eabi/5.4.1/../../../../arm-none-eabi/lib/armv7-m/crt0.o (memset)
c:/program files (x86)/cypress/psoc creator/4.2/psoc creator/import/gnu/arm/5.4.1/bin/../lib/gcc/arm-none-eabi/5.4.1/../../../../arm-none-eabi/lib/armv7-m\libg_nano.a(lib_a-nano-vfprintf_float.o)
                              (_printf_float)
c:/program files (x86)/cypress/psoc creator/4.2/psoc creator/import/gnu/arm/5.4.1/bin/../lib/gcc/arm-none-eabi/5.4.1/../../../../arm-none-eabi/lib/armv7-m\libg_nano.a(lib_a-nano-vfprintf_i.o)
[...]
Memory Configuration

Name             Origin             Length             Attributes
rom              0x00000000         0x00040000         xr
ram              0x1fff8000         0x00010000         xrw
*default*        0x00000000         0xffffffff

Linker script and memory map

LOAD c:/program files (x86)/cypress/psoc creator/4.2/psoc creator/import/gnu/arm/5.4.1/bin/../lib/gcc/arm-none-eabi/5.4.1/armv7-m/crti.o
LOAD c:/program files (x86)/cypress/psoc creator/4.2/psoc creator/import/gnu/arm/5.4.1/bin/../lib/gcc/arm-none-eabi/5.4.1/armv7-m/crtbegin.o
LOAD c:/program files (x86)/cypress/psoc creator/4.2/psoc creator/import/gnu/arm/5.4.1/bin/../lib/gcc/arm-none-eabi/5.4.1/../../../../arm-none-eabi/lib/armv7-m/crt0.o
START GROUP
LOAD .\CortexM3\ARM_GCC_541\Debug\main.o
LOAD .\CortexM3\ARM_GCC_541\Debug\cyfitter_cfg.o
LOAD .\CortexM3\ARM_GCC_541\Debug\cymetadata.o
LOAD .\CortexM3\ARM_GCC_541\Debug\Cm3Start.o
LOAD .\CortexM3\ARM_GCC_541\Debug\teclado.a
LOAD C:\Program Files (x86)\Cypress\PSoC Creator\4.2\PSoC Creator\psoc\content\cycomponentlibrary\CyComponentLibrary.cylib\CortexM3\ARM_GCC_541\Debug\CyComponentLibrary.a
END GROUP
START GROUP
LOAD c:/program files (x86)/cypress/psoc creator/4.2/psoc creator/import/gnu/arm/5.4.1/bin/../lib/gcc/arm-none-eabi/5.4.1/armv7-m\libgcc.a
LOAD c:/program files (x86)/cypress/psoc creator/4.2/psoc creator/import/gnu/arm/5.4.1/bin/../lib/gcc/arm-none-eabi/5.4.1/../../../../arm-none-eabi/lib/armv7-m\libg_nano.a
LOAD c:/program files (x86)/cypress/psoc creator/4.2/psoc creator/import/gnu/arm/5.4.1/bin/../lib/gcc/arm-none-eabi/5.4.1/../../../../arm-none-eabi/lib/armv7-m\libc_nano.a
END GROUP
START GROUP
LOAD c:/program files (x86)/cypress/psoc creator/4.2/psoc creator/import/gnu/arm/5.4.1/bin/../lib/gcc/arm-none-eabi/5.4.1/armv7-m\libgcc.a
LOAD c:/program files (x86)/cypress/psoc creator/4.2/psoc creator/import/gnu/arm/5.4.1/bin/../lib/gcc/arm-none-eabi/5.4.1/../../../../arm-none-eabi/lib/armv7-m\libc_nano.a
END GROUP
LOAD c:/program files (x86)/cypress/psoc creator/4.2/psoc creator/import/gnu/arm/5.4.1/bin/../lib/gcc/arm-none-eabi/5.4.1/armv7-m/crtend.o
LOAD c:/program files (x86)/cypress/psoc creator/4.2/psoc creator/import/gnu/arm/5.4.1/bin/../lib/gcc/arm-none-eabi/5.4.1/armv7-m/crtn.o
START GROUP
LOAD c:/program files (x86)/cypress/psoc creator/4.2/psoc creator/import/gnu/arm/5.4.1/bin/../lib/gcc/arm-none-eabi/5.4.1/armv7-m\libgcc.a
LOAD c:/program files (x86)/cypress/psoc creator/4.2/psoc creator/import/gnu/arm/5.4.1/bin/../lib/gcc/arm-none-eabi/5.4.1/../../../../arm-none-eabi/lib/armv7-m\libc.a
LOAD c:/program files (x86)/cypress/psoc creator/4.2/psoc creator/import/gnu/arm/5.4.1/bin/../lib/gcc/arm-none-eabi/5.4.1/../../../../arm-none-eabi/lib/armv7-m\libnosys.a
END GROUP
                0x00000000                CY_APPL_ORIGIN = 0x0
                0x00000100                CY_FLASH_ROW_SIZE = 0x100
                0x00000020                CY_ECC_ROW_SIZE = 0x20
                0x00000000                CY_EE_IN_BTLDR = 0x0
                0x00000000                CY_APPL_LOADABLE = 0x0
                0x00000800                CY_EE_SIZE = 0x800
                0x00000001                CY_APPL_NUM = 0x1
                0x00000001                CY_APPL_MAX = 0x1
                0x00000040                CY_METADATA_SIZE = 0x40
                0x00000000                CY_APPL_LOADABLE = 0x0
                0x00000000                CY_CHECKSUM_EXCLUDE_SIZE = ALIGN (0x0, CY_FLASH_ROW_SIZE)
                [!provide]                PROVIDE (__cy_heap_start, _end)
                0x00000001                PROVIDE (__cy_region_num, ((__cy_regions_end - __cy_regions) / 0x10))
                0x20008000                PROVIDE (__cy_stack, (ORIGIN (ram) + LENGTH (ram)))
                [!provide]                PROVIDE (__cy_heap_end, (__cy_stack - 0x800))

.cybootloader   0x00000000        0x0
 *(.cybootloader)
                0x00000000                appl1_start = CY_APPL_ORIGIN?CY_APPL_ORIGIN:ALIGN (CY_FLASH_ROW_SIZE)
                0x0001ff00                appl2_start = (appl1_start + ALIGN ((((LENGTH (rom) - appl1_start) - (0x2 * CY_FLASH_ROW_SIZE)) / 0x2), CY_FLASH_ROW_SIZE))
                0x00000000                appl_start = (CY_APPL_NUM == 0x1)?appl1_start:appl2_start
                0x00000000                ecc_offset = ((appl_start / CY_FLASH_ROW_SIZE) * CY_ECC_ROW_SIZE)
                0x00000000                ee_offset = (CY_APPL_LOADABLE && ! (CY_EE_IN_BTLDR))?((CY_EE_SIZE / CY_APPL_MAX) * (CY_APPL_NUM - 0x1)):0x0
                0x00000800                ee_size = (CY_APPL_LOADABLE && ! (CY_EE_IN_BTLDR))?(CY_EE_SIZE / CY_APPL_MAX):CY_EE_SIZE
                [!provide]                PROVIDE (CY_ECC_OFFSET, ecc_offset)

.text           0x00000000     0x3668
 CREATE_OBJECT_SYMBOLS
                0x00000000                PROVIDE (__cy_interrupt_vector, RomVectors)
 *(.romvectors)
 .romvectors    0x00000000       0x10 .\CortexM3\ARM_GCC_541\Debug\Cm3Start.o
                0x00000000                RomVectors
                0x00000001                ASSERT ((. != __cy_interrupt_vector), No interrupt vector)
                0x00000001                ASSERT (CY_APPL_ORIGIN?(SIZEOF (.cybootloader) <= CY_APPL_ORIGIN):0x1, Wrong image location)
                0x00000010                PROVIDE (__cy_reset, Reset)
 *(.text.Reset)
 .text.Reset    0x00000010       0x18 .\CortexM3\ARM_GCC_541\Debug\Cm3Start.o
                0x00000010                Reset
                0x00000001                ASSERT ((. != __cy_reset), No reset code)
 *(.dma_init)
                0x00000001                ASSERT ((((appl_start + .) <= 0x10000) || 0x1), DMA Init must be within the first 64k of flash)
 *(.text .text.* .gnu.linkonce.t.*)
 .text          0x00000028       0x5c c:/program files (x86)/cypress/psoc creator/4.2/psoc creator/import/gnu/arm/5.4.1/bin/../lib/gcc/arm-none-eabi/5.4.1/armv7-m/crtbegin.o
 .text.Timer_ISR
                0x00000084       0x48 .\CortexM3\ARM_GCC_541\Debug\main.o
                0x00000084                Timer_ISR
 .text.Encoder_ISR
                0x000000cc       0x2c .\CortexM3\ARM_GCC_541\Debug\main.o
                0x000000cc                Encoder_ISR
 .text.sync     0x000000f8       0x20 .\CortexM3\ARM_GCC_541\Debug\main.o
                0x000000f8                sync
 .text.press_ISR
                0x00000118       0xb4 .\CortexM3\ARM_GCC_541\Debug\main.o
                0x00000118                press_ISR
 .text.Set_Speed
                0x000001cc       0x14 .\CortexM3\ARM_GCC_541\Debug\main.o
                0x000001cc                Set_Speed
 .text.main     0x000001e0       0xf8 .\CortexM3\ARM_GCC_541\Debug\main.o
                0x000001e0                main
 .text.CyClockStartupError
                0x000002d8        0x4 .\CortexM3\ARM_GCC_541\Debug\cyfitter_cfg.o
 .text.cfg_write_bytes32
                0x000002dc       0x34 .\CortexM3\ARM_GCC_541\Debug\cyfitter_cfg.o
 .text.AnalogSetDefault
                0x00000310       0x28 .\CortexM3\ARM_GCC_541\Debug\cyfitter_cfg.o
 .text.CYMEMZERO
                0x00000338        0xc .\CortexM3\ARM_GCC_541\Debug\cyfitter_cfg.o
 .text.ClockSetup
                0x00000344       0xcc .\CortexM3\ARM_GCC_541\Debug\cyfitter_cfg.o
 .text.CYCONFIGCPY
                0x00000410        0x8 .\CortexM3\ARM_GCC_541\Debug\cyfitter_cfg.o
 .text.cyfitter_cfg
                0x00000418      0x114 .\CortexM3\ARM_GCC_541\Debug\cyfitter_cfg.o
                0x00000418                cyfitter_cfg
 .text.IntDefaultHandler
                0x0000052c       0x10 .\CortexM3\ARM_GCC_541\Debug\Cm3Start.o
                0x0000052c                IntDefaultHandler
 .text._sbrk    0x0000053c       0x30 .\CortexM3\ARM_GCC_541\Debug\Cm3Start.o
                0x0000053c                _sbrk
 .text.Start_c  0x0000056c       0x4c .\CortexM3\ARM_GCC_541\Debug\Cm3Start.o
                0x0000056c                Start_c
 .text.initialize_psoc
                0x000005b8       0x68 .\CortexM3\ARM_GCC_541\Debug\Cm3Start.o
                0x000005b8                initialize_psoc
 .text.Keypad_1_GetCol
                0x00000620       0x24 .\CortexM3\ARM_GCC_541\Debug\teclado.a(Keypad_1_Keypad1.o)
                0x00000620                Keypad_1_GetCol
 .text.Keypad_1_GetRow
                0x00000644       0x24 .\CortexM3\ARM_GCC_541\Debug\teclado.a(Keypad_1_Keypad1.o)
                0x00000644                Keypad_1_GetRow
 .text.Keypad_1_GetButton
                0x00000668       0x28 .\CortexM3\ARM_GCC_541\Debug\teclado.a(Keypad_1_Keypad1.o)
                0x00000668                Keypad_1_GetButton
 .text.Keypad_1_Status_Reg_Read
                0x00000690        0xc .\CortexM3\ARM_GCC_541\Debug\teclado.a(Keypad_1_Status_Reg.o)
                0x00000690                Keypad_1_Status_Reg_Read
 .text.CyDelay  0x0000069c       0x2c .\CortexM3\ARM_GCC_541\Debug\teclado.a(CyLib.o)
                0x0000069c                CyDelay
 .text.CyDelayUs
                0x000006c8       0x14 .\CortexM3\ARM_GCC_541\Debug\teclado.a(CyLib.o)
                0x000006c8                CyDelayUs
 .text.LCD_WrCntrlNib
                0x000006dc       0x34 .\CortexM3\ARM_GCC_541\Debug\teclado.a(LCD.o)
 .text.LCD_WrDatNib
                0x00000710       0x44 .\CortexM3\ARM_GCC_541\Debug\teclado.a(LCD.o)
 .text.LCD_IsReady
                0x00000754       0xe4 .\CortexM3\ARM_GCC_541\Debug\teclado.a(LCD.o)
                0x00000754                LCD_IsReady
 .text.LCD_WriteData
                0x00000838       0x18 .\CortexM3\ARM_GCC_541\Debug\teclado.a(LCD.o)
                0x00000838                LCD_WriteData
 .text.LCD_PrintString
                0x00000850       0x1c .\CortexM3\ARM_GCC_541\Debug\teclado.a(LCD.o)
                0x00000850                LCD_PrintString
 .text.LCD_PutChar
                0x0000086c        0x8 .\CortexM3\ARM_GCC_541\Debug\teclado.a(LCD.o)
                0x0000086c                LCD_PutChar
 .text.LCD_WriteControl
                0x00000874       0x18 .\CortexM3\ARM_GCC_541\Debug\teclado.a(LCD.o)
                0x00000874                LCD_WriteControl
 .text.LCD_Init
                0x0000088c       0x6c .\CortexM3\ARM_GCC_541\Debug\teclado.a(LCD.o)
                0x0000088c                LCD_Init
 .text.LCD_Enable
                0x000008f8       0x14 .\CortexM3\ARM_GCC_541\Debug\teclado.a(LCD.o)
                0x000008f8                LCD_Enable
 .text.LCD_Start
                0x0000090c       0x1c .\CortexM3\ARM_GCC_541\Debug\teclado.a(LCD.o)
                0x0000090c                LCD_Start
 .text.LCD_Position
                0x00000928       0x3c .\CortexM3\ARM_GCC_541\Debug\teclado.a(LCD.o)
                0x00000928                LCD_Position
 .text.isr_press_SetVector
                0x00000964        0xc .\CortexM3\ARM_GCC_541\Debug\teclado.a(isr_press.o)
                0x00000964                isr_press_SetVector
 .text.isr_press_SetPriority
                0x00000970       0x10 .\CortexM3\ARM_GCC_541\Debug\teclado.a(isr_press.o)
                0x00000970                isr_press_SetPriority
 .text.isr_press_Enable
                0x00000980        0xc .\CortexM3\ARM_GCC_541\Debug\teclado.a(isr_press.o)
                0x00000980                isr_press_Enable
 .text.isr_press_Disable
                0x0000098c        0xc .\CortexM3\ARM_GCC_541\Debug\teclado.a(isr_press.o)
                0x0000098c                isr_press_Disable
 .text.isr_press_StartEx
                0x00000998       0x1c .\CortexM3\ARM_GCC_541\Debug\teclado.a(isr_press.o)
                0x00000998                isr_press_StartEx
 .text.isr_press_ClearPending
                0x000009b4        0xc .\CortexM3\ARM_GCC_541\Debug\teclado.a(isr_press.o)
                0x000009b4                isr_press_ClearPending
 .text.Encoder_Read
                0x000009c0       0x10 .\CortexM3\ARM_GCC_541\Debug\teclado.a(Encoder.o)
                0x000009c0                Encoder_Read
 .text.Encoder_ClearInterrupt
                0x000009d0       0x10 .\CortexM3\ARM_GCC_541\Debug\teclado.a(Encoder.o)
                0x000009d0                Encoder_ClearInterrupt
 .text.Timer_Enable
                0x000009e0       0x10 .\CortexM3\ARM_GCC_541\Debug\teclado.a(Timer.o)
                0x000009e0                Timer_Enable
 .text.Timer_SetInterruptMode
                0x000009f0        0xc .\CortexM3\ARM_GCC_541\Debug\teclado.a(Timer.o)
                0x000009f0                Timer_SetInterruptMode
 .text.Timer_ReadStatusRegister
                0x000009fc        0xc .\CortexM3\ARM_GCC_541\Debug\teclado.a(Timer.o)
                0x000009fc                Timer_ReadStatusRegister
 .text.Timer_WritePeriod
                0x00000a08        0xc .\CortexM3\ARM_GCC_541\Debug\teclado.a(Timer.o)
                0x00000a08                Timer_WritePeriod
 .text.Timer_ReadCapture
                0x00000a14        0xc .\CortexM3\ARM_GCC_541\Debug\teclado.a(Timer.o)
                0x00000a14                Timer_ReadCapture
 .text.Timer_WriteCounter
                0x00000a20        0xc .\CortexM3\ARM_GCC_541\Debug\teclado.a(Timer.o)
                0x00000a20                Timer_WriteCounter
 .text.Timer_ClearFIFO
                0x00000a2c       0x14 .\CortexM3\ARM_GCC_541\Debug\teclado.a(Timer.o)
                0x00000a2c                Timer_ClearFIFO
 .text.Timer_Init
                0x00000a40       0x34 .\CortexM3\ARM_GCC_541\Debug\teclado.a(Timer.o)
                0x00000a40                Timer_Init
 .text.Timer_Start
                0x00000a74       0x1c .\CortexM3\ARM_GCC_541\Debug\teclado.a(Timer.o)
                0x00000a74                Timer_Start
 .text.isr_1_SetVector
                0x00000a90        0xc .\CortexM3\ARM_GCC_541\Debug\teclado.a(isr_1.o)
                0x00000a90                isr_1_SetVector
 .text.isr_1_SetPriority
                0x00000a9c       0x10 .\CortexM3\ARM_GCC_541\Debug\teclado.a(isr_1.o)
                0x00000a9c                isr_1_SetPriority
 .text.isr_1_Enable
                0x00000aac        0xc .\CortexM3\ARM_GCC_541\Debug\teclado.a(isr_1.o)
                0x00000aac                isr_1_Enable
 .text.isr_1_Disable
                0x00000ab8        0xc .\CortexM3\ARM_GCC_541\Debug\teclado.a(isr_1.o)
                0x00000ab8                isr_1_Disable
 .text.isr_1_StartEx
                0x00000ac4       0x1c .\CortexM3\ARM_GCC_541\Debug\teclado.a(isr_1.o)
                0x00000ac4                isr_1_StartEx
 .text.isr_1_ClearPending
                0x00000ae0        0xc .\CortexM3\ARM_GCC_541\Debug\teclado.a(isr_1.o)
                0x00000ae0                isr_1_ClearPending
 .text.isr_Encoder_SetVector
                0x00000aec        0xc .\CortexM3\ARM_GCC_541\Debug\teclado.a(isr_Encoder.o)
                0x00000aec                isr_Encoder_SetVector
 .text.isr_Encoder_SetPriority
                0x00000af8       0x10 .\CortexM3\ARM_GCC_541\Debug\teclado.a(isr_Encoder.o)
                0x00000af8                isr_Encoder_SetPriority
 .text.isr_Encoder_Enable
                0x00000b08        0xc .\CortexM3\ARM_GCC_541\Debug\teclado.a(isr_Encoder.o)
                0x00000b08                isr_Encoder_Enable
 .text.isr_Encoder_Disable
                0x00000b14        0xc .\CortexM3\ARM_GCC_541\Debug\teclado.a(isr_Encoder.o)
                0x00000b14                isr_Encoder_Disable
 .text.isr_Encoder_StartEx
                0x00000b20       0x1c .\CortexM3\ARM_GCC_541\Debug\teclado.a(isr_Encoder.o)
                0x00000b20                isr_Encoder_StartEx
 .text.PWM_Enable
                0x00000b3c       0x10 .\CortexM3\ARM_GCC_541\Debug\teclado.a(PWM.o)
                0x00000b3c                PWM_Enable
 .text.PWM_WriteCounter
                0x00000b4c        0xc .\CortexM3\ARM_GCC_541\Debug\teclado.a(PWM.o)
                0x00000b4c                PWM_WriteCounter
 .text.PWM_WritePeriod
                0x00000b58        0xc .\CortexM3\ARM_GCC_541\Debug\teclado.a(PWM.o)
                0x00000b58                PWM_WritePeriod
 .text.PWM_WriteCompare
                0x00000b64        0xc .\CortexM3\ARM_GCC_541\Debug\teclado.a(PWM.o)
                0x00000b64                PWM_WriteCompare
 .text.PWM_SetInterruptMode
                0x00000b70        0xc .\CortexM3\ARM_GCC_541\Debug\teclado.a(PWM.o)
                0x00000b70                PWM_SetInterruptMode
 .text.PWM_ReadStatusRegister
                0x00000b7c        0xc .\CortexM3\ARM_GCC_541\Debug\teclado.a(PWM.o)
                0x00000b7c                PWM_ReadStatusRegister
 .text.PWM_ReadCapture
                0x00000b88        0xc .\CortexM3\ARM_GCC_541\Debug\teclado.a(PWM.o)
                0x00000b88                PWM_ReadCapture
 .text.PWM_ClearFIFO
                0x00000b94       0x14 .\CortexM3\ARM_GCC_541\Debug\teclado.a(PWM.o)
                0x00000b94                PWM_ClearFIFO
 .text.PWM_Init
                0x00000ba8       0x5c .\CortexM3\ARM_GCC_541\Debug\teclado.a(PWM.o)
                0x00000ba8                PWM_Init
 .text.PWM_Start
                0x00000c04       0x1c .\CortexM3\ARM_GCC_541\Debug\teclado.a(PWM.o)
                0x00000c04                PWM_Start
 .text.sync_ClearInterrupt
                0x00000c20       0x10 .\CortexM3\ARM_GCC_541\Debug\teclado.a(sync.o)
                0x00000c20                sync_ClearInterrupt
 .text.isr_sync_SetVector
                0x00000c30        0xc .\CortexM3\ARM_GCC_541\Debug\teclado.a(isr_sync.o)
                0x00000c30                isr_sync_SetVector
 .text.isr_sync_SetPriority
                0x00000c3c       0x10 .\CortexM3\ARM_GCC_541\Debug\teclado.a(isr_sync.o)
                0x00000c3c                isr_sync_SetPriority
 .text.isr_sync_Enable
                0x00000c4c        0xc .\CortexM3\ARM_GCC_541\Debug\teclado.a(isr_sync.o)
                0x00000c4c                isr_sync_Enable
 .text.isr_sync_Disable
                0x00000c58        0xc .\CortexM3\ARM_GCC_541\Debug\teclado.a(isr_sync.o)
                0x00000c58                isr_sync_Disable
 .text.isr_sync_StartEx
                0x00000c64       0x1c .\CortexM3\ARM_GCC_541\Debug\teclado.a(isr_sync.o)
                0x00000c64                isr_sync_StartEx
 .text          0x00000c80       0x20 .\CortexM3\ARM_GCC_541\Debug\teclado.a(CyBootAsmGnu.o)
                0x00000c80                CyDelayCycles
                0x00000c90                CyEnterCriticalSection
                0x00000c98                CyExitCriticalSection
 .text.__errno  0x00000ca0        0xc c:/program files (x86)/cypress/psoc creator/4.2/psoc creator/import/gnu/arm/5.4.1/bin/../lib/gcc/arm-none-eabi/5.4.1/../../../../arm-none-eabi/lib/armv7-m\libg_nano.a(lib_a-errno.o)
                0x00000ca0                __errno
 .text.__libc_init_array
                0x00000cac       0x4c c:/program files (x86)/cypress/psoc creator/4.2/psoc creator/import/gnu/arm/5.4.1/bin/../lib/gcc/arm-none-eabi/5.4.1/../../../../arm-none-eabi/lib/armv7-m\libg_nano.a(lib_a-init.o)
                0x00000cac                __libc_init_array
 .text.memcpy   0x00000cf8       0x16 c:/program files (x86)/cypress/psoc creator/4.2/psoc creator/import/gnu/arm/5.4.1/bin/../lib/gcc/arm-none-eabi/5.4.1/../../../../arm-none-eabi/lib/armv7-m\libg_nano.a(lib_a-memcpy-stub.o)
                0x00000cf8                memcpy
 .text.memset   0x00000d0e       0x10 c:/program files (x86)/cypress/psoc creator/4.2/psoc creator/import/gnu/arm/5.4.1/bin/../lib/gcc/arm-none-eabi/5.4.1/../../../../arm-none-eabi/lib/armv7-m\libg_nano.a(lib_a-memset.o)
                0x00000d0e                memset
 .text.__cvt    0x00000d1e       0xc0 c:/program files (x86)/cypress/psoc creator/4.2/psoc creator/import/gnu/arm/5.4.1/bin/../lib/gcc/arm-none-eabi/5.4.1/../../../../arm-none-eabi/lib/armv7-m\libg_nano.a(lib_a-nano-vfprintf_float.o)
                0x00000d1e                __cvt
 .text.__exponent
                0x00000dde       0x62 c:/program files (x86)/cypress/psoc creator/4.2/psoc creator/import/gnu/arm/5.4.1/bin/../lib/gcc/arm-none-eabi/5.4.1/../../../../arm-none-eabi/lib/armv7-m\libg_nano.a(lib_a-nano-vfprintf_float.o)
                0x00000dde                __exponent
 .text._printf_float
                0x00000e40      0x488 c:/program files (x86)/cypress/psoc creator/4.2/psoc creator/import/gnu/arm/5.4.1/bin/../lib/gcc/arm-none-eabi/5.4.1/../../../../arm-none-eabi/lib/armv7-m\libg_nano.a(lib_a-nano-vfprintf_float.o)
                0x00000e40                _printf_float
 .text._printf_common
                0x000012c8       0xec c:/program files (x86)/cypress/psoc creator/4.2/psoc creator/import/gnu/arm/5.4.1/bin/../lib/gcc/arm-none-eabi/5.4.1/../../../../arm-none-eabi/lib/armv7-m\libg_nano.a(lib_a-nano-vfprintf_i.o)
                0x000012c8                _printf_common
 .text._printf_i
                0x000013b4      0x24c c:/program files (x86)/cypress/psoc creator/4.2/psoc creator/import/gnu/arm/5.4.1/bin/../lib/gcc/arm-none-eabi/5.4.1/../../../../arm-none-eabi/lib/armv7-m\libg_nano.a(lib_a-nano-vfprintf_i.o)
                0x000013b4                _printf_i
 .text.sprintf  0x00001600       0x48 c:/program files (x86)/cypress/psoc creator/4.2/psoc creator/import/gnu/arm/5.4.1/bin/../lib/gcc/arm-none-eabi/5.4.1/../../../../arm-none-eabi/lib/armv7-m\libg_nano.a(lib_a-sprintf.o)
                0x00001600                siprintf
                0x00001600                sprintf
 .text          0x00001648       0x10 c:/program files (x86)/cypress/psoc creator/4.2/psoc creator/import/gnu/arm/5.4.1/bin/../lib/gcc/arm-none-eabi/5.4.1/../../../../arm-none-eabi/lib/armv7-m\libg_nano.a(lib_a-strlen.o)
                0x00001648                strlen
 .text.quorem   0x00001658      0x116 c:/program files (x86)/cypress/psoc creator/4.2/psoc creator/import/gnu/arm/5.4.1/bin/../lib/gcc/arm-none-eabi/5.4.1/../../../../arm-none-eabi/lib/armv7-m\libg_nano.a(lib_a-dtoa.o)
 *fill*         0x0000176e        0x2 
 .text._dtoa_r  0x00001770      0xb30 c:/program files (x86)/cypress/psoc creator/4.2/psoc creator/import/gnu/arm/5.4.1/bin/../lib/gcc/arm-none-eabi/5.4.1/../../../../arm-none-eabi/lib/armv7-m\libg_nano.a(lib_a-dtoa.o)
                0x00001770                _dtoa_r
 .text._localeconv_r
                0x000022a0        0x8 c:/program files (x86)/cypress/psoc creator/4.2/psoc creator/import/gnu/arm/5.4.1/bin/../lib/gcc/arm-none-eabi/5.4.1/../../../../arm-none-eabi/lib/armv7-m\libg_nano.a(lib_a-locale.o)
                0x000022a0                _localeconv_r
 .text.malloc   0x000022a8       0x10 c:/program files (x86)/cypress/psoc creator/4.2/psoc creator/import/gnu/arm/5.4.1/bin/../lib/gcc/arm-none-eabi/5.4.1/../../../../arm-none-eabi/lib/armv7-m\libg_nano.a(lib_a-malloc.o)
                0x000022a8                malloc
 .text.memchr   0x000022b8       0x1c c:/program files (x86)/cypress/psoc creator/4.2/psoc creator/import/gnu/arm/5.4.1/bin/../lib/gcc/arm-none-eabi/5.4.1/../../../../arm-none-eabi/lib/armv7-m\libg_nano.a(lib_a-memchr-stub.o)
                0x000022b8                memchr
 .text._Balloc  0x000022d4       0x6a c:/program files (x86)/cypress/psoc creator/4.2/psoc creator/import/gnu/arm/5.4.1/bin/../lib/gcc/arm-none-eabi/5.4.1/../../../../arm-none-eabi/lib/armv7-m\libg_nano.a(lib_a-mprec.o)
                0x000022d4                _Balloc
 .text._Bfree   0x0000233e       0x2e c:/program files (x86)/cypress/psoc creator/4.2/psoc creator/import/gnu/arm/5.4.1/bin/../lib/gcc/arm-none-eabi/5.4.1/../../../../arm-none-eabi/lib/armv7-m\libg_nano.a(lib_a-mprec.o)
                0x0000233e                _Bfree
 .text.__multadd
                0x0000236c       0x76 c:/program files (x86)/cypress/psoc creator/4.2/psoc creator/import/gnu/arm/5.4.1/bin/../lib/gcc/arm-none-eabi/5.4.1/../../../../arm-none-eabi/lib/armv7-m\libg_nano.a(lib_a-mprec.o)
                0x0000236c                __multadd
 .text.__hi0bits
                0x000023e2       0x40 c:/program files (x86)/cypress/psoc creator/4.2/psoc creator/import/gnu/arm/5.4.1/bin/../lib/gcc/arm-none-eabi/5.4.1/../../../../arm-none-eabi/lib/armv7-m\libg_nano.a(lib_a-mprec.o)
                0x000023e2                __hi0bits
 .text.__lo0bits
                0x00002422       0x5a c:/program files (x86)/cypress/psoc creator/4.2/psoc creator/import/gnu/arm/5.4.1/bin/../lib/gcc/arm-none-eabi/5.4.1/../../../../arm-none-eabi/lib/armv7-m\libg_nano.a(lib_a-mprec.o)
                0x00002422                __lo0bits
 .text.__i2b    0x0000247c       0x12 c:/program files (x86)/cypress/psoc creator/4.2/psoc creator/import/gnu/arm/5.4.1/bin/../lib/gcc/arm-none-eabi/5.4.1/../../../../arm-none-eabi/lib/armv7-m\libg_nano.a(lib_a-mprec.o)
                0x0000247c                __i2b
 .text.__multiply
                0x0000248e      0x120 c:/program files (x86)/cypress/psoc creator/4.2/psoc creator/import/gnu/arm/5.4.1/bin/../lib/gcc/arm-none-eabi/5.4.1/../../../../arm-none-eabi/lib/armv7-m\libg_nano.a(lib_a-mprec.o)
                0x0000248e                __multiply
 *fill*         0x000025ae        0x2 
 .text.__pow5mult
                0x000025b0       0x9c c:/program files (x86)/cypress/psoc creator/4.2/psoc creator/import/gnu/arm/5.4.1/bin/../lib/gcc/arm-none-eabi/5.4.1/../../../../arm-none-eabi/lib/armv7-m\libg_nano.a(lib_a-mprec.o)
                0x000025b0                __pow5mult
 .text.__lshift
                0x0000264c       0xa2 c:/program files (x86)/cypress/psoc creator/4.2/psoc creator/import/gnu/arm/5.4.1/bin/../lib/gcc/arm-none-eabi/5.4.1/../../../../arm-none-eabi/lib/armv7-m\libg_nano.a(lib_a-mprec.o)
                0x0000264c                __lshift
 .text.__mcmp   0x000026ee       0x38 c:/program files (x86)/cypress/psoc creator/4.2/psoc creator/import/gnu/arm/5.4.1/bin/../lib/gcc/arm-none-eabi/5.4.1/../../../../arm-none-eabi/lib/armv7-m\libg_nano.a(lib_a-mprec.o)
                0x000026ee                __mcmp
 .text.__mdiff  0x00002726       0xbe c:/program files (x86)/cypress/psoc creator/4.2/psoc creator/import/gnu/arm/5.4.1/bin/../lib/gcc/arm-none-eabi/5.4.1/../../../../arm-none-eabi/lib/armv7-m\libg_nano.a(lib_a-mprec.o)
                0x00002726                __mdiff
 .text.__d2b    0x000027e4       0x9c c:/program files (x86)/cypress/psoc creator/4.2/psoc creator/import/gnu/arm/5.4.1/bin/../lib/gcc/arm-none-eabi/5.4.1/../../../../arm-none-eabi/lib/armv7-m\libg_nano.a(lib_a-mprec.o)
                0x000027e4                __d2b
 .text._calloc_r
                0x00002880       0x1c c:/program files (x86)/cypress/psoc creator/4.2/psoc creator/import/gnu/arm/5.4.1/bin/../lib/gcc/arm-none-eabi/5.4.1/../../../../arm-none-eabi/lib/armv7-m\libg_nano.a(lib_a-nano-callocr.o)
                0x00002880                _calloc_r
 .text._free_r  0x0000289c       0x98 c:/program files (x86)/cypress/psoc creator/4.2/psoc creator/import/gnu/arm/5.4.1/bin/../lib/gcc/arm-none-eabi/5.4.1/../../../../arm-none-eabi/lib/armv7-m\libg_nano.a(lib_a-nano-freer.o)
                0x0000289c                _free_r
 .text._malloc_r
                0x00002934       0xbc c:/program files (x86)/cypress/psoc creator/4.2/psoc creator/import/gnu/arm/5.4.1/bin/../lib/gcc/arm-none-eabi/5.4.1/../../../../arm-none-eabi/lib/armv7-m\libg_nano.a(lib_a-nano-mallocr.o)
                0x00002934                _malloc_r
 .text.__ssputs_r
                0x000029f0       0xb2 c:/program files (x86)/cypress/psoc creator/4.2/psoc creator/import/gnu/arm/5.4.1/bin/../lib/gcc/arm-none-eabi/5.4.1/../../../../arm-none-eabi/lib/armv7-m\libg_nano.a(lib_a-nano-svfprintf.o)
                0x000029f0                __ssputs_r
 *fill*         0x00002aa2        0x2 
 .text._svfprintf_r
                0x00002aa4      0x1e8 c:/program files (x86)/cypress/psoc creator/4.2/psoc creator/import/gnu/arm/5.4.1/bin/../lib/gcc/arm-none-eabi/5.4.1/../../../../arm-none-eabi/lib/armv7-m\libg_nano.a(lib_a-nano-svfprintf.o)
                0x00002aa4                _svfiprintf_r
                0x00002aa4                _svfprintf_r
 .text._sbrk_r  0x00002c8c       0x20 c:/program files (x86)/cypress/psoc creator/4.2/psoc creator/import/gnu/arm/5.4.1/bin/../lib/gcc/arm-none-eabi/5.4.1/../../../../arm-none-eabi/lib/armv7-m\libg_nano.a(lib_a-sbrkr.o)
                0x00002c8c                _sbrk_r
 .text.memmove  0x00002cac       0x36 c:/program files (x86)/cypress/psoc creator/4.2/psoc creator/import/gnu/arm/5.4.1/bin/../lib/gcc/arm-none-eabi/5.4.1/../../../../arm-none-eabi/lib/armv7-m\libg_nano.a(lib_a-memmove.o)
                0x00002cac                memmove
 .text.__malloc_lock
                0x00002ce2        0x2 c:/program files (x86)/cypress/psoc creator/4.2/psoc creator/import/gnu/arm/5.4.1/bin/../lib/gcc/arm-none-eabi/5.4.1/../../../../arm-none-eabi/lib/armv7-m\libg_nano.a(lib_a-mlock.o)
                0x00002ce2                __malloc_lock
 .text.__malloc_unlock
                0x00002ce4        0x2 c:/program files (x86)/cypress/psoc creator/4.2/psoc creator/import/gnu/arm/5.4.1/bin/../lib/gcc/arm-none-eabi/5.4.1/../../../../arm-none-eabi/lib/armv7-m\libg_nano.a(lib_a-mlock.o)
                0x00002ce4                __malloc_unlock
 .text._realloc_r
                0x00002ce6       0x4c c:/program files (x86)/cypress/psoc creator/4.2/psoc creator/import/gnu/arm/5.4.1/bin/../lib/gcc/arm-none-eabi/5.4.1/../../../../arm-none-eabi/lib/armv7-m\libg_nano.a(lib_a-nano-reallocr.o)
                0x00002ce6                _realloc_r
 .text._malloc_usable_size_r
                0x00002d32       0x14 c:/program files (x86)/cypress/psoc creator/4.2/psoc creator/import/gnu/arm/5.4.1/bin/../lib/gcc/arm-none-eabi/5.4.1/../../../../arm-none-eabi/lib/armv7-m\libg_nano.a(lib_a-nano-msizer.o)
                0x00002d32                _malloc_usable_size_r
 *fill*         0x00002d46        0x2 
 .text          0x00002d48      0x370 c:/program files (x86)/cypress/psoc creator/4.2/psoc creator/import/gnu/arm/5.4.1/bin/../lib/gcc/arm-none-eabi/5.4.1/armv7-m\libgcc.a(_arm_addsubdf3.o)
                0x00002d48                __aeabi_drsub
                0x00002d50                __aeabi_dsub
                0x00002d50                __subdf3
                0x00002d54                __aeabi_dadd
                0x00002d54                __adddf3
                0x00002fcc                __floatunsidf
                0x00002fcc                __aeabi_ui2d
                0x00002fec                __floatsidf
                0x00002fec                __aeabi_i2d
                0x00003010                __aeabi_f2d
                0x00003010                __extendsfdf2
                0x0000304c                __floatundidf
                0x0000304c                __aeabi_ul2d
                0x0000305c                __floatdidf
                0x0000305c                __aeabi_l2d
 .text          0x000030b8      0x424 c:/program files (x86)/cypress/psoc creator/4.2/psoc creator/import/gnu/arm/5.4.1/bin/../lib/gcc/arm-none-eabi/5.4.1/armv7-m\libgcc.a(_arm_muldivdf3.o)
                0x000030b8                __aeabi_dmul
                0x000030b8                __muldf3
                0x0000330c                __divdf3
                0x0000330c                __aeabi_ddiv
 .text          0x000034dc      0x110 c:/program files (x86)/cypress/psoc creator/4.2/psoc creator/import/gnu/arm/5.4.1/bin/../lib/gcc/arm-none-eabi/5.4.1/armv7-m\libgcc.a(_arm_cmpdf2.o)
                0x000034dc                __gtdf2
                0x000034dc                __gedf2
                0x000034e4                __ltdf2
                0x000034e4                __ledf2
                0x000034ec                __nedf2
                0x000034ec                __eqdf2
                0x000034ec                __cmpdf2
                0x00003568                __aeabi_cdrcmple
                0x00003578                __aeabi_cdcmpeq
                0x00003578                __aeabi_cdcmple
                0x00003588                __aeabi_dcmpeq
                0x0000359c                __aeabi_dcmplt
                0x000035b0                __aeabi_dcmple
                0x000035c4                __aeabi_dcmpge
                0x000035d8                __aeabi_dcmpgt
 .text          0x000035ec       0x2c c:/program files (x86)/cypress/psoc creator/4.2/psoc creator/import/gnu/arm/5.4.1/bin/../lib/gcc/arm-none-eabi/5.4.1/armv7-m\libgcc.a(_arm_unorddf2.o)
                0x000035ec                __unorddf2
                0x000035ec                __aeabi_dcmpun
 .text          0x00003618       0x50 c:/program files (x86)/cypress/psoc creator/4.2/psoc creator/import/gnu/arm/5.4.1/bin/../lib/gcc/arm-none-eabi/5.4.1/armv7-m\libgcc.a(_arm_fixdfsi.o)
                0x00003618                __aeabi_d2iz
                0x00003618                __fixdfsi
 *(.plt)
 *(.gnu.warning)
 *(.glue_7t)
 .glue_7t       0x00003668        0x0 linker stubs
 *(.glue_7)
 .glue_7        0x00003668        0x0 linker stubs
 *(.vfp11_veneer)
 .vfp11_veneer  0x00003668        0x0 linker stubs
 *(.bootloader)
 *(.ARM.extab* .gnu.linkonce.armextab.*)
 *(.gcc_except_table)

.v4_bx          0x00003668        0x0
 .v4_bx         0x00003668        0x0 linker stubs

.iplt           0x00003668        0x0
 .iplt          0x00003668        0x0 c:/program files (x86)/cypress/psoc creator/4.2/psoc creator/import/gnu/arm/5.4.1/bin/../lib/gcc/arm-none-eabi/5.4.1/armv7-m/crtbegin.o

.eh_frame_hdr
 *(.eh_frame_hdr)

.eh_frame       0x00003668        0x4
 *(.eh_frame)
 .eh_frame      0x00003668        0x0 c:/program files (x86)/cypress/psoc creator/4.2/psoc creator/import/gnu/arm/5.4.1/bin/../lib/gcc/arm-none-eabi/5.4.1/armv7-m/crtbegin.o
 .eh_frame      0x00003668        0x4 c:/program files (x86)/cypress/psoc creator/4.2/psoc creator/import/gnu/arm/5.4.1/bin/../lib/gcc/arm-none-eabi/5.4.1/armv7-m/crtend.o
                [!provide]                PROVIDE (__exidx_start, .)

.ARM.exidx
 *(.ARM.exidx* .gnu.linkonce.armexidx.*)
                0x0000366c                __exidx_end = .

.rodata         0x00003670      0x1f8
 *(.rodata .rodata.* .gnu.linkonce.r.*)
 .rodata.str1.4
                0x00003670       0x38 .\CortexM3\ARM_GCC_541\Debug\main.o
 .rodata        0x000036a8       0x2a .\CortexM3\ARM_GCC_541\Debug\cyfitter_cfg.o
 .rodata.str1.1
                0x000036d2        0x2 c:/program files (x86)/cypress/psoc creator/4.2/psoc creator/import/gnu/arm/5.4.1/bin/../lib/gcc/arm-none-eabi/5.4.1/../../../../arm-none-eabi/lib/armv7-m\libg_nano.a(lib_a-impure.o)
 .rodata.str1.1
                0x000036d4       0x12 c:/program files (x86)/cypress/psoc creator/4.2/psoc creator/import/gnu/arm/5.4.1/bin/../lib/gcc/arm-none-eabi/5.4.1/../../../../arm-none-eabi/lib/armv7-m\libg_nano.a(lib_a-nano-vfprintf_float.o)
 .rodata.str1.1
                0x000036e6       0x22 c:/program files (x86)/cypress/psoc creator/4.2/psoc creator/import/gnu/arm/5.4.1/bin/../lib/gcc/arm-none-eabi/5.4.1/../../../../arm-none-eabi/lib/armv7-m\libg_nano.a(lib_a-nano-vfprintf_i.o)
 .rodata.str1.1
                0x00003708        0xd c:/program files (x86)/cypress/psoc creator/4.2/psoc creator/import/gnu/arm/5.4.1/bin/../lib/gcc/arm-none-eabi/5.4.1/../../../../arm-none-eabi/lib/armv7-m\libg_nano.a(lib_a-dtoa.o)
                                  0xf (size before relaxing)
 .rodata.str1.1
                0x00003715        0x8 c:/program files (x86)/cypress/psoc creator/4.2/psoc creator/import/gnu/arm/5.4.1/bin/../lib/gcc/arm-none-eabi/5.4.1/../../../../arm-none-eabi/lib/armv7-m\libg_nano.a(lib_a-locale.o)
                                  0xb (size before relaxing)
 *fill*         0x0000371d        0x3 
 .rodata.__mprec_tens
                0x00003720       0xc8 c:/program files (x86)/cypress/psoc creator/4.2/psoc creator/import/gnu/arm/5.4.1/bin/../lib/gcc/arm-none-eabi/5.4.1/../../../../arm-none-eabi/lib/armv7-m\libg_nano.a(lib_a-mprec.o)
                0x00003720                __mprec_tens
 .rodata.p05.5408
                0x000037e8        0xc c:/program files (x86)/cypress/psoc creator/4.2/psoc creator/import/gnu/arm/5.4.1/bin/../lib/gcc/arm-none-eabi/5.4.1/../../../../arm-none-eabi/lib/armv7-m\libg_nano.a(lib_a-mprec.o)
 *fill*         0x000037f4        0x4 
 .rodata.__mprec_bigtens
                0x000037f8       0x28 c:/program files (x86)/cypress/psoc creator/4.2/psoc creator/import/gnu/arm/5.4.1/bin/../lib/gcc/arm-none-eabi/5.4.1/../../../../arm-none-eabi/lib/armv7-m\libg_nano.a(lib_a-mprec.o)
                0x000037f8                __mprec_bigtens
 .rodata.str1.1
                0x00003820       0x11 c:/program files (x86)/cypress/psoc creator/4.2/psoc creator/import/gnu/arm/5.4.1/bin/../lib/gcc/arm-none-eabi/5.4.1/../../../../arm-none-eabi/lib/armv7-m\libg_nano.a(lib_a-nano-svfprintf.o)
                0x00003834                . = ALIGN (0x4)
 *fill*         0x00003831        0x3 
 *(.init)
 .init          0x00003834        0x4 c:/program files (x86)/cypress/psoc creator/4.2/psoc creator/import/gnu/arm/5.4.1/bin/../lib/gcc/arm-none-eabi/5.4.1/armv7-m/crti.o
                0x00003834                _init
 .init          0x00003838        0x8 c:/program files (x86)/cypress/psoc creator/4.2/psoc creator/import/gnu/arm/5.4.1/bin/../lib/gcc/arm-none-eabi/5.4.1/armv7-m/crtn.o
                0x00003840                . = ALIGN (0x4)
                0x00003840                __preinit_array_start = .
 *(.preinit_array)
                0x00003840                __preinit_array_end = .
                0x00003840                . = ALIGN (0x4)
                0x00003840                __init_array_start = .
 *(SORT(.init_array.*))
 *(.init_array)
 .init_array    0x00003840        0x4 c:/program files (x86)/cypress/psoc creator/4.2/psoc creator/import/gnu/arm/5.4.1/bin/../lib/gcc/arm-none-eabi/5.4.1/armv7-m/crtbegin.o
 .init_array    0x00003844        0x4 .\CortexM3\ARM_GCC_541\Debug\Cm3Start.o
                0x00003848                __init_array_end = .
                0x00003848                . = ALIGN (0x4)
 *(.fini)
 .fini          0x00003848        0x4 c:/program files (x86)/cypress/psoc creator/4.2/psoc creator/import/gnu/arm/5.4.1/bin/../lib/gcc/arm-none-eabi/5.4.1/armv7-m/crti.o
                0x00003848                _fini
 .fini          0x0000384c        0x8 c:/program files (x86)/cypress/psoc creator/4.2/psoc creator/import/gnu/arm/5.4.1/bin/../lib/gcc/arm-none-eabi/5.4.1/armv7-m/crtn.o
                0x00003854                . = ALIGN (0x4)
                0x00003854                __fini_array_start = .
 *(.fini_array)
 .fini_array    0x00003854        0x4 c:/program files (x86)/cypress/psoc creator/4.2/psoc creator/import/gnu/arm/5.4.1/bin/../lib/gcc/arm-none-eabi/5.4.1/armv7-m/crtbegin.o
 *(SORT(.fini_array.*))
                0x00003858                __fini_array_end = .
                0x00003858                . = ALIGN (0x4)
 *crtbegin.o(.ctors)
 *(EXCLUDE_FILE(*crtend.o) .ctors)
 *(SORT(.ctors.*))
 *crtend.o(.ctors)
                0x00003858                . = ALIGN (0x4)
 *crtbegin.o(.dtors)
 *(EXCLUDE_FILE(*crtend.o) .dtors)
 *(SORT(.dtors.*))
 *crtend.o(.dtors)
                0x00003858                . = ALIGN (0x4)
                0x00003858                __cy_regions = .
                0x00003858        0x4 LONG 0x3868 __cy_region_init_ram
                0x0000385c        0x4 LONG 0x1fff80c8 __cy_region_start_data
                0x00003860        0x4 LONG 0xc8 __cy_region_init_size_ram
                0x00003864        0x4 LONG 0x80 __cy_region_zero_size_ram
                0x00003868                __cy_regions_end = .
                0x00003868                . = ALIGN (0x8)
                0x00003868                _etext = .

.cy_checksum_exclude
                0x00003868        0x0
 *(.cy_checksum_exclude)

.ramvectors     0x1fff8000       0xc0
                0x1fff8000                __cy_region_start_ram = .
 *(.ramvectors)
 .ramvectors    0x1fff8000       0xc0 .\CortexM3\ARM_GCC_541\Debug\Cm3Start.o
                0x1fff8000                CyRamVectors

.noinit         0x1fff80c0        0x1
 *(.noinit)
 .noinit        0x1fff80c0        0x1 .\CortexM3\ARM_GCC_541\Debug\teclado.a(CyLib.o)
                0x1fff80c0                CyResetStatus

.data           0x1fff80c8       0xc8 load address 0x00003868
                0x1fff80c8                __cy_region_start_data = .
 *(.jcr)
 .jcr           0x1fff80c8        0x0 c:/program files (x86)/cypress/psoc creator/4.2/psoc creator/import/gnu/arm/5.4.1/bin/../lib/gcc/arm-none-eabi/5.4.1/armv7-m/crtbegin.o
 .jcr           0x1fff80c8        0x4 c:/program files (x86)/cypress/psoc creator/4.2/psoc creator/import/gnu/arm/5.4.1/bin/../lib/gcc/arm-none-eabi/5.4.1/armv7-m/crtend.o
 *(.got.plt)
 *(.got)
 *(.shdata)
 *(.data .data.* .gnu.linkonce.d.*)
 .data          0x1fff80cc       0x10 .\CortexM3\ARM_GCC_541\Debug\main.o
                0x1fff80cc                Keypad_1_Key
 .data          0x1fff80dc        0x4 .\CortexM3\ARM_GCC_541\Debug\Cm3Start.o
 .data          0x1fff80e0       0x10 .\CortexM3\ARM_GCC_541\Debug\teclado.a(CyLib.o)
                0x1fff80e0                cydelay_32k_ms
                0x1fff80e4                cydelay_freq_khz
                0x1fff80e8                cydelay_freq_mhz
                0x1fff80ec                cydelay_freq_hz
 .data.impure_data
                0x1fff80f0       0x60 c:/program files (x86)/cypress/psoc creator/4.2/psoc creator/import/gnu/arm/5.4.1/bin/../lib/gcc/arm-none-eabi/5.4.1/../../../../arm-none-eabi/lib/armv7-m\libg_nano.a(lib_a-impure.o)
 .data._impure_ptr
                0x1fff8150        0x4 c:/program files (x86)/cypress/psoc creator/4.2/psoc creator/import/gnu/arm/5.4.1/bin/../lib/gcc/arm-none-eabi/5.4.1/../../../../arm-none-eabi/lib/armv7-m\libg_nano.a(lib_a-impure.o)
                0x1fff8150                _impure_ptr
 .data.lconv    0x1fff8154       0x38 c:/program files (x86)/cypress/psoc creator/4.2/psoc creator/import/gnu/arm/5.4.1/bin/../lib/gcc/arm-none-eabi/5.4.1/../../../../arm-none-eabi/lib/armv7-m\libg_nano.a(lib_a-locale.o)
                0x1fff8190                . = ALIGN (0x8)
 *fill*         0x1fff818c        0x4 
 *(.ram)
                0x1fff8190                _edata = .

.igot.plt       0x1fff8190        0x0 load address 0x00003930
 .igot.plt      0x1fff8190        0x0 c:/program files (x86)/cypress/psoc creator/4.2/psoc creator/import/gnu/arm/5.4.1/bin/../lib/gcc/arm-none-eabi/5.4.1/armv7-m/crtbegin.o

.bss            0x1fff8190       0x80 load address 0x00003930
                0x1fff8190                PROVIDE (__bss_start__, .)
 *(.shbss)
 *(.bss .bss.* .gnu.linkonce.b.*)
 .bss           0x1fff8190       0x1c c:/program files (x86)/cypress/psoc creator/4.2/psoc creator/import/gnu/arm/5.4.1/bin/../lib/gcc/arm-none-eabi/5.4.1/armv7-m/crtbegin.o
 .bss           0x1fff81ac       0x18 .\CortexM3\ARM_GCC_541\Debug\main.o
                0x1fff81ac                tiempo
                0x1fff81b0                diff1
                0x1fff81b4                speed_read
                0x1fff81b8                flag1
                0x1fff81bc                pwm_Com
                0x1fff81c0                event
 .bss           0x1fff81c4        0x2 .\CortexM3\ARM_GCC_541\Debug\teclado.a(LCD.o)
                0x1fff81c4                LCD_enableState
                0x1fff81c5                LCD_initVar
 .bss           0x1fff81c6        0x1 .\CortexM3\ARM_GCC_541\Debug\teclado.a(Timer.o)
                0x1fff81c6                Timer_initVar
 .bss           0x1fff81c7        0x1 .\CortexM3\ARM_GCC_541\Debug\teclado.a(PWM.o)
                0x1fff81c7                PWM_initVar
 .bss.__malloc_sbrk_start
                0x1fff81c8        0x4 c:/program files (x86)/cypress/psoc creator/4.2/psoc creator/import/gnu/arm/5.4.1/bin/../lib/gcc/arm-none-eabi/5.4.1/../../../../arm-none-eabi/lib/armv7-m\libg_nano.a(lib_a-nano-mallocr.o)
                0x1fff81c8                __malloc_sbrk_start
 .bss.__malloc_free_list
                0x1fff81cc        0x4 c:/program files (x86)/cypress/psoc creator/4.2/psoc creator/import/gnu/arm/5.4.1/bin/../lib/gcc/arm-none-eabi/5.4.1/../../../../arm-none-eabi/lib/armv7-m\libg_nano.a(lib_a-nano-mallocr.o)
                0x1fff81cc                __malloc_free_list
 *(COMMON)
 COMMON         0x1fff81d0       0x3c .\CortexM3\ARM_GCC_541\Debug\main.o
                0x1fff81d0                flag
                0x1fff81d4                valor
                0x1fff81d8                temp
                0x1fff81dc                flag_init
                0x1fff81e0                contador
                0x1fff81e4                counter
                0x1fff81e8                speed
                0x1fff81ec                str
                0x1fff81fc                str2
 COMMON         0x1fff820c        0x4 c:/program files (x86)/cypress/psoc creator/4.2/psoc creator/import/gnu/arm/5.4.1/bin/../lib/gcc/arm-none-eabi/5.4.1/../../../../arm-none-eabi/lib/armv7-m\libg_nano.a(lib_a-reent.o)
                0x1fff820c                errno
                0x1fff8210                . = ALIGN (0x8)
 *(.ram.b)
                0x1fff8210                _end = .
                0x1fff8210                __end = .
                0x1fff8210                PROVIDE (end, .)
                0x1fff8210                PROVIDE (__bss_end__, .)
                0x00003868                __cy_region_init_ram = LOADADDR (.data)
                0x000000c8                __cy_region_init_size_ram = (_edata - ADDR (.data))
                0x00000080                __cy_region_zero_size_ram = (_end - _edata)

.heap           0x1fff8210       0x80 load address 0x00003930
                0x1fff8210                . = _end
                0x1fff8290                . = (. + 0x80)
 *fill*         0x1fff8210       0x80 
                0x1fff8290                __cy_heap_limit = .

.stack          0x20007800      0x800
                0x20007800                __cy_stack_limit = .
                0x20008000                . = (. + 0x800)
 *fill*         0x20007800      0x800 
                0x00000001                ASSERT ((__cy_stack_limit >= __cy_heap_limit), region RAM overflowed with stack)
                0x00000000                cy_checksum_exclude_size = (CY_APPL_LOADABLE == 0x1)?SIZEOF (.cy_checksum_exclude):0x0
                0x00000001                ASSERT ((cy_checksum_exclude_size <= CY_CHECKSUM_EXCLUDE_SIZE), CY_BOOT: Section .cy_checksum_exclude size exceedes specified limit.)

.cyloadermeta
 *(.cyloadermeta)

.cyloadablemeta
 *(.cyloadablemeta)

.cyconfigecc    0x80000000      0x2e8
 *(.cyconfigecc)
 .cyconfigecc   0x80000000      0x2e8 .\CortexM3\ARM_GCC_541\Debug\cymetadata.o
                0x80000000                cy_meta_configecc

.cycustnvl      0x90000000        0x4
 *(.cycustnvl)
 .cycustnvl     0x90000000        0x4 .\CortexM3\ARM_GCC_541\Debug\cymetadata.o
                0x90000000                cy_meta_custnvl

.cywolatch      0x90100000        0x4
 *(.cywolatch)
 .cywolatch     0x90100000        0x4 .\CortexM3\ARM_GCC_541\Debug\cymetadata.o
                0x90100000                cy_meta_wonvl

.cyeeprom       0x90200000        0x0
 *(.cyeeprom)
                0x00000001                ASSERT ((. <= ((0x90200000 + ee_offset) + ee_size)), .cyeeprom data will not fit in EEPROM)

.cyflashprotect
                0x90400000      0x100
 *(.cyflashprotect)
 .cyflashprotect
                0x90400000      0x100 .\CortexM3\ARM_GCC_541\Debug\cymetadata.o
                0x90400000                cy_meta_flashprotect

.cymeta         0x90500000        0xc
 *(.cymeta)
 .cymeta        0x90500000        0xc .\CortexM3\ARM_GCC_541\Debug\cymetadata.o
                0x90500000                cy_metadata

.rel.dyn        0x00003930        0x0 load address 0x9050000c
 .rel.iplt      0x00003930        0x0 c:/program files (x86)/cypress/psoc creator/4.2/psoc creator/import/gnu/arm/5.4.1/bin/../lib/gcc/arm-none-eabi/5.4.1/armv7-m/crtbegin.o

.stab
 *(.stab)

.stabstr
 *(.stabstr)

.debug
 *(.debug)

.line
 *(.line)

.debug_srcinfo
 *(.debug_srcinfo)

.debug_sfnames
 *(.debug_sfnames)

.debug_aranges  0x00000000      0xa30
 *(.debug_aranges)
 .debug_aranges
                0x00000000       0x58 .\CortexM3\ARM_GCC_541\Debug\main.o
 .debug_aranges
                0x00000058       0x58 .\CortexM3\ARM_GCC_541\Debug\cyfitter_cfg.o
 .debug_aranges
                0x000000b0       0x18 .\CortexM3\ARM_GCC_541\Debug\cymetadata.o
 .debug_aranges
                0x000000c8       0x48 .\CortexM3\ARM_GCC_541\Debug\Cm3Start.o
 .debug_aranges
                0x00000110       0x30 .\CortexM3\ARM_GCC_541\Debug\teclado.a(Keypad_1_Keypad1.o)
 .debug_aranges
                0x00000140       0x40 .\CortexM3\ARM_GCC_541\Debug\teclado.a(Keypad_1_Status_Reg.o)
 .debug_aranges
                0x00000180      0x2a0 .\CortexM3\ARM_GCC_541\Debug\teclado.a(CyLib.o)
 .debug_aranges
                0x00000420       0x98 .\CortexM3\ARM_GCC_541\Debug\teclado.a(cyPm.o)
 .debug_aranges
                0x000004b8       0x98 .\CortexM3\ARM_GCC_541\Debug\teclado.a(LCD.o)
 .debug_aranges
                0x00000550       0x80 .\CortexM3\ARM_GCC_541\Debug\teclado.a(isr_press.o)
 .debug_aranges
                0x000005d0       0x48 .\CortexM3\ARM_GCC_541\Debug\teclado.a(Encoder.o)
 .debug_aranges
                0x00000618       0x90 .\CortexM3\ARM_GCC_541\Debug\teclado.a(Timer.o)
 .debug_aranges
                0x000006a8       0x80 .\CortexM3\ARM_GCC_541\Debug\teclado.a(isr_1.o)
 .debug_aranges
                0x00000728       0x80 .\CortexM3\ARM_GCC_541\Debug\teclado.a(isr_Encoder.o)
 .debug_aranges
                0x000007a8       0x98 .\CortexM3\ARM_GCC_541\Debug\teclado.a(PWM.o)
 .debug_aranges
                0x00000840       0x48 .\CortexM3\ARM_GCC_541\Debug\teclado.a(sync.o)
 .debug_aranges
                0x00000888       0x80 .\CortexM3\ARM_GCC_541\Debug\teclado.a(isr_sync.o)
 .debug_aranges
                0x00000908       0x20 .\CortexM3\ARM_GCC_541\Debug\teclado.a(CyBootAsmGnu.o)
 .debug_aranges
                0x00000928       0x88 .\CortexM3\ARM_GCC_541\Debug\teclado.a(CyFlash.o)
 .debug_aranges
                0x000009b0       0x80 .\CortexM3\ARM_GCC_541\Debug\teclado.a(CySpc.o)

.debug_pubnames
 *(.debug_pubnames)

.debug_info     0x00000000     0x59e7
 *(.debug_info .gnu.linkonce.wi.*)
 .debug_info    0x00000000      0x72e .\CortexM3\ARM_GCC_541\Debug\main.o
 .debug_info    0x0000072e      0x513 .\CortexM3\ARM_GCC_541\Debug\cyfitter_cfg.o
 .debug_info    0x00000c41      0x135 .\CortexM3\ARM_GCC_541\Debug\cymetadata.o
 .debug_info    0x00000d76      0x3bb .\CortexM3\ARM_GCC_541\Debug\Cm3Start.o
 .debug_info    0x00001131      0x1ea .\CortexM3\ARM_GCC_541\Debug\teclado.a(Keypad_1_Keypad1.o)
 .debug_info    0x0000131b      0x17f .\CortexM3\ARM_GCC_541\Debug\teclado.a(Keypad_1_Status_Reg.o)
 .debug_info    0x0000149a     0x1374 .\CortexM3\ARM_GCC_541\Debug\teclado.a(CyLib.o)
 .debug_info    0x0000280e      0xa2a .\CortexM3\ARM_GCC_541\Debug\teclado.a(cyPm.o)
 .debug_info    0x00003238      0x715 .\CortexM3\ARM_GCC_541\Debug\teclado.a(LCD.o)
 .debug_info    0x0000394d      0x2d2 .\CortexM3\ARM_GCC_541\Debug\teclado.a(isr_press.o)
 .debug_info    0x00003c1f      0x172 .\CortexM3\ARM_GCC_541\Debug\teclado.a(Encoder.o)
 .debug_info    0x00003d91      0x2f0 .\CortexM3\ARM_GCC_541\Debug\teclado.a(Timer.o)
 .debug_info    0x00004081      0x2d2 .\CortexM3\ARM_GCC_541\Debug\teclado.a(isr_1.o)
 .debug_info    0x00004353      0x2d2 .\CortexM3\ARM_GCC_541\Debug\teclado.a(isr_Encoder.o)
 .debug_info    0x00004625      0x350 .\CortexM3\ARM_GCC_541\Debug\teclado.a(PWM.o)
 .debug_info    0x00004975      0x174 .\CortexM3\ARM_GCC_541\Debug\teclado.a(sync.o)
 .debug_info    0x00004ae9      0x2d2 .\CortexM3\ARM_GCC_541\Debug\teclado.a(isr_sync.o)
 .debug_info    0x00004dbb       0x8f .\CortexM3\ARM_GCC_541\Debug\teclado.a(CyBootAsmGnu.o)
 .debug_info    0x00004e4a      0x64d .\CortexM3\ARM_GCC_541\Debug\teclado.a(CyFlash.o)
 .debug_info    0x00005497      0x550 .\CortexM3\ARM_GCC_541\Debug\teclado.a(CySpc.o)

.debug_abbrev   0x00000000     0x193e
 *(.debug_abbrev)
 .debug_abbrev  0x00000000      0x164 .\CortexM3\ARM_GCC_541\Debug\main.o
 .debug_abbrev  0x00000164      0x1fe .\CortexM3\ARM_GCC_541\Debug\cyfitter_cfg.o
 .debug_abbrev  0x00000362       0x66 .\CortexM3\ARM_GCC_541\Debug\cymetadata.o
 .debug_abbrev  0x000003c8      0x1e8 .\CortexM3\ARM_GCC_541\Debug\Cm3Start.o
 .debug_abbrev  0x000005b0       0xe4 .\CortexM3\ARM_GCC_541\Debug\teclado.a(Keypad_1_Keypad1.o)
 .debug_abbrev  0x00000694       0xac .\CortexM3\ARM_GCC_541\Debug\teclado.a(Keypad_1_Status_Reg.o)
 .debug_abbrev  0x00000740      0x254 .\CortexM3\ARM_GCC_541\Debug\teclado.a(CyLib.o)
 .debug_abbrev  0x00000994      0x1ab .\CortexM3\ARM_GCC_541\Debug\teclado.a(cyPm.o)
 .debug_abbrev  0x00000b3f      0x157 .\CortexM3\ARM_GCC_541\Debug\teclado.a(LCD.o)
 .debug_abbrev  0x00000c96      0x173 .\CortexM3\ARM_GCC_541\Debug\teclado.a(isr_press.o)
 .debug_abbrev  0x00000e09       0x9f .\CortexM3\ARM_GCC_541\Debug\teclado.a(Encoder.o)
 .debug_abbrev  0x00000ea8      0x12b .\CortexM3\ARM_GCC_541\Debug\teclado.a(Timer.o)
 .debug_abbrev  0x00000fd3      0x173 .\CortexM3\ARM_GCC_541\Debug\teclado.a(isr_1.o)
 .debug_abbrev  0x00001146      0x173 .\CortexM3\ARM_GCC_541\Debug\teclado.a(isr_Encoder.o)
 .debug_abbrev  0x000012b9      0x133 .\CortexM3\ARM_GCC_541\Debug\teclado.a(PWM.o)
 .debug_abbrev  0x000013ec       0x90 .\CortexM3\ARM_GCC_541\Debug\teclado.a(sync.o)
 .debug_abbrev  0x0000147c      0x173 .\CortexM3\ARM_GCC_541\Debug\teclado.a(isr_sync.o)
 .debug_abbrev  0x000015ef       0x14 .\CortexM3\ARM_GCC_541\Debug\teclado.a(CyBootAsmGnu.o)
 .debug_abbrev  0x00001603      0x1a7 .\CortexM3\ARM_GCC_541\Debug\teclado.a(CyFlash.o)
 .debug_abbrev  0x000017aa      0x194 .\CortexM3\ARM_GCC_541\Debug\teclado.a(CySpc.o)

.debug_line     0x00000000     0x268f
 *(.debug_line)
 .debug_line    0x00000000      0x338 .\CortexM3\ARM_GCC_541\Debug\main.o
 .debug_line    0x00000338      0x1db .\CortexM3\ARM_GCC_541\Debug\cyfitter_cfg.o
 .debug_line    0x00000513      0x141 .\CortexM3\ARM_GCC_541\Debug\cymetadata.o
 .debug_line    0x00000654      0x234 .\CortexM3\ARM_GCC_541\Debug\Cm3Start.o
 .debug_line    0x00000888      0x1d7 .\CortexM3\ARM_GCC_541\Debug\teclado.a(Keypad_1_Keypad1.o)
 .debug_line    0x00000a5f       0xbf .\CortexM3\ARM_GCC_541\Debug\teclado.a(Keypad_1_Status_Reg.o)
 .debug_line    0x00000b1e      0x816 .\CortexM3\ARM_GCC_541\Debug\teclado.a(CyLib.o)
 .debug_line    0x00001334      0x367 .\CortexM3\ARM_GCC_541\Debug\teclado.a(cyPm.o)
 .debug_line    0x0000169b      0x1dc .\CortexM3\ARM_GCC_541\Debug\teclado.a(LCD.o)
 .debug_line    0x00001877      0x136 .\CortexM3\ARM_GCC_541\Debug\teclado.a(isr_press.o)
 .debug_line    0x000019ad       0xb8 .\CortexM3\ARM_GCC_541\Debug\teclado.a(Encoder.o)
 .debug_line    0x00001a65      0x170 .\CortexM3\ARM_GCC_541\Debug\teclado.a(Timer.o)
 .debug_line    0x00001bd5      0x132 .\CortexM3\ARM_GCC_541\Debug\teclado.a(isr_1.o)
 .debug_line    0x00001d07      0x138 .\CortexM3\ARM_GCC_541\Debug\teclado.a(isr_Encoder.o)
 .debug_line    0x00001e3f      0x186 .\CortexM3\ARM_GCC_541\Debug\teclado.a(PWM.o)
 .debug_line    0x00001fc5       0xb5 .\CortexM3\ARM_GCC_541\Debug\teclado.a(sync.o)
 .debug_line    0x0000207a      0x135 .\CortexM3\ARM_GCC_541\Debug\teclado.a(isr_sync.o)
 .debug_line    0x000021af       0x66 .\CortexM3\ARM_GCC_541\Debug\teclado.a(CyBootAsmGnu.o)
 .debug_line    0x00002215      0x21a .\CortexM3\ARM_GCC_541\Debug\teclado.a(CyFlash.o)
 .debug_line    0x0000242f      0x260 .\CortexM3\ARM_GCC_541\Debug\teclado.a(CySpc.o)

.debug_frame    0x00000000     0x2104
 *(.debug_frame)
 .debug_frame   0x00000000       0xf4 .\CortexM3\ARM_GCC_541\Debug\main.o
 .debug_frame   0x000000f4       0xe4 .\CortexM3\ARM_GCC_541\Debug\cyfitter_cfg.o
 .debug_frame   0x000001d8       0xb8 .\CortexM3\ARM_GCC_541\Debug\Cm3Start.o
 .debug_frame   0x00000290       0x64 .\CortexM3\ARM_GCC_541\Debug\teclado.a(Keypad_1_Keypad1.o)
 .debug_frame   0x000002f4       0x78 .\CortexM3\ARM_GCC_541\Debug\teclado.a(Keypad_1_Status_Reg.o)
 .debug_frame   0x0000036c      0x738 .\CortexM3\ARM_GCC_541\Debug\teclado.a(CyLib.o)
 .debug_frame   0x00000aa4      0x1f8 .\CortexM3\ARM_GCC_541\Debug\teclado.a(cyPm.o)
 .debug_frame   0x00000c9c      0x1e8 .\CortexM3\ARM_GCC_541\Debug\teclado.a(LCD.o)
 .debug_frame   0x00000e84      0x104 .\CortexM3\ARM_GCC_541\Debug\teclado.a(isr_press.o)
 .debug_frame   0x00000f88       0x70 .\CortexM3\ARM_GCC_541\Debug\teclado.a(Encoder.o)
 .debug_frame   0x00000ff8      0x124 .\CortexM3\ARM_GCC_541\Debug\teclado.a(Timer.o)
 .debug_frame   0x0000111c      0x104 .\CortexM3\ARM_GCC_541\Debug\teclado.a(isr_1.o)
 .debug_frame   0x00001220      0x104 .\CortexM3\ARM_GCC_541\Debug\teclado.a(isr_Encoder.o)
 .debug_frame   0x00001324      0x134 .\CortexM3\ARM_GCC_541\Debug\teclado.a(PWM.o)
 .debug_frame   0x00001458       0x70 .\CortexM3\ARM_GCC_541\Debug\teclado.a(sync.o)
 .debug_frame   0x000014c8      0x104 .\CortexM3\ARM_GCC_541\Debug\teclado.a(isr_sync.o)
 .debug_frame   0x000015cc      0x194 .\CortexM3\ARM_GCC_541\Debug\teclado.a(CyFlash.o)
 .debug_frame   0x00001760      0x180 .\CortexM3\ARM_GCC_541\Debug\teclado.a(CySpc.o)
 .debug_frame   0x000018e0       0x20 c:/program files (x86)/cypress/psoc creator/4.2/psoc creator/import/gnu/arm/5.4.1/bin/../lib/gcc/arm-none-eabi/5.4.1/../../../../arm-none-eabi/lib/armv7-m\libg_nano.a(lib_a-errno.o)
 .debug_frame   0x00001900       0x28 c:/program files (x86)/cypress/psoc creator/4.2/psoc creator/import/gnu/arm/5.4.1/bin/../lib/gcc/arm-none-eabi/5.4.1/../../../../arm-none-eabi/lib/armv7-m\libg_nano.a(lib_a-exit.o)
 .debug_frame   0x00001928       0x2c c:/program files (x86)/cypress/psoc creator/4.2/psoc creator/import/gnu/arm/5.4.1/bin/../lib/gcc/arm-none-eabi/5.4.1/../../../../arm-none-eabi/lib/armv7-m\libg_nano.a(lib_a-init.o)
 .debug_frame   0x00001954       0x28 c:/program files (x86)/cypress/psoc creator/4.2/psoc creator/import/gnu/arm/5.4.1/bin/../lib/gcc/arm-none-eabi/5.4.1/../../../../arm-none-eabi/lib/armv7-m\libg_nano.a(lib_a-memcpy-stub.o)
 .debug_frame   0x0000197c       0x20 c:/program files (x86)/cypress/psoc creator/4.2/psoc creator/import/gnu/arm/5.4.1/bin/../lib/gcc/arm-none-eabi/5.4.1/../../../../arm-none-eabi/lib/armv7-m\libg_nano.a(lib_a-memset.o)
 .debug_frame   0x0000199c       0x8c c:/program files (x86)/cypress/psoc creator/4.2/psoc creator/import/gnu/arm/5.4.1/bin/../lib/gcc/arm-none-eabi/5.4.1/../../../../arm-none-eabi/lib/armv7-m\libg_nano.a(lib_a-nano-vfprintf_float.o)
 .debug_frame   0x00001a28       0x60 c:/program files (x86)/cypress/psoc creator/4.2/psoc creator/import/gnu/arm/5.4.1/bin/../lib/gcc/arm-none-eabi/5.4.1/../../../../arm-none-eabi/lib/armv7-m\libg_nano.a(lib_a-nano-vfprintf_i.o)
 .debug_frame   0x00001a88       0x70 c:/program files (x86)/cypress/psoc creator/4.2/psoc creator/import/gnu/arm/5.4.1/bin/../lib/gcc/arm-none-eabi/5.4.1/../../../../arm-none-eabi/lib/armv7-m\libg_nano.a(lib_a-sprintf.o)
 .debug_frame   0x00001af8       0x6c c:/program files (x86)/cypress/psoc creator/4.2/psoc creator/import/gnu/arm/5.4.1/bin/../lib/gcc/arm-none-eabi/5.4.1/../../../../arm-none-eabi/lib/armv7-m\libg_nano.a(lib_a-dtoa.o)
 .debug_frame   0x00001b64       0x98 c:/program files (x86)/cypress/psoc creator/4.2/psoc creator/import/gnu/arm/5.4.1/bin/../lib/gcc/arm-none-eabi/5.4.1/../../../../arm-none-eabi/lib/armv7-m\libg_nano.a(lib_a-locale.o)
 .debug_frame   0x00001bfc       0x30 c:/program files (x86)/cypress/psoc creator/4.2/psoc creator/import/gnu/arm/5.4.1/bin/../lib/gcc/arm-none-eabi/5.4.1/../../../../arm-none-eabi/lib/armv7-m\libg_nano.a(lib_a-malloc.o)
 .debug_frame   0x00001c2c       0x28 c:/program files (x86)/cypress/psoc creator/4.2/psoc creator/import/gnu/arm/5.4.1/bin/../lib/gcc/arm-none-eabi/5.4.1/../../../../arm-none-eabi/lib/armv7-m\libg_nano.a(lib_a-memchr-stub.o)
 .debug_frame   0x00001c54      0x234 c:/program files (x86)/cypress/psoc creator/4.2/psoc creator/import/gnu/arm/5.4.1/bin/../lib/gcc/arm-none-eabi/5.4.1/../../../../arm-none-eabi/lib/armv7-m\libg_nano.a(lib_a-mprec.o)
 .debug_frame   0x00001e88       0x2c c:/program files (x86)/cypress/psoc creator/4.2/psoc creator/import/gnu/arm/5.4.1/bin/../lib/gcc/arm-none-eabi/5.4.1/../../../../arm-none-eabi/lib/armv7-m\libg_nano.a(lib_a-nano-callocr.o)
 .debug_frame   0x00001eb4       0x38 c:/program files (x86)/cypress/psoc creator/4.2/psoc creator/import/gnu/arm/5.4.1/bin/../lib/gcc/arm-none-eabi/5.4.1/../../../../arm-none-eabi/lib/armv7-m\libg_nano.a(lib_a-nano-freer.o)
 .debug_frame   0x00001eec       0x2c c:/program files (x86)/cypress/psoc creator/4.2/psoc creator/import/gnu/arm/5.4.1/bin/../lib/gcc/arm-none-eabi/5.4.1/../../../../arm-none-eabi/lib/armv7-m\libg_nano.a(lib_a-nano-mallocr.o)
 .debug_frame   0x00001f18       0x90 c:/program files (x86)/cypress/psoc creator/4.2/psoc creator/import/gnu/arm/5.4.1/bin/../lib/gcc/arm-none-eabi/5.4.1/../../../../arm-none-eabi/lib/armv7-m\libg_nano.a(lib_a-nano-svfprintf.o)
 .debug_frame   0x00001fa8       0x2c c:/program files (x86)/cypress/psoc creator/4.2/psoc creator/import/gnu/arm/5.4.1/bin/../lib/gcc/arm-none-eabi/5.4.1/../../../../arm-none-eabi/lib/armv7-m\libg_nano.a(lib_a-sbrkr.o)
 .debug_frame   0x00001fd4       0x20 c:/program files (x86)/cypress/psoc creator/4.2/psoc creator/import/gnu/arm/5.4.1/bin/../lib/gcc/arm-none-eabi/5.4.1/../../../../arm-none-eabi/lib/armv7-m\libg_nano.a(lib_a-strcmp.o)
 .debug_frame   0x00001ff4       0x28 c:/program files (x86)/cypress/psoc creator/4.2/psoc creator/import/gnu/arm/5.4.1/bin/../lib/gcc/arm-none-eabi/5.4.1/../../../../arm-none-eabi/lib/armv7-m\libg_nano.a(lib_a-memmove.o)
 .debug_frame   0x0000201c       0x30 c:/program files (x86)/cypress/psoc creator/4.2/psoc creator/import/gnu/arm/5.4.1/bin/../lib/gcc/arm-none-eabi/5.4.1/../../../../arm-none-eabi/lib/armv7-m\libg_nano.a(lib_a-mlock.o)
 .debug_frame   0x0000204c       0x3c c:/program files (x86)/cypress/psoc creator/4.2/psoc creator/import/gnu/arm/5.4.1/bin/../lib/gcc/arm-none-eabi/5.4.1/../../../../arm-none-eabi/lib/armv7-m\libg_nano.a(lib_a-nano-reallocr.o)
 .debug_frame   0x00002088       0x5c c:/program files (x86)/cypress/psoc creator/4.2/psoc creator/import/gnu/arm/5.4.1/bin/../lib/gcc/arm-none-eabi/5.4.1/../../../../arm-none-eabi/lib/armv7-m\libg_nano.a(lib_a-reent.o)
 .debug_frame   0x000020e4       0x20 c:/program files (x86)/cypress/psoc creator/4.2/psoc creator/import/gnu/arm/5.4.1/bin/../lib/gcc/arm-none-eabi/5.4.1/../../../../arm-none-eabi/lib/armv7-m\libg_nano.a(lib_a-nano-msizer.o)

.debug_str      0x00000000     0x1e4c
 *(.debug_str)
 .debug_str     0x00000000      0x36a .\CortexM3\ARM_GCC_541\Debug\main.o
                                0x3b2 (size before relaxing)
 .debug_str     0x0000036a      0x173 .\CortexM3\ARM_GCC_541\Debug\cyfitter_cfg.o
                                0x30e (size before relaxing)
 .debug_str     0x000004dd       0x7f .\CortexM3\ARM_GCC_541\Debug\cymetadata.o
                                0x1e3 (size before relaxing)
 .debug_str     0x0000055c      0x13f .\CortexM3\ARM_GCC_541\Debug\Cm3Start.o
                                0x309 (size before relaxing)
 .debug_str     0x0000069b       0x63 .\CortexM3\ARM_GCC_541\Debug\teclado.a(Keypad_1_Keypad1.o)
                                0x22f (size before relaxing)
 .debug_str     0x000006fe       0xe3 .\CortexM3\ARM_GCC_541\Debug\teclado.a(Keypad_1_Status_Reg.o)
                                0x290 (size before relaxing)
 .debug_str     0x000007e1      0x801 .\CortexM3\ARM_GCC_541\Debug\teclado.a(CyLib.o)
                                0xa46 (size before relaxing)
 .debug_str     0x00000fe2      0x365 .\CortexM3\ARM_GCC_541\Debug\teclado.a(cyPm.o)
                                0x732 (size before relaxing)
 .debug_str     0x00001347      0x12f .\CortexM3\ARM_GCC_541\Debug\teclado.a(LCD.o)
                                0x32a (size before relaxing)
 .debug_str     0x00001476       0xf5 .\CortexM3\ARM_GCC_541\Debug\teclado.a(isr_press.o)
                                0x2dd (size before relaxing)
 .debug_str     0x0000156b       0x85 .\CortexM3\ARM_GCC_541\Debug\teclado.a(Encoder.o)
                                0x22b (size before relaxing)
 .debug_str     0x000015f0      0x167 .\CortexM3\ARM_GCC_541\Debug\teclado.a(Timer.o)
                                0x33a (size before relaxing)
 .debug_str     0x00001757       0xc5 .\CortexM3\ARM_GCC_541\Debug\teclado.a(isr_1.o)
                                0x2a5 (size before relaxing)
 .debug_str     0x0000181c      0x126 .\CortexM3\ARM_GCC_541\Debug\teclado.a(isr_Encoder.o)
                                0x2f9 (size before relaxing)
 .debug_str     0x00001942      0x138 .\CortexM3\ARM_GCC_541\Debug\teclado.a(PWM.o)
                                0x337 (size before relaxing)
 .debug_str     0x00001a7a       0x6c .\CortexM3\ARM_GCC_541\Debug\teclado.a(sync.o)
                                0x216 (size before relaxing)
 .debug_str     0x00001ae6       0xff .\CortexM3\ARM_GCC_541\Debug\teclado.a(isr_sync.o)
                                0x2cf (size before relaxing)
 .debug_str     0x00001be5      0x1bb .\CortexM3\ARM_GCC_541\Debug\teclado.a(CyFlash.o)
                                0x3bf (size before relaxing)
 .debug_str     0x00001da0       0xac .\CortexM3\ARM_GCC_541\Debug\teclado.a(CySpc.o)
                                0x337 (size before relaxing)

.debug_loc      0x00000000     0x2120
 *(.debug_loc)
 .debug_loc     0x00000000       0x93 .\CortexM3\ARM_GCC_541\Debug\main.o
 .debug_loc     0x00000093      0x1d7 .\CortexM3\ARM_GCC_541\Debug\cyfitter_cfg.o
 .debug_loc     0x0000026a      0x144 .\CortexM3\ARM_GCC_541\Debug\Cm3Start.o
 .debug_loc     0x000003ae       0x44 .\CortexM3\ARM_GCC_541\Debug\teclado.a(Keypad_1_Keypad1.o)
 .debug_loc     0x000003f2       0x44 .\CortexM3\ARM_GCC_541\Debug\teclado.a(Keypad_1_Status_Reg.o)
 .debug_loc     0x00000436      0xa11 .\CortexM3\ARM_GCC_541\Debug\teclado.a(CyLib.o)
 .debug_loc     0x00000e47      0x1e4 .\CortexM3\ARM_GCC_541\Debug\teclado.a(cyPm.o)
 .debug_loc     0x0000102b      0x3c6 .\CortexM3\ARM_GCC_541\Debug\teclado.a(LCD.o)
 .debug_loc     0x000013f1       0x56 .\CortexM3\ARM_GCC_541\Debug\teclado.a(isr_press.o)
 .debug_loc     0x00001447       0x63 .\CortexM3\ARM_GCC_541\Debug\teclado.a(Encoder.o)
 .debug_loc     0x000014aa       0x13 .\CortexM3\ARM_GCC_541\Debug\teclado.a(Timer.o)
 .debug_loc     0x000014bd       0x56 .\CortexM3\ARM_GCC_541\Debug\teclado.a(isr_1.o)
 .debug_loc     0x00001513       0x56 .\CortexM3\ARM_GCC_541\Debug\teclado.a(isr_Encoder.o)
 .debug_loc     0x00001569       0x26 .\CortexM3\ARM_GCC_541\Debug\teclado.a(PWM.o)
 .debug_loc     0x0000158f       0x84 .\CortexM3\ARM_GCC_541\Debug\teclado.a(sync.o)
 .debug_loc     0x00001613       0x56 .\CortexM3\ARM_GCC_541\Debug\teclado.a(isr_sync.o)
 .debug_loc     0x00001669      0x3b2 .\CortexM3\ARM_GCC_541\Debug\teclado.a(CyFlash.o)
 .debug_loc     0x00001a1b      0x705 .\CortexM3\ARM_GCC_541\Debug\teclado.a(CySpc.o)

.debug_macinfo
 *(.debug_macinfo)

.debug_ranges   0x00000000      0x8d8
 *(.debug_ranges)
 .debug_ranges  0x00000000       0x48 .\CortexM3\ARM_GCC_541\Debug\main.o
 .debug_ranges  0x00000048       0x48 .\CortexM3\ARM_GCC_541\Debug\cyfitter_cfg.o
 .debug_ranges  0x00000090       0x38 .\CortexM3\ARM_GCC_541\Debug\Cm3Start.o
 .debug_ranges  0x000000c8       0x20 .\CortexM3\ARM_GCC_541\Debug\teclado.a(Keypad_1_Keypad1.o)
 .debug_ranges  0x000000e8       0x30 .\CortexM3\ARM_GCC_541\Debug\teclado.a(Keypad_1_Status_Reg.o)
 .debug_ranges  0x00000118      0x290 .\CortexM3\ARM_GCC_541\Debug\teclado.a(CyLib.o)
 .debug_ranges  0x000003a8       0x88 .\CortexM3\ARM_GCC_541\Debug\teclado.a(cyPm.o)
 .debug_ranges  0x00000430       0x88 .\CortexM3\ARM_GCC_541\Debug\teclado.a(LCD.o)
 .debug_ranges  0x000004b8       0x70 .\CortexM3\ARM_GCC_541\Debug\teclado.a(isr_press.o)
 .debug_ranges  0x00000528       0x38 .\CortexM3\ARM_GCC_541\Debug\teclado.a(Encoder.o)
 .debug_ranges  0x00000560       0x80 .\CortexM3\ARM_GCC_541\Debug\teclado.a(Timer.o)
 .debug_ranges  0x000005e0       0x70 .\CortexM3\ARM_GCC_541\Debug\teclado.a(isr_1.o)
 .debug_ranges  0x00000650       0x70 .\CortexM3\ARM_GCC_541\Debug\teclado.a(isr_Encoder.o)
 .debug_ranges  0x000006c0       0x88 .\CortexM3\ARM_GCC_541\Debug\teclado.a(PWM.o)
 .debug_ranges  0x00000748       0x38 .\CortexM3\ARM_GCC_541\Debug\teclado.a(sync.o)
 .debug_ranges  0x00000780       0x70 .\CortexM3\ARM_GCC_541\Debug\teclado.a(isr_sync.o)
 .debug_ranges  0x000007f0       0x78 .\CortexM3\ARM_GCC_541\Debug\teclado.a(CyFlash.o)
 .debug_ranges  0x00000868       0x70 .\CortexM3\ARM_GCC_541\Debug\teclado.a(CySpc.o)

.comment        0x00000000       0x6e
 .comment       0x00000000       0x6e .\CortexM3\ARM_GCC_541\Debug\main.o
                                 0x6f (size before relaxing)
 .comment       0x0000006e       0x6f .\CortexM3\ARM_GCC_541\Debug\cyfitter_cfg.o
 .comment       0x0000006e       0x6f .\CortexM3\ARM_GCC_541\Debug\cymetadata.o
 .comment       0x0000006e       0x6f .\CortexM3\ARM_GCC_541\Debug\Cm3Start.o
 .comment       0x0000006e       0x6f .\CortexM3\ARM_GCC_541\Debug\teclado.a(Keypad_1_Keypad1.o)
 .comment       0x0000006e       0x6f .\CortexM3\ARM_GCC_541\Debug\teclado.a(Keypad_1_Status_Reg.o)
 .comment       0x0000006e       0x6f .\CortexM3\ARM_GCC_541\Debug\teclado.a(CyLib.o)
 .comment       0x0000006e       0x6f .\CortexM3\ARM_GCC_541\Debug\teclado.a(cyPm.o)
 .comment       0x0000006e       0x6f .\CortexM3\ARM_GCC_541\Debug\teclado.a(LCD.o)
 .comment       0x0000006e       0x6f .\CortexM3\ARM_GCC_541\Debug\teclado.a(isr_press.o)
 .comment       0x0000006e       0x6f .\CortexM3\ARM_GCC_541\Debug\teclado.a(Encoder.o)
 .comment       0x0000006e       0x6f .\CortexM3\ARM_GCC_541\Debug\teclado.a(Timer.o)
 .comment       0x0000006e       0x6f .\CortexM3\ARM_GCC_541\Debug\teclado.a(isr_1.o)
 .comment       0x0000006e       0x6f .\CortexM3\ARM_GCC_541\Debug\teclado.a(isr_Encoder.o)
 .comment       0x0000006e       0x6f .\CortexM3\ARM_GCC_541\Debug\teclado.a(PWM.o)
 .comment       0x0000006e       0x6f .\CortexM3\ARM_GCC_541\Debug\teclado.a(sync.o)
 .comment       0x0000006e       0x6f .\CortexM3\ARM_GCC_541\Debug\teclado.a(isr_sync.o)
 .comment       0x0000006e       0x6f .\CortexM3\ARM_GCC_541\Debug\teclado.a(CyFlash.o)
 .comment       0x0000006e       0x6f .\CortexM3\ARM_GCC_541\Debug\teclado.a(CySpc.o)

.debug_weaknames
 *(.debug_weaknames)

.debug_funcnames
 *(.debug_funcnames)

.debug_typenames
 *(.debug_typenames)

.debug_varnames
 *(.debug_varnames)

.note.gnu.arm.ident
 *(.note.gnu.arm.ident)

.ARM.attributes
                0x00000000       0x29
 *(.ARM.attributes)
 .ARM.attributes
                0x00000000       0x1d c:/program files (x86)/cypress/psoc creator/4.2/psoc creator/import/gnu/arm/5.4.1/bin/../lib/gcc/arm-none-eabi/5.4.1/armv7-m/crti.o
 .ARM.attributes
                0x0000001d       0x2d c:/program files (x86)/cypress/psoc creator/4.2/psoc creator/import/gnu/arm/5.4.1/bin/../lib/gcc/arm-none-eabi/5.4.1/armv7-m/crtbegin.o
 .ARM.attributes
                0x0000004a       0x1b c:/program files (x86)/cypress/psoc creator/4.2/psoc creator/import/gnu/arm/5.4.1/bin/../lib/gcc/arm-none-eabi/5.4.1/../../../../arm-none-eabi/lib/armv7-m/crt0.o
 .ARM.attributes
                0x00000065       0x33 .\CortexM3\ARM_GCC_541\Debug\main.o
 .ARM.attributes
                0x00000098       0x33 .\CortexM3\ARM_GCC_541\Debug\cyfitter_cfg.o
 .ARM.attributes
                0x000000cb       0x33 .\CortexM3\ARM_GCC_541\Debug\cymetadata.o
 .ARM.attributes
                0x000000fe       0x33 .\CortexM3\ARM_GCC_541\Debug\Cm3Start.o
 .ARM.attributes
                0x00000131       0x33 .\CortexM3\ARM_GCC_541\Debug\teclado.a(Keypad_1_Keypad1.o)
 .ARM.attributes
                0x00000164       0x33 .\CortexM3\ARM_GCC_541\Debug\teclado.a(Keypad_1_Status_Reg.o)
 .ARM.attributes
                0x00000197       0x33 .\CortexM3\ARM_GCC_541\Debug\teclado.a(CyLib.o)
 .ARM.attributes
                0x000001ca       0x33 .\CortexM3\ARM_GCC_541\Debug\teclado.a(cyPm.o)
 .ARM.attributes
                0x000001fd       0x33 .\CortexM3\ARM_GCC_541\Debug\teclado.a(LCD.o)
 .ARM.attributes
                0x00000230       0x33 .\CortexM3\ARM_GCC_541\Debug\teclado.a(isr_press.o)
 .ARM.attributes
                0x00000263       0x33 .\CortexM3\ARM_GCC_541\Debug\teclado.a(Encoder.o)
 .ARM.attributes
                0x00000296       0x33 .\CortexM3\ARM_GCC_541\Debug\teclado.a(Timer.o)
 .ARM.attributes
                0x000002c9       0x33 .\CortexM3\ARM_GCC_541\Debug\teclado.a(isr_1.o)
 .ARM.attributes
                0x000002fc       0x33 .\CortexM3\ARM_GCC_541\Debug\teclado.a(isr_Encoder.o)
 .ARM.attributes
                0x0000032f       0x33 .\CortexM3\ARM_GCC_541\Debug\teclado.a(PWM.o)
 .ARM.attributes
                0x00000362       0x33 .\CortexM3\ARM_GCC_541\Debug\teclado.a(sync.o)
 .ARM.attributes
                0x00000395       0x33 .\CortexM3\ARM_GCC_541\Debug\teclado.a(isr_sync.o)
 .ARM.attributes
                0x000003c8       0x21 .\CortexM3\ARM_GCC_541\Debug\teclado.a(CyBootAsmGnu.o)
 .ARM.attributes
                0x000003e9       0x33 .\CortexM3\ARM_GCC_541\Debug\teclado.a(CyFlash.o)
 .ARM.attributes
                0x0000041c       0x33 .\CortexM3\ARM_GCC_541\Debug\teclado.a(CySpc.o)
 .ARM.attributes
                0x0000044f       0x2d c:/program files (x86)/cypress/psoc creator/4.2/psoc creator/import/gnu/arm/5.4.1/bin/../lib/gcc/arm-none-eabi/5.4.1/../../../../arm-none-eabi/lib/armv7-m\libg_nano.a(lib_a-errno.o)
 .ARM.attributes
                0x0000047c       0x2d c:/program files (x86)/cypress/psoc creator/4.2/psoc creator/import/gnu/arm/5.4.1/bin/../lib/gcc/arm-none-eabi/5.4.1/../../../../arm-none-eabi/lib/armv7-m\libg_nano.a(lib_a-exit.o)
 .ARM.attributes
                0x000004a9       0x2d c:/program files (x86)/cypress/psoc creator/4.2/psoc creator/import/gnu/arm/5.4.1/bin/../lib/gcc/arm-none-eabi/5.4.1/../../../../arm-none-eabi/lib/armv7-m\libg_nano.a(lib_a-impure.o)
 .ARM.attributes
                0x000004d6       0x2d c:/program files (x86)/cypress/psoc creator/4.2/psoc creator/import/gnu/arm/5.4.1/bin/../lib/gcc/arm-none-eabi/5.4.1/../../../../arm-none-eabi/lib/armv7-m\libg_nano.a(lib_a-init.o)
 .ARM.attributes
                0x00000503       0x2d c:/program files (x86)/cypress/psoc creator/4.2/psoc creator/import/gnu/arm/5.4.1/bin/../lib/gcc/arm-none-eabi/5.4.1/../../../../arm-none-eabi/lib/armv7-m\libg_nano.a(lib_a-memcpy-stub.o)
 .ARM.attributes
                0x00000530       0x2d c:/program files (x86)/cypress/psoc creator/4.2/psoc creator/import/gnu/arm/5.4.1/bin/../lib/gcc/arm-none-eabi/5.4.1/../../../../arm-none-eabi/lib/armv7-m\libg_nano.a(lib_a-memset.o)
 .ARM.attributes
                0x0000055d       0x2d c:/program files (x86)/cypress/psoc creator/4.2/psoc creator/import/gnu/arm/5.4.1/bin/../lib/gcc/arm-none-eabi/5.4.1/../../../../arm-none-eabi/lib/armv7-m\libg_nano.a(lib_a-nano-vfprintf_float.o)
 .ARM.attributes
                0x0000058a       0x2d c:/program files (x86)/cypress/psoc creator/4.2/psoc creator/import/gnu/arm/5.4.1/bin/../lib/gcc/arm-none-eabi/5.4.1/../../../../arm-none-eabi/lib/armv7-m\libg_nano.a(lib_a-nano-vfprintf_i.o)
 .ARM.attributes
                0x000005b7       0x2d c:/program files (x86)/cypress/psoc creator/4.2/psoc creator/import/gnu/arm/5.4.1/bin/../lib/gcc/arm-none-eabi/5.4.1/../../../../arm-none-eabi/lib/armv7-m\libg_nano.a(lib_a-sprintf.o)
 .ARM.attributes
                0x000005e4       0x17 c:/program files (x86)/cypress/psoc creator/4.2/psoc creator/import/gnu/arm/5.4.1/bin/../lib/gcc/arm-none-eabi/5.4.1/../../../../arm-none-eabi/lib/armv7-m\libg_nano.a(lib_a-strlen.o)
 .ARM.attributes
                0x000005fb       0x2d c:/program files (x86)/cypress/psoc creator/4.2/psoc creator/import/gnu/arm/5.4.1/bin/../lib/gcc/arm-none-eabi/5.4.1/../../../../arm-none-eabi/lib/armv7-m\libg_nano.a(lib_a-dtoa.o)
 .ARM.attributes
                0x00000628       0x2d c:/program files (x86)/cypress/psoc creator/4.2/psoc creator/import/gnu/arm/5.4.1/bin/../lib/gcc/arm-none-eabi/5.4.1/../../../../arm-none-eabi/lib/armv7-m\libg_nano.a(lib_a-locale.o)
 .ARM.attributes
                0x00000655       0x2d c:/program files (x86)/cypress/psoc creator/4.2/psoc creator/import/gnu/arm/5.4.1/bin/../lib/gcc/arm-none-eabi/5.4.1/../../../../arm-none-eabi/lib/armv7-m\libg_nano.a(lib_a-malloc.o)
 .ARM.attributes
                0x00000682       0x2d c:/program files (x86)/cypress/psoc creator/4.2/psoc creator/import/gnu/arm/5.4.1/bin/../lib/gcc/arm-none-eabi/5.4.1/../../../../arm-none-eabi/lib/armv7-m\libg_nano.a(lib_a-memchr-stub.o)
 .ARM.attributes
                0x000006af       0x2d c:/program files (x86)/cypress/psoc creator/4.2/psoc creator/import/gnu/arm/5.4.1/bin/../lib/gcc/arm-none-eabi/5.4.1/../../../../arm-none-eabi/lib/armv7-m\libg_nano.a(lib_a-mprec.o)
 .ARM.attributes
                0x000006dc       0x2d c:/program files (x86)/cypress/psoc creator/4.2/psoc creator/import/gnu/arm/5.4.1/bin/../lib/gcc/arm-none-eabi/5.4.1/../../../../arm-none-eabi/lib/armv7-m\libg_nano.a(lib_a-nano-callocr.o)
 .ARM.attributes
                0x00000709       0x2d c:/program files (x86)/cypress/psoc creator/4.2/psoc creator/import/gnu/arm/5.4.1/bin/../lib/gcc/arm-none-eabi/5.4.1/../../../../arm-none-eabi/lib/armv7-m\libg_nano.a(lib_a-nano-freer.o)
 .ARM.attributes
                0x00000736       0x2d c:/program files (x86)/cypress/psoc creator/4.2/psoc creator/import/gnu/arm/5.4.1/bin/../lib/gcc/arm-none-eabi/5.4.1/../../../../arm-none-eabi/lib/armv7-m\libg_nano.a(lib_a-nano-mallocr.o)
 .ARM.attributes
                0x00000763       0x2d c:/program files (x86)/cypress/psoc creator/4.2/psoc creator/import/gnu/arm/5.4.1/bin/../lib/gcc/arm-none-eabi/5.4.1/../../../../arm-none-eabi/lib/armv7-m\libg_nano.a(lib_a-nano-svfprintf.o)
 .ARM.attributes
                0x00000790       0x2d c:/program files (x86)/cypress/psoc creator/4.2/psoc creator/import/gnu/arm/5.4.1/bin/../lib/gcc/arm-none-eabi/5.4.1/../../../../arm-none-eabi/lib/armv7-m\libg_nano.a(lib_a-sbrkr.o)
 .ARM.attributes
                0x000007bd       0x1b c:/program files (x86)/cypress/psoc creator/4.2/psoc creator/import/gnu/arm/5.4.1/bin/../lib/gcc/arm-none-eabi/5.4.1/../../../../arm-none-eabi/lib/armv7-m\libg_nano.a(lib_a-strcmp.o)
 .ARM.attributes
                0x000007d8       0x2d c:/program files (x86)/cypress/psoc creator/4.2/psoc creator/import/gnu/arm/5.4.1/bin/../lib/gcc/arm-none-eabi/5.4.1/../../../../arm-none-eabi/lib/armv7-m\libg_nano.a(lib_a-memmove.o)
 .ARM.attributes
                0x00000805       0x2d c:/program files (x86)/cypress/psoc creator/4.2/psoc creator/import/gnu/arm/5.4.1/bin/../lib/gcc/arm-none-eabi/5.4.1/../../../../arm-none-eabi/lib/armv7-m\libg_nano.a(lib_a-mlock.o)
 .ARM.attributes
                0x00000832       0x2d c:/program files (x86)/cypress/psoc creator/4.2/psoc creator/import/gnu/arm/5.4.1/bin/../lib/gcc/arm-none-eabi/5.4.1/../../../../arm-none-eabi/lib/armv7-m\libg_nano.a(lib_a-nano-reallocr.o)
 .ARM.attributes
                0x0000085f       0x2d c:/program files (x86)/cypress/psoc creator/4.2/psoc creator/import/gnu/arm/5.4.1/bin/../lib/gcc/arm-none-eabi/5.4.1/../../../../arm-none-eabi/lib/armv7-m\libg_nano.a(lib_a-reent.o)
 .ARM.attributes
                0x0000088c       0x2d c:/program files (x86)/cypress/psoc creator/4.2/psoc creator/import/gnu/arm/5.4.1/bin/../lib/gcc/arm-none-eabi/5.4.1/../../../../arm-none-eabi/lib/armv7-m\libg_nano.a(lib_a-nano-msizer.o)
 .ARM.attributes
                0x000008b9       0x1d c:/program files (x86)/cypress/psoc creator/4.2/psoc creator/import/gnu/arm/5.4.1/bin/../lib/gcc/arm-none-eabi/5.4.1/armv7-m\libgcc.a(_arm_addsubdf3.o)
 .ARM.attributes
                0x000008d6       0x1d c:/program files (x86)/cypress/psoc creator/4.2/psoc creator/import/gnu/arm/5.4.1/bin/../lib/gcc/arm-none-eabi/5.4.1/armv7-m\libgcc.a(_arm_muldivdf3.o)
 .ARM.attributes
                0x000008f3       0x1d c:/program files (x86)/cypress/psoc creator/4.2/psoc creator/import/gnu/arm/5.4.1/bin/../lib/gcc/arm-none-eabi/5.4.1/armv7-m\libgcc.a(_arm_cmpdf2.o)
 .ARM.attributes
                0x00000910       0x1d c:/program files (x86)/cypress/psoc creator/4.2/psoc creator/import/gnu/arm/5.4.1/bin/../lib/gcc/arm-none-eabi/5.4.1/armv7-m\libgcc.a(_arm_unorddf2.o)
 .ARM.attributes
                0x0000092d       0x1d c:/program files (x86)/cypress/psoc creator/4.2/psoc creator/import/gnu/arm/5.4.1/bin/../lib/gcc/arm-none-eabi/5.4.1/armv7-m\libgcc.a(_arm_fixdfsi.o)
 .ARM.attributes
                0x0000094a       0x2d c:/program files (x86)/cypress/psoc creator/4.2/psoc creator/import/gnu/arm/5.4.1/bin/../lib/gcc/arm-none-eabi/5.4.1/armv7-m/crtend.o
 .ARM.attributes
                0x00000977       0x1d c:/program files (x86)/cypress/psoc creator/4.2/psoc creator/import/gnu/arm/5.4.1/bin/../lib/gcc/arm-none-eabi/5.4.1/armv7-m/crtn.o

/DISCARD/
 *(.note.GNU-stack)
OUTPUT(C:\Users\jeanpierre\Documents\PSoC Creator\teclado\teclado.cydsn\CortexM3\ARM_GCC_541\Debug\teclado.elf elf32-littlearm)
