Archive member included to satisfy reference by file (symbol)

.\CortexM3\ARM_GCC_541\Debug\teclado.a(Keypad_1_Keypad1.o)
                              .\CortexM3\ARM_GCC_541\Debug\main.o (Keypad_1_GetButton)
.\CortexM3\ARM_GCC_541\Debug\teclado.a(Keypad_1_Status_Reg.o)
                              .\CortexM3\ARM_GCC_541\Debug\teclado.a(Keypad_1_Keypad1.o) (Keypad_1_Status_Reg_Read)
.\CortexM3\ARM_GCC_541\Debug\teclado.a(CyLib.o)
                              .\CortexM3\ARM_GCC_541\Debug\Cm3Start.o (CyHalt)
.\CortexM3\ARM_GCC_541\Debug\teclado.a(cyPm.o)
                              .\CortexM3\ARM_GCC_541\Debug\teclado.a(CyLib.o) (CyPmReadStatus)
.\CortexM3\ARM_GCC_541\Debug\teclado.a(LCD.o)
                              .\CortexM3\ARM_GCC_541\Debug\main.o (LCD_PrintString)
.\CortexM3\ARM_GCC_541\Debug\teclado.a(isr_press.o)
                              .\CortexM3\ARM_GCC_541\Debug\main.o (isr_press_StartEx)
.\CortexM3\ARM_GCC_541\Debug\teclado.a(Encoder.o)
                              .\CortexM3\ARM_GCC_541\Debug\main.o (Encoder_Read)
.\CortexM3\ARM_GCC_541\Debug\teclado.a(Timer.o)
                              .\CortexM3\ARM_GCC_541\Debug\main.o (Timer_Start)
.\CortexM3\ARM_GCC_541\Debug\teclado.a(isr_1.o)
                              .\CortexM3\ARM_GCC_541\Debug\main.o (isr_1_StartEx)
.\CortexM3\ARM_GCC_541\Debug\teclado.a(isr_Encoder.o)
                              .\CortexM3\ARM_GCC_541\Debug\main.o (isr_Encoder_StartEx)
.\CortexM3\ARM_GCC_541\Debug\teclado.a(PWM.o)
                              .\CortexM3\ARM_GCC_541\Debug\main.o (PWM_WriteCompare)
.\CortexM3\ARM_GCC_541\Debug\teclado.a(salida.o)
                              .\CortexM3\ARM_GCC_541\Debug\main.o (salida_Read)
.\CortexM3\ARM_GCC_541\Debug\teclado.a(sync.o)
                              .\CortexM3\ARM_GCC_541\Debug\main.o (sync_ClearInterrupt)
.\CortexM3\ARM_GCC_541\Debug\teclado.a(isr_sync.o)
                              .\CortexM3\ARM_GCC_541\Debug\main.o (isr_sync_StartEx)
.\CortexM3\ARM_GCC_541\Debug\teclado.a(Pin_1.o)
                              .\CortexM3\ARM_GCC_541\Debug\main.o (Pin_1_Write)
.\CortexM3\ARM_GCC_541\Debug\teclado.a(CyBootAsmGnu.o)
                              .\CortexM3\ARM_GCC_541\Debug\cyfitter_cfg.o (CyDelayCycles)
.\CortexM3\ARM_GCC_541\Debug\teclado.a(CyFlash.o)
                              .\CortexM3\ARM_GCC_541\Debug\teclado.a(cyPm.o) (CyFlash_SetWaitCycles)
.\CortexM3\ARM_GCC_541\Debug\teclado.a(CySpc.o)
                              .\CortexM3\ARM_GCC_541\Debug\teclado.a(CyFlash.o) (CySpcStart)
c:/program files (x86)/cypress/psoc creator/4.2/psoc creator/import/gnu/arm/5.4.1/bin/../lib/gcc/arm-none-eabi/5.4.1/../../../../arm-none-eabi/lib/armv7-m\libg_nano.a(lib_a-errno.o)
                              .\CortexM3\ARM_GCC_541\Debug\Cm3Start.o (__errno)
c:/program files (x86)/cypress/psoc creator/4.2/psoc creator/import/gnu/arm/5.4.1/bin/../lib/gcc/arm-none-eabi/5.4.1/../../../../arm-none-eabi/lib/armv7-m\libg_nano.a(lib_a-exit.o)
                              c:/program files (x86)/cypress/psoc creator/4.2/psoc creator/import/gnu/arm/5.4.1/bin/../lib/gcc/arm-none-eabi/5.4.1/../../../../arm-none-eabi/lib/armv7-m/crt0.o (exit)
c:/program files (x86)/cypress/psoc creator/4.2/psoc creator/import/gnu/arm/5.4.1/bin/../lib/gcc/arm-none-eabi/5.4.1/../../../../arm-none-eabi/lib/armv7-m\libg_nano.a(lib_a-impure.o)
                              c:/program files (x86)/cypress/psoc creator/4.2/psoc creator/import/gnu/arm/5.4.1/bin/../lib/gcc/arm-none-eabi/5.4.1/../../../../arm-none-eabi/lib/armv7-m\libg_nano.a(lib_a-exit.o) (_global_impure_ptr)
c:/program files (x86)/cypress/psoc creator/4.2/psoc creator/import/gnu/arm/5.4.1/bin/../lib/gcc/arm-none-eabi/5.4.1/../../../../arm-none-eabi/lib/armv7-m\libg_nano.a(lib_a-init.o)
                              c:/program files (x86)/cypress/psoc creator/4.2/psoc creator/import/gnu/arm/5.4.1/bin/../lib/gcc/arm-none-eabi/5.4.1/../../../../arm-none-eabi/lib/armv7-m/crt0.o (__libc_init_array)
c:/program files (x86)/cypress/psoc creator/4.2/psoc creator/import/gnu/arm/5.4.1/bin/../lib/gcc/arm-none-eabi/5.4.1/../../../../arm-none-eabi/lib/armv7-m\libg_nano.a(lib_a-memcpy-stub.o)
                              .\CortexM3\ARM_GCC_541\Debug\cyfitter_cfg.o (memcpy)
c:/program files (x86)/cypress/psoc creator/4.2/psoc creator/import/gnu/arm/5.4.1/bin/../lib/gcc/arm-none-eabi/5.4.1/../../../../arm-none-eabi/lib/armv7-m\libg_nano.a(lib_a-memset.o)
                              c:/program files (x86)/cypress/psoc creator/4.2/psoc creator/import/gnu/arm/5.4.1/bin/../lib/gcc/arm-none-eabi/5.4.1/../../../../arm-none-eabi/lib/armv7-m/crt0.o (memset)
c:/program files (x86)/cypress/psoc creator/4.2/psoc creator/import/gnu/arm/5.4.1/bin/../lib/gcc/arm-none-eabi/5.4.1/../../../../arm-none-eabi/lib/armv7-m\libg_nano.a(lib_a-nano-vfprintf_float.o)
                              (_printf_float)
[...]
Memory Configuration

Name             Origin             Length             Attributes
rom              0x00000000         0x00040000         xr
ram              0x1fff8000         0x00010000         xrw
*default*        0x00000000         0xffffffff

Linker script and memory map

LOAD c:/program files (x86)/cypress/psoc creator/4.2/psoc creator/import/gnu/arm/5.4.1/bin/../lib/gcc/arm-none-eabi/5.4.1/armv7-m/crti.o
LOAD c:/program files (x86)/cypress/psoc creator/4.2/psoc creator/import/gnu/arm/5.4.1/bin/../lib/gcc/arm-none-eabi/5.4.1/armv7-m/crtbegin.o
LOAD c:/program files (x86)/cypress/psoc creator/4.2/psoc creator/import/gnu/arm/5.4.1/bin/../lib/gcc/arm-none-eabi/5.4.1/../../../../arm-none-eabi/lib/armv7-m/crt0.o
START GROUP
LOAD .\CortexM3\ARM_GCC_541\Debug\main.o
LOAD .\CortexM3\ARM_GCC_541\Debug\cyfitter_cfg.o
LOAD .\CortexM3\ARM_GCC_541\Debug\cymetadata.o
LOAD .\CortexM3\ARM_GCC_541\Debug\Cm3Start.o
LOAD .\CortexM3\ARM_GCC_541\Debug\teclado.a
LOAD C:\Program Files (x86)\Cypress\PSoC Creator\4.2\PSoC Creator\psoc\content\cycomponentlibrary\CyComponentLibrary.cylib\CortexM3\ARM_GCC_541\Debug\CyComponentLibrary.a
END GROUP
START GROUP
LOAD c:/program files (x86)/cypress/psoc creator/4.2/psoc creator/import/gnu/arm/5.4.1/bin/../lib/gcc/arm-none-eabi/5.4.1/armv7-m\libgcc.a
LOAD c:/program files (x86)/cypress/psoc creator/4.2/psoc creator/import/gnu/arm/5.4.1/bin/../lib/gcc/arm-none-eabi/5.4.1/../../../../arm-none-eabi/lib/armv7-m\libg_nano.a
LOAD c:/program files (x86)/cypress/psoc creator/4.2/psoc creator/import/gnu/arm/5.4.1/bin/../lib/gcc/arm-none-eabi/5.4.1/../../../../arm-none-eabi/lib/armv7-m\libc_nano.a
END GROUP
START GROUP
LOAD c:/program files (x86)/cypress/psoc creator/4.2/psoc creator/import/gnu/arm/5.4.1/bin/../lib/gcc/arm-none-eabi/5.4.1/armv7-m\libgcc.a
LOAD c:/program files (x86)/cypress/psoc creator/4.2/psoc creator/import/gnu/arm/5.4.1/bin/../lib/gcc/arm-none-eabi/5.4.1/../../../../arm-none-eabi/lib/armv7-m\libc_nano.a
END GROUP
LOAD c:/program files (x86)/cypress/psoc creator/4.2/psoc creator/import/gnu/arm/5.4.1/bin/../lib/gcc/arm-none-eabi/5.4.1/armv7-m/crtend.o
LOAD c:/program files (x86)/cypress/psoc creator/4.2/psoc creator/import/gnu/arm/5.4.1/bin/../lib/gcc/arm-none-eabi/5.4.1/armv7-m/crtn.o
START GROUP
LOAD c:/program files (x86)/cypress/psoc creator/4.2/psoc creator/import/gnu/arm/5.4.1/bin/../lib/gcc/arm-none-eabi/5.4.1/armv7-m\libgcc.a
LOAD c:/program files (x86)/cypress/psoc creator/4.2/psoc creator/import/gnu/arm/5.4.1/bin/../lib/gcc/arm-none-eabi/5.4.1/../../../../arm-none-eabi/lib/armv7-m\libc.a
LOAD c:/program files (x86)/cypress/psoc creator/4.2/psoc creator/import/gnu/arm/5.4.1/bin/../lib/gcc/arm-none-eabi/5.4.1/../../../../arm-none-eabi/lib/armv7-m\libnosys.a
END GROUP
                0x00000000                CY_APPL_ORIGIN = 0x0
                0x00000100                CY_FLASH_ROW_SIZE = 0x100
                0x00000020                CY_ECC_ROW_SIZE = 0x20
                0x00000000                CY_EE_IN_BTLDR = 0x0
                0x00000000                CY_APPL_LOADABLE = 0x0
                0x00000800                CY_EE_SIZE = 0x800
                0x00000001                CY_APPL_NUM = 0x1
                0x00000001                CY_APPL_MAX = 0x1
                0x00000040                CY_METADATA_SIZE = 0x40
                0x00000000                CY_APPL_LOADABLE = 0x0
                0x00000000                CY_CHECKSUM_EXCLUDE_SIZE = ALIGN (0x0, CY_FLASH_ROW_SIZE)
                [!provide]                PROVIDE (__cy_heap_start, _end)
                0x00000001                PROVIDE (__cy_region_num, ((__cy_regions_end - __cy_regions) / 0x10))
                0x20008000                PROVIDE (__cy_stack, (ORIGIN (ram) + LENGTH (ram)))
                [!provide]                PROVIDE (__cy_heap_end, (__cy_stack - 0x800))

.cybootloader   0x00000000        0x0
 *(.cybootloader)
                0x00000000                appl1_start = CY_APPL_ORIGIN?CY_APPL_ORIGIN:ALIGN (CY_FLASH_ROW_SIZE)
                0x0001ff00                appl2_start = (appl1_start + ALIGN ((((LENGTH (rom) - appl1_start) - (0x2 * CY_FLASH_ROW_SIZE)) / 0x2), CY_FLASH_ROW_SIZE))
                0x00000000                appl_start = (CY_APPL_NUM == 0x1)?appl1_start:appl2_start
                0x00000000                ecc_offset = ((appl_start / CY_FLASH_ROW_SIZE) * CY_ECC_ROW_SIZE)
                0x00000000                ee_offset = (CY_APPL_LOADABLE && ! (CY_EE_IN_BTLDR))?((CY_EE_SIZE / CY_APPL_MAX) * (CY_APPL_NUM - 0x1)):0x0
                0x00000800                ee_size = (CY_APPL_LOADABLE && ! (CY_EE_IN_BTLDR))?(CY_EE_SIZE / CY_APPL_MAX):CY_EE_SIZE
                [!provide]                PROVIDE (CY_ECC_OFFSET, ecc_offset)

.text           0x00000000     0x3650
 CREATE_OBJECT_SYMBOLS
                0x00000000                PROVIDE (__cy_interrupt_vector, RomVectors)
 *(.romvectors)
 .romvectors    0x00000000       0x10 .\CortexM3\ARM_GCC_541\Debug\Cm3Start.o
                0x00000000                RomVectors
                0x00000001                ASSERT ((. != __cy_interrupt_vector), No interrupt vector)
                0x00000001                ASSERT (CY_APPL_ORIGIN?(SIZEOF (.cybootloader) <= CY_APPL_ORIGIN):0x1, Wrong image location)
                0x00000010                PROVIDE (__cy_reset, Reset)
 *(.text.Reset)
 .text.Reset    0x00000010       0x18 .\CortexM3\ARM_GCC_541\Debug\Cm3Start.o
                0x00000010                Reset
                0x00000001                ASSERT ((. != __cy_reset), No reset code)
 *(.dma_init)
                0x00000001                ASSERT ((((appl_start + .) <= 0x10000) || 0x1), DMA Init must be within the first 64k of flash)
 *(.text .text.* .gnu.linkonce.t.*)
 .text          0x00000028       0x5c c:/program files (x86)/cypress/psoc creator/4.2/psoc creator/import/gnu/arm/5.4.1/bin/../lib/gcc/arm-none-eabi/5.4.1/armv7-m/crtbegin.o
 .text.Timer_ISR
                0x00000084       0x48 .\CortexM3\ARM_GCC_541\Debug\main.o
                0x00000084                Timer_ISR
 .text.Encoder_ISR
                0x000000cc       0x2c .\CortexM3\ARM_GCC_541\Debug\main.o
                0x000000cc                Encoder_ISR
 .text.sync     0x000000f8       0x30 .\CortexM3\ARM_GCC_541\Debug\main.o
                0x000000f8                sync
 .text.press_ISR
                0x00000128       0x98 .\CortexM3\ARM_GCC_541\Debug\main.o
                0x00000128                press_ISR
 .text.Set_Speed
                0x000001c0       0x14 .\CortexM3\ARM_GCC_541\Debug\main.o
                0x000001c0                Set_Speed
 .text.main     0x000001d4       0xc8 .\CortexM3\ARM_GCC_541\Debug\main.o
                0x000001d4                main
 .text.CyClockStartupError
                0x0000029c        0x4 .\CortexM3\ARM_GCC_541\Debug\cyfitter_cfg.o
 .text.cfg_write_bytes32
                0x000002a0       0x34 .\CortexM3\ARM_GCC_541\Debug\cyfitter_cfg.o
 .text.AnalogSetDefault
                0x000002d4       0x28 .\CortexM3\ARM_GCC_541\Debug\cyfitter_cfg.o
 .text.CYMEMZERO
                0x000002fc        0xc .\CortexM3\ARM_GCC_541\Debug\cyfitter_cfg.o
 .text.ClockSetup
                0x00000308       0xcc .\CortexM3\ARM_GCC_541\Debug\cyfitter_cfg.o
 .text.CYCONFIGCPY
                0x000003d4        0x8 .\CortexM3\ARM_GCC_541\Debug\cyfitter_cfg.o
 .text.cyfitter_cfg
                0x000003dc      0x114 .\CortexM3\ARM_GCC_541\Debug\cyfitter_cfg.o
                0x000003dc                cyfitter_cfg
 .text.IntDefaultHandler
                0x000004f0       0x10 .\CortexM3\ARM_GCC_541\Debug\Cm3Start.o
                0x000004f0                IntDefaultHandler
 .text._sbrk    0x00000500       0x30 .\CortexM3\ARM_GCC_541\Debug\Cm3Start.o
                0x00000500                _sbrk
 .text.Start_c  0x00000530       0x4c .\CortexM3\ARM_GCC_541\Debug\Cm3Start.o
                0x00000530                Start_c
 .text.initialize_psoc
                0x0000057c       0x68 .\CortexM3\ARM_GCC_541\Debug\Cm3Start.o
                0x0000057c                initialize_psoc
 .text.Keypad_1_GetCol
                0x000005e4       0x24 .\CortexM3\ARM_GCC_541\Debug\teclado.a(Keypad_1_Keypad1.o)
                0x000005e4                Keypad_1_GetCol
 .text.Keypad_1_GetRow
                0x00000608       0x24 .\CortexM3\ARM_GCC_541\Debug\teclado.a(Keypad_1_Keypad1.o)
                0x00000608                Keypad_1_GetRow
 .text.Keypad_1_GetButton
                0x0000062c       0x28 .\CortexM3\ARM_GCC_541\Debug\teclado.a(Keypad_1_Keypad1.o)
                0x0000062c                Keypad_1_GetButton
 .text.Keypad_1_Status_Reg_Read
                0x00000654        0xc .\CortexM3\ARM_GCC_541\Debug\teclado.a(Keypad_1_Status_Reg.o)
                0x00000654                Keypad_1_Status_Reg_Read
 .text.CyDelay  0x00000660       0x2c .\CortexM3\ARM_GCC_541\Debug\teclado.a(CyLib.o)
                0x00000660                CyDelay
 .text.CyDelayUs
                0x0000068c       0x14 .\CortexM3\ARM_GCC_541\Debug\teclado.a(CyLib.o)
                0x0000068c                CyDelayUs
 .text.LCD_WrCntrlNib
                0x000006a0       0x34 .\CortexM3\ARM_GCC_541\Debug\teclado.a(LCD.o)
 .text.LCD_WrDatNib
                0x000006d4       0x44 .\CortexM3\ARM_GCC_541\Debug\teclado.a(LCD.o)
 .text.LCD_IsReady
                0x00000718       0xe4 .\CortexM3\ARM_GCC_541\Debug\teclado.a(LCD.o)
                0x00000718                LCD_IsReady
 .text.LCD_WriteData
                0x000007fc       0x18 .\CortexM3\ARM_GCC_541\Debug\teclado.a(LCD.o)
                0x000007fc                LCD_WriteData
 .text.LCD_PrintString
                0x00000814       0x1c .\CortexM3\ARM_GCC_541\Debug\teclado.a(LCD.o)
                0x00000814                LCD_PrintString
 .text.LCD_PutChar
                0x00000830        0x8 .\CortexM3\ARM_GCC_541\Debug\teclado.a(LCD.o)
                0x00000830                LCD_PutChar
 .text.LCD_WriteControl
                0x00000838       0x18 .\CortexM3\ARM_GCC_541\Debug\teclado.a(LCD.o)
                0x00000838                LCD_WriteControl
 .text.LCD_Init
                0x00000850       0x6c .\CortexM3\ARM_GCC_541\Debug\teclado.a(LCD.o)
                0x00000850                LCD_Init
 .text.LCD_Enable
                0x000008bc       0x14 .\CortexM3\ARM_GCC_541\Debug\teclado.a(LCD.o)
                0x000008bc                LCD_Enable
 .text.LCD_Start
                0x000008d0       0x1c .\CortexM3\ARM_GCC_541\Debug\teclado.a(LCD.o)
                0x000008d0                LCD_Start
 .text.LCD_Position
                0x000008ec       0x3c .\CortexM3\ARM_GCC_541\Debug\teclado.a(LCD.o)
                0x000008ec                LCD_Position
 .text.isr_press_SetVector
                0x00000928        0xc .\CortexM3\ARM_GCC_541\Debug\teclado.a(isr_press.o)
                0x00000928                isr_press_SetVector
 .text.isr_press_SetPriority
                0x00000934       0x10 .\CortexM3\ARM_GCC_541\Debug\teclado.a(isr_press.o)
                0x00000934                isr_press_SetPriority
 .text.isr_press_Enable
                0x00000944        0xc .\CortexM3\ARM_GCC_541\Debug\teclado.a(isr_press.o)
                0x00000944                isr_press_Enable
 .text.isr_press_Disable
                0x00000950        0xc .\CortexM3\ARM_GCC_541\Debug\teclado.a(isr_press.o)
                0x00000950                isr_press_Disable
 .text.isr_press_StartEx
                0x0000095c       0x1c .\CortexM3\ARM_GCC_541\Debug\teclado.a(isr_press.o)
                0x0000095c                isr_press_StartEx
 .text.isr_press_ClearPending
                0x00000978        0xc .\CortexM3\ARM_GCC_541\Debug\teclado.a(isr_press.o)
                0x00000978                isr_press_ClearPending
 .text.Encoder_Read
                0x00000984        0xc .\CortexM3\ARM_GCC_541\Debug\teclado.a(Encoder.o)
                0x00000984                Encoder_Read
 .text.Encoder_ClearInterrupt
                0x00000990        0xc .\CortexM3\ARM_GCC_541\Debug\teclado.a(Encoder.o)
                0x00000990                Encoder_ClearInterrupt
 .text.Timer_Enable
                0x0000099c       0x10 .\CortexM3\ARM_GCC_541\Debug\teclado.a(Timer.o)
                0x0000099c                Timer_Enable
 .text.Timer_SetInterruptMode
                0x000009ac        0xc .\CortexM3\ARM_GCC_541\Debug\teclado.a(Timer.o)
                0x000009ac                Timer_SetInterruptMode
 .text.Timer_ReadStatusRegister
                0x000009b8        0xc .\CortexM3\ARM_GCC_541\Debug\teclado.a(Timer.o)
                0x000009b8                Timer_ReadStatusRegister
 .text.Timer_WritePeriod
                0x000009c4        0xc .\CortexM3\ARM_GCC_541\Debug\teclado.a(Timer.o)
                0x000009c4                Timer_WritePeriod
 .text.Timer_ReadCapture
                0x000009d0        0xc .\CortexM3\ARM_GCC_541\Debug\teclado.a(Timer.o)
                0x000009d0                Timer_ReadCapture
 .text.Timer_WriteCounter
                0x000009dc        0xc .\CortexM3\ARM_GCC_541\Debug\teclado.a(Timer.o)
                0x000009dc                Timer_WriteCounter
 .text.Timer_ClearFIFO
                0x000009e8       0x14 .\CortexM3\ARM_GCC_541\Debug\teclado.a(Timer.o)
                0x000009e8                Timer_ClearFIFO
 .text.Timer_Init
                0x000009fc       0x34 .\CortexM3\ARM_GCC_541\Debug\teclado.a(Timer.o)
                0x000009fc                Timer_Init
 .text.Timer_Start
                0x00000a30       0x1c .\CortexM3\ARM_GCC_541\Debug\teclado.a(Timer.o)
                0x00000a30                Timer_Start
 .text.isr_1_SetVector
                0x00000a4c        0xc .\CortexM3\ARM_GCC_541\Debug\teclado.a(isr_1.o)
                0x00000a4c                isr_1_SetVector
 .text.isr_1_SetPriority
                0x00000a58       0x10 .\CortexM3\ARM_GCC_541\Debug\teclado.a(isr_1.o)
                0x00000a58                isr_1_SetPriority
 .text.isr_1_Enable
                0x00000a68        0xc .\CortexM3\ARM_GCC_541\Debug\teclado.a(isr_1.o)
                0x00000a68                isr_1_Enable
 .text.isr_1_Disable
                0x00000a74        0xc .\CortexM3\ARM_GCC_541\Debug\teclado.a(isr_1.o)
                0x00000a74                isr_1_Disable
 .text.isr_1_StartEx
                0x00000a80       0x1c .\CortexM3\ARM_GCC_541\Debug\teclado.a(isr_1.o)
                0x00000a80                isr_1_StartEx
 .text.isr_1_ClearPending
                0x00000a9c        0xc .\CortexM3\ARM_GCC_541\Debug\teclado.a(isr_1.o)
                0x00000a9c                isr_1_ClearPending
 .text.isr_Encoder_SetVector
                0x00000aa8        0xc .\CortexM3\ARM_GCC_541\Debug\teclado.a(isr_Encoder.o)
                0x00000aa8                isr_Encoder_SetVector
 .text.isr_Encoder_SetPriority
                0x00000ab4       0x10 .\CortexM3\ARM_GCC_541\Debug\teclado.a(isr_Encoder.o)
                0x00000ab4                isr_Encoder_SetPriority
 .text.isr_Encoder_Enable
                0x00000ac4        0xc .\CortexM3\ARM_GCC_541\Debug\teclado.a(isr_Encoder.o)
                0x00000ac4                isr_Encoder_Enable
 .text.isr_Encoder_Disable
                0x00000ad0        0xc .\CortexM3\ARM_GCC_541\Debug\teclado.a(isr_Encoder.o)
                0x00000ad0                isr_Encoder_Disable
 .text.isr_Encoder_StartEx
                0x00000adc       0x1c .\CortexM3\ARM_GCC_541\Debug\teclado.a(isr_Encoder.o)
                0x00000adc                isr_Encoder_StartEx
 .text.PWM_Enable
                0x00000af8       0x10 .\CortexM3\ARM_GCC_541\Debug\teclado.a(PWM.o)
                0x00000af8                PWM_Enable
 .text.PWM_WriteCounter
                0x00000b08        0xc .\CortexM3\ARM_GCC_541\Debug\teclado.a(PWM.o)
                0x00000b08                PWM_WriteCounter
 .text.PWM_WritePeriod
                0x00000b14        0xc .\CortexM3\ARM_GCC_541\Debug\teclado.a(PWM.o)
                0x00000b14                PWM_WritePeriod
 .text.PWM_WriteCompare
                0x00000b20        0xc .\CortexM3\ARM_GCC_541\Debug\teclado.a(PWM.o)
                0x00000b20                PWM_WriteCompare
 .text.PWM_SetInterruptMode
                0x00000b2c        0xc .\CortexM3\ARM_GCC_541\Debug\teclado.a(PWM.o)
                0x00000b2c                PWM_SetInterruptMode
 .text.PWM_ReadStatusRegister
                0x00000b38        0xc .\CortexM3\ARM_GCC_541\Debug\teclado.a(PWM.o)
                0x00000b38                PWM_ReadStatusRegister
 .text.PWM_ReadCapture
                0x00000b44        0xc .\CortexM3\ARM_GCC_541\Debug\teclado.a(PWM.o)
                0x00000b44                PWM_ReadCapture
 .text.PWM_ClearFIFO
                0x00000b50       0x14 .\CortexM3\ARM_GCC_541\Debug\teclado.a(PWM.o)
                0x00000b50                PWM_ClearFIFO
 .text.PWM_Init
                0x00000b64       0x5c .\CortexM3\ARM_GCC_541\Debug\teclado.a(PWM.o)
                0x00000b64                PWM_Init
 .text.PWM_Start
                0x00000bc0       0x1c .\CortexM3\ARM_GCC_541\Debug\teclado.a(PWM.o)
                0x00000bc0                PWM_Start
 .text.salida_Read
                0x00000bdc       0x10 .\CortexM3\ARM_GCC_541\Debug\teclado.a(salida.o)
                0x00000bdc                salida_Read
 .text.sync_ClearInterrupt
                0x00000bec       0x10 .\CortexM3\ARM_GCC_541\Debug\teclado.a(sync.o)
                0x00000bec                sync_ClearInterrupt
 .text.isr_sync_SetVector
                0x00000bfc        0xc .\CortexM3\ARM_GCC_541\Debug\teclado.a(isr_sync.o)
                0x00000bfc                isr_sync_SetVector
 .text.isr_sync_SetPriority
                0x00000c08       0x10 .\CortexM3\ARM_GCC_541\Debug\teclado.a(isr_sync.o)
                0x00000c08                isr_sync_SetPriority
 .text.isr_sync_Enable
                0x00000c18        0xc .\CortexM3\ARM_GCC_541\Debug\teclado.a(isr_sync.o)
                0x00000c18                isr_sync_Enable
 .text.isr_sync_Disable
                0x00000c24        0xc .\CortexM3\ARM_GCC_541\Debug\teclado.a(isr_sync.o)
                0x00000c24                isr_sync_Disable
 .text.isr_sync_StartEx
                0x00000c30       0x1c .\CortexM3\ARM_GCC_541\Debug\teclado.a(isr_sync.o)
                0x00000c30                isr_sync_StartEx
 .text.Pin_1_Write
                0x00000c4c       0x18 .\CortexM3\ARM_GCC_541\Debug\teclado.a(Pin_1.o)
                0x00000c4c                Pin_1_Write
 *fill*         0x00000c64        0x4 
 .text          0x00000c68       0x20 .\CortexM3\ARM_GCC_541\Debug\teclado.a(CyBootAsmGnu.o)
                0x00000c68                CyDelayCycles
                0x00000c78                CyEnterCriticalSection
                0x00000c80                CyExitCriticalSection
 .text.__errno  0x00000c88        0xc c:/program files (x86)/cypress/psoc creator/4.2/psoc creator/import/gnu/arm/5.4.1/bin/../lib/gcc/arm-none-eabi/5.4.1/../../../../arm-none-eabi/lib/armv7-m\libg_nano.a(lib_a-errno.o)
                0x00000c88                __errno
 .text.__libc_init_array
                0x00000c94       0x4c c:/program files (x86)/cypress/psoc creator/4.2/psoc creator/import/gnu/arm/5.4.1/bin/../lib/gcc/arm-none-eabi/5.4.1/../../../../arm-none-eabi/lib/armv7-m\libg_nano.a(lib_a-init.o)
                0x00000c94                __libc_init_array
 .text.memcpy   0x00000ce0       0x16 c:/program files (x86)/cypress/psoc creator/4.2/psoc creator/import/gnu/arm/5.4.1/bin/../lib/gcc/arm-none-eabi/5.4.1/../../../../arm-none-eabi/lib/armv7-m\libg_nano.a(lib_a-memcpy-stub.o)
                0x00000ce0                memcpy
 .text.memset   0x00000cf6       0x10 c:/program files (x86)/cypress/psoc creator/4.2/psoc creator/import/gnu/arm/5.4.1/bin/../lib/gcc/arm-none-eabi/5.4.1/../../../../arm-none-eabi/lib/armv7-m\libg_nano.a(lib_a-memset.o)
                0x00000cf6                memset
 .text.__cvt    0x00000d06       0xc0 c:/program files (x86)/cypress/psoc creator/4.2/psoc creator/import/gnu/arm/5.4.1/bin/../lib/gcc/arm-none-eabi/5.4.1/../../../../arm-none-eabi/lib/armv7-m\libg_nano.a(lib_a-nano-vfprintf_float.o)
                0x00000d06                __cvt
 .text.__exponent
                0x00000dc6       0x62 c:/program files (x86)/cypress/psoc creator/4.2/psoc creator/import/gnu/arm/5.4.1/bin/../lib/gcc/arm-none-eabi/5.4.1/../../../../arm-none-eabi/lib/armv7-m\libg_nano.a(lib_a-nano-vfprintf_float.o)
                0x00000dc6                __exponent
 .text._printf_float
                0x00000e28      0x488 c:/program files (x86)/cypress/psoc creator/4.2/psoc creator/import/gnu/arm/5.4.1/bin/../lib/gcc/arm-none-eabi/5.4.1/../../../../arm-none-eabi/lib/armv7-m\libg_nano.a(lib_a-nano-vfprintf_float.o)
                0x00000e28                _printf_float
 .text._printf_common
                0x000012b0       0xec c:/program files (x86)/cypress/psoc creator/4.2/psoc creator/import/gnu/arm/5.4.1/bin/../lib/gcc/arm-none-eabi/5.4.1/../../../../arm-none-eabi/lib/armv7-m\libg_nano.a(lib_a-nano-vfprintf_i.o)
                0x000012b0                _printf_common
 .text._printf_i
                0x0000139c      0x24c c:/program files (x86)/cypress/psoc creator/4.2/psoc creator/import/gnu/arm/5.4.1/bin/../lib/gcc/arm-none-eabi/5.4.1/../../../../arm-none-eabi/lib/armv7-m\libg_nano.a(lib_a-nano-vfprintf_i.o)
                0x0000139c                _printf_i
 .text.sprintf  0x000015e8       0x48 c:/program files (x86)/cypress/psoc creator/4.2/psoc creator/import/gnu/arm/5.4.1/bin/../lib/gcc/arm-none-eabi/5.4.1/../../../../arm-none-eabi/lib/armv7-m\libg_nano.a(lib_a-sprintf.o)
                0x000015e8                siprintf
                0x000015e8                sprintf
 .text          0x00001630       0x10 c:/program files (x86)/cypress/psoc creator/4.2/psoc creator/import/gnu/arm/5.4.1/bin/../lib/gcc/arm-none-eabi/5.4.1/../../../../arm-none-eabi/lib/armv7-m\libg_nano.a(lib_a-strlen.o)
                0x00001630                strlen
 .text.quorem   0x00001640      0x116 c:/program files (x86)/cypress/psoc creator/4.2/psoc creator/import/gnu/arm/5.4.1/bin/../lib/gcc/arm-none-eabi/5.4.1/../../../../arm-none-eabi/lib/armv7-m\libg_nano.a(lib_a-dtoa.o)
 *fill*         0x00001756        0x2 
 .text._dtoa_r  0x00001758      0xb30 c:/program files (x86)/cypress/psoc creator/4.2/psoc creator/import/gnu/arm/5.4.1/bin/../lib/gcc/arm-none-eabi/5.4.1/../../../../arm-none-eabi/lib/armv7-m\libg_nano.a(lib_a-dtoa.o)
                0x00001758                _dtoa_r
 .text._localeconv_r
                0x00002288        0x8 c:/program files (x86)/cypress/psoc creator/4.2/psoc creator/import/gnu/arm/5.4.1/bin/../lib/gcc/arm-none-eabi/5.4.1/../../../../arm-none-eabi/lib/armv7-m\libg_nano.a(lib_a-locale.o)
                0x00002288                _localeconv_r
 .text.malloc   0x00002290       0x10 c:/program files (x86)/cypress/psoc creator/4.2/psoc creator/import/gnu/arm/5.4.1/bin/../lib/gcc/arm-none-eabi/5.4.1/../../../../arm-none-eabi/lib/armv7-m\libg_nano.a(lib_a-malloc.o)
                0x00002290                malloc
 .text.memchr   0x000022a0       0x1c c:/program files (x86)/cypress/psoc creator/4.2/psoc creator/import/gnu/arm/5.4.1/bin/../lib/gcc/arm-none-eabi/5.4.1/../../../../arm-none-eabi/lib/armv7-m\libg_nano.a(lib_a-memchr-stub.o)
                0x000022a0                memchr
 .text._Balloc  0x000022bc       0x6a c:/program files (x86)/cypress/psoc creator/4.2/psoc creator/import/gnu/arm/5.4.1/bin/../lib/gcc/arm-none-eabi/5.4.1/../../../../arm-none-eabi/lib/armv7-m\libg_nano.a(lib_a-mprec.o)
                0x000022bc                _Balloc
 .text._Bfree   0x00002326       0x2e c:/program files (x86)/cypress/psoc creator/4.2/psoc creator/import/gnu/arm/5.4.1/bin/../lib/gcc/arm-none-eabi/5.4.1/../../../../arm-none-eabi/lib/armv7-m\libg_nano.a(lib_a-mprec.o)
                0x00002326                _Bfree
 .text.__multadd
                0x00002354       0x76 c:/program files (x86)/cypress/psoc creator/4.2/psoc creator/import/gnu/arm/5.4.1/bin/../lib/gcc/arm-none-eabi/5.4.1/../../../../arm-none-eabi/lib/armv7-m\libg_nano.a(lib_a-mprec.o)
                0x00002354                __multadd
 .text.__hi0bits
                0x000023ca       0x40 c:/program files (x86)/cypress/psoc creator/4.2/psoc creator/import/gnu/arm/5.4.1/bin/../lib/gcc/arm-none-eabi/5.4.1/../../../../arm-none-eabi/lib/armv7-m\libg_nano.a(lib_a-mprec.o)
                0x000023ca                __hi0bits
 .text.__lo0bits
                0x0000240a       0x5a c:/program files (x86)/cypress/psoc creator/4.2/psoc creator/import/gnu/arm/5.4.1/bin/../lib/gcc/arm-none-eabi/5.4.1/../../../../arm-none-eabi/lib/armv7-m\libg_nano.a(lib_a-mprec.o)
                0x0000240a                __lo0bits
 .text.__i2b    0x00002464       0x12 c:/program files (x86)/cypress/psoc creator/4.2/psoc creator/import/gnu/arm/5.4.1/bin/../lib/gcc/arm-none-eabi/5.4.1/../../../../arm-none-eabi/lib/armv7-m\libg_nano.a(lib_a-mprec.o)
                0x00002464                __i2b
 .text.__multiply
                0x00002476      0x120 c:/program files (x86)/cypress/psoc creator/4.2/psoc creator/import/gnu/arm/5.4.1/bin/../lib/gcc/arm-none-eabi/5.4.1/../../../../arm-none-eabi/lib/armv7-m\libg_nano.a(lib_a-mprec.o)
                0x00002476                __multiply
 *fill*         0x00002596        0x2 
 .text.__pow5mult
                0x00002598       0x9c c:/program files (x86)/cypress/psoc creator/4.2/psoc creator/import/gnu/arm/5.4.1/bin/../lib/gcc/arm-none-eabi/5.4.1/../../../../arm-none-eabi/lib/armv7-m\libg_nano.a(lib_a-mprec.o)
                0x00002598                __pow5mult
 .text.__lshift
                0x00002634       0xa2 c:/program files (x86)/cypress/psoc creator/4.2/psoc creator/import/gnu/arm/5.4.1/bin/../lib/gcc/arm-none-eabi/5.4.1/../../../../arm-none-eabi/lib/armv7-m\libg_nano.a(lib_a-mprec.o)
                0x00002634                __lshift
 .text.__mcmp   0x000026d6       0x38 c:/program files (x86)/cypress/psoc creator/4.2/psoc creator/import/gnu/arm/5.4.1/bin/../lib/gcc/arm-none-eabi/5.4.1/../../../../arm-none-eabi/lib/armv7-m\libg_nano.a(lib_a-mprec.o)
                0x000026d6                __mcmp
 .text.__mdiff  0x0000270e       0xbe c:/program files (x86)/cypress/psoc creator/4.2/psoc creator/import/gnu/arm/5.4.1/bin/../lib/gcc/arm-none-eabi/5.4.1/../../../../arm-none-eabi/lib/armv7-m\libg_nano.a(lib_a-mprec.o)
                0x0000270e                __mdiff
 .text.__d2b    0x000027cc       0x9c c:/program files (x86)/cypress/psoc creator/4.2/psoc creator/import/gnu/arm/5.4.1/bin/../lib/gcc/arm-none-eabi/5.4.1/../../../../arm-none-eabi/lib/armv7-m\libg_nano.a(lib_a-mprec.o)
                0x000027cc                __d2b
 .text._calloc_r
                0x00002868       0x1c c:/program files (x86)/cypress/psoc creator/4.2/psoc creator/import/gnu/arm/5.4.1/bin/../lib/gcc/arm-none-eabi/5.4.1/../../../../arm-none-eabi/lib/armv7-m\libg_nano.a(lib_a-nano-callocr.o)
                0x00002868                _calloc_r
 .text._free_r  0x00002884       0x98 c:/program files (x86)/cypress/psoc creator/4.2/psoc creator/import/gnu/arm/5.4.1/bin/../lib/gcc/arm-none-eabi/5.4.1/../../../../arm-none-eabi/lib/armv7-m\libg_nano.a(lib_a-nano-freer.o)
                0x00002884                _free_r
 .text._malloc_r
                0x0000291c       0xbc c:/program files (x86)/cypress/psoc creator/4.2/psoc creator/import/gnu/arm/5.4.1/bin/../lib/gcc/arm-none-eabi/5.4.1/../../../../arm-none-eabi/lib/armv7-m\libg_nano.a(lib_a-nano-mallocr.o)
                0x0000291c                _malloc_r
 .text.__ssputs_r
                0x000029d8       0xb2 c:/program files (x86)/cypress/psoc creator/4.2/psoc creator/import/gnu/arm/5.4.1/bin/../lib/gcc/arm-none-eabi/5.4.1/../../../../arm-none-eabi/lib/armv7-m\libg_nano.a(lib_a-nano-svfprintf.o)
                0x000029d8                __ssputs_r
 *fill*         0x00002a8a        0x2 
 .text._svfprintf_r
                0x00002a8c      0x1e8 c:/program files (x86)/cypress/psoc creator/4.2/psoc creator/import/gnu/arm/5.4.1/bin/../lib/gcc/arm-none-eabi/5.4.1/../../../../arm-none-eabi/lib/armv7-m\libg_nano.a(lib_a-nano-svfprintf.o)
                0x00002a8c                _svfiprintf_r
                0x00002a8c                _svfprintf_r
 .text._sbrk_r  0x00002c74       0x20 c:/program files (x86)/cypress/psoc creator/4.2/psoc creator/import/gnu/arm/5.4.1/bin/../lib/gcc/arm-none-eabi/5.4.1/../../../../arm-none-eabi/lib/armv7-m\libg_nano.a(lib_a-sbrkr.o)
                0x00002c74                _sbrk_r
 .text.memmove  0x00002c94       0x36 c:/program files (x86)/cypress/psoc creator/4.2/psoc creator/import/gnu/arm/5.4.1/bin/../lib/gcc/arm-none-eabi/5.4.1/../../../../arm-none-eabi/lib/armv7-m\libg_nano.a(lib_a-memmove.o)
                0x00002c94                memmove
 .text.__malloc_lock
                0x00002cca        0x2 c:/program files (x86)/cypress/psoc creator/4.2/psoc creator/import/gnu/arm/5.4.1/bin/../lib/gcc/arm-none-eabi/5.4.1/../../../../arm-none-eabi/lib/armv7-m\libg_nano.a(lib_a-mlock.o)
                0x00002cca                __malloc_lock
 .text.__malloc_unlock
                0x00002ccc        0x2 c:/program files (x86)/cypress/psoc creator/4.2/psoc creator/import/gnu/arm/5.4.1/bin/../lib/gcc/arm-none-eabi/5.4.1/../../../../arm-none-eabi/lib/armv7-m\libg_nano.a(lib_a-mlock.o)
                0x00002ccc                __malloc_unlock
 .text._realloc_r
                0x00002cce       0x4c c:/program files (x86)/cypress/psoc creator/4.2/psoc creator/import/gnu/arm/5.4.1/bin/../lib/gcc/arm-none-eabi/5.4.1/../../../../arm-none-eabi/lib/armv7-m\libg_nano.a(lib_a-nano-reallocr.o)
                0x00002cce                _realloc_r
 .text._malloc_usable_size_r
                0x00002d1a       0x14 c:/program files (x86)/cypress/psoc creator/4.2/psoc creator/import/gnu/arm/5.4.1/bin/../lib/gcc/arm-none-eabi/5.4.1/../../../../arm-none-eabi/lib/armv7-m\libg_nano.a(lib_a-nano-msizer.o)
                0x00002d1a                _malloc_usable_size_r
 *fill*         0x00002d2e        0x2 
 .text          0x00002d30      0x370 c:/program files (x86)/cypress/psoc creator/4.2/psoc creator/import/gnu/arm/5.4.1/bin/../lib/gcc/arm-none-eabi/5.4.1/armv7-m\libgcc.a(_arm_addsubdf3.o)
                0x00002d30                __aeabi_drsub
                0x00002d38                __aeabi_dsub
                0x00002d38                __subdf3
                0x00002d3c                __aeabi_dadd
                0x00002d3c                __adddf3
                0x00002fb4                __floatunsidf
                0x00002fb4                __aeabi_ui2d
                0x00002fd4                __floatsidf
                0x00002fd4                __aeabi_i2d
                0x00002ff8                __aeabi_f2d
                0x00002ff8                __extendsfdf2
                0x00003034                __floatundidf
                0x00003034                __aeabi_ul2d
                0x00003044                __floatdidf
                0x00003044                __aeabi_l2d
 .text          0x000030a0      0x424 c:/program files (x86)/cypress/psoc creator/4.2/psoc creator/import/gnu/arm/5.4.1/bin/../lib/gcc/arm-none-eabi/5.4.1/armv7-m\libgcc.a(_arm_muldivdf3.o)
                0x000030a0                __aeabi_dmul
                0x000030a0                __muldf3
                0x000032f4                __divdf3
                0x000032f4                __aeabi_ddiv
 .text          0x000034c4      0x110 c:/program files (x86)/cypress/psoc creator/4.2/psoc creator/import/gnu/arm/5.4.1/bin/../lib/gcc/arm-none-eabi/5.4.1/armv7-m\libgcc.a(_arm_cmpdf2.o)
                0x000034c4                __gtdf2
                0x000034c4                __gedf2
                0x000034cc                __ltdf2
                0x000034cc                __ledf2
                0x000034d4                __nedf2
                0x000034d4                __eqdf2
                0x000034d4                __cmpdf2
                0x00003550                __aeabi_cdrcmple
                0x00003560                __aeabi_cdcmpeq
                0x00003560                __aeabi_cdcmple
                0x00003570                __aeabi_dcmpeq
                0x00003584                __aeabi_dcmplt
                0x00003598                __aeabi_dcmple
                0x000035ac                __aeabi_dcmpge
                0x000035c0                __aeabi_dcmpgt
 .text          0x000035d4       0x2c c:/program files (x86)/cypress/psoc creator/4.2/psoc creator/import/gnu/arm/5.4.1/bin/../lib/gcc/arm-none-eabi/5.4.1/armv7-m\libgcc.a(_arm_unorddf2.o)
                0x000035d4                __unorddf2
                0x000035d4                __aeabi_dcmpun
 .text          0x00003600       0x50 c:/program files (x86)/cypress/psoc creator/4.2/psoc creator/import/gnu/arm/5.4.1/bin/../lib/gcc/arm-none-eabi/5.4.1/armv7-m\libgcc.a(_arm_fixdfsi.o)
                0x00003600                __aeabi_d2iz
                0x00003600                __fixdfsi
 *(.plt)
 *(.gnu.warning)
 *(.glue_7t)
 .glue_7t       0x00003650        0x0 linker stubs
 *(.glue_7)
 .glue_7        0x00003650        0x0 linker stubs
 *(.vfp11_veneer)
 .vfp11_veneer  0x00003650        0x0 linker stubs
 *(.bootloader)
 *(.ARM.extab* .gnu.linkonce.armextab.*)
 *(.gcc_except_table)

.v4_bx          0x00003650        0x0
 .v4_bx         0x00003650        0x0 linker stubs

.iplt           0x00003650        0x0
 .iplt          0x00003650        0x0 c:/program files (x86)/cypress/psoc creator/4.2/psoc creator/import/gnu/arm/5.4.1/bin/../lib/gcc/arm-none-eabi/5.4.1/armv7-m/crtbegin.o

.eh_frame_hdr
 *(.eh_frame_hdr)

.eh_frame       0x00003650        0x4
 *(.eh_frame)
 .eh_frame      0x00003650        0x0 c:/program files (x86)/cypress/psoc creator/4.2/psoc creator/import/gnu/arm/5.4.1/bin/../lib/gcc/arm-none-eabi/5.4.1/armv7-m/crtbegin.o
 .eh_frame      0x00003650        0x4 c:/program files (x86)/cypress/psoc creator/4.2/psoc creator/import/gnu/arm/5.4.1/bin/../lib/gcc/arm-none-eabi/5.4.1/armv7-m/crtend.o
                [!provide]                PROVIDE (__exidx_start, .)

.ARM.exidx
 *(.ARM.exidx* .gnu.linkonce.armexidx.*)
                0x00003654                __exidx_end = .

.rodata         0x00003658      0x1f8
 *(.rodata .rodata.* .gnu.linkonce.r.*)
 .rodata.str1.4
                0x00003658       0x38 .\CortexM3\ARM_GCC_541\Debug\main.o
 .rodata        0x00003690       0x2a .\CortexM3\ARM_GCC_541\Debug\cyfitter_cfg.o
 .rodata.str1.1
                0x000036ba        0x2 c:/program files (x86)/cypress/psoc creator/4.2/psoc creator/import/gnu/arm/5.4.1/bin/../lib/gcc/arm-none-eabi/5.4.1/../../../../arm-none-eabi/lib/armv7-m\libg_nano.a(lib_a-impure.o)
 .rodata.str1.1
                0x000036bc       0x12 c:/program files (x86)/cypress/psoc creator/4.2/psoc creator/import/gnu/arm/5.4.1/bin/../lib/gcc/arm-none-eabi/5.4.1/../../../../arm-none-eabi/lib/armv7-m\libg_nano.a(lib_a-nano-vfprintf_float.o)
 .rodata.str1.1
                0x000036ce       0x22 c:/program files (x86)/cypress/psoc creator/4.2/psoc creator/import/gnu/arm/5.4.1/bin/../lib/gcc/arm-none-eabi/5.4.1/../../../../arm-none-eabi/lib/armv7-m\libg_nano.a(lib_a-nano-vfprintf_i.o)
 .rodata.str1.1
                0x000036f0        0xd c:/program files (x86)/cypress/psoc creator/4.2/psoc creator/import/gnu/arm/5.4.1/bin/../lib/gcc/arm-none-eabi/5.4.1/../../../../arm-none-eabi/lib/armv7-m\libg_nano.a(lib_a-dtoa.o)
                                  0xf (size before relaxing)
 .rodata.str1.1
                0x000036fd        0x8 c:/program files (x86)/cypress/psoc creator/4.2/psoc creator/import/gnu/arm/5.4.1/bin/../lib/gcc/arm-none-eabi/5.4.1/../../../../arm-none-eabi/lib/armv7-m\libg_nano.a(lib_a-locale.o)
                                  0xb (size before relaxing)
 *fill*         0x00003705        0x3 
 .rodata.__mprec_tens
                0x00003708       0xc8 c:/program files (x86)/cypress/psoc creator/4.2/psoc creator/import/gnu/arm/5.4.1/bin/../lib/gcc/arm-none-eabi/5.4.1/../../../../arm-none-eabi/lib/armv7-m\libg_nano.a(lib_a-mprec.o)
                0x00003708                __mprec_tens
 .rodata.p05.5408
                0x000037d0        0xc c:/program files (x86)/cypress/psoc creator/4.2/psoc creator/import/gnu/arm/5.4.1/bin/../lib/gcc/arm-none-eabi/5.4.1/../../../../arm-none-eabi/lib/armv7-m\libg_nano.a(lib_a-mprec.o)
 *fill*         0x000037dc        0x4 
 .rodata.__mprec_bigtens
                0x000037e0       0x28 c:/program files (x86)/cypress/psoc creator/4.2/psoc creator/import/gnu/arm/5.4.1/bin/../lib/gcc/arm-none-eabi/5.4.1/../../../../arm-none-eabi/lib/armv7-m\libg_nano.a(lib_a-mprec.o)
                0x000037e0                __mprec_bigtens
 .rodata.str1.1
                0x00003808       0x11 c:/program files (x86)/cypress/psoc creator/4.2/psoc creator/import/gnu/arm/5.4.1/bin/../lib/gcc/arm-none-eabi/5.4.1/../../../../arm-none-eabi/lib/armv7-m\libg_nano.a(lib_a-nano-svfprintf.o)
                0x0000381c                . = ALIGN (0x4)
 *fill*         0x00003819        0x3 
 *(.init)
 .init          0x0000381c        0x4 c:/program files (x86)/cypress/psoc creator/4.2/psoc creator/import/gnu/arm/5.4.1/bin/../lib/gcc/arm-none-eabi/5.4.1/armv7-m/crti.o
                0x0000381c                _init
 .init          0x00003820        0x8 c:/program files (x86)/cypress/psoc creator/4.2/psoc creator/import/gnu/arm/5.4.1/bin/../lib/gcc/arm-none-eabi/5.4.1/armv7-m/crtn.o
                0x00003828                . = ALIGN (0x4)
                0x00003828                __preinit_array_start = .
 *(.preinit_array)
                0x00003828                __preinit_array_end = .
                0x00003828                . = ALIGN (0x4)
                0x00003828                __init_array_start = .
 *(SORT(.init_array.*))
 *(.init_array)
 .init_array    0x00003828        0x4 c:/program files (x86)/cypress/psoc creator/4.2/psoc creator/import/gnu/arm/5.4.1/bin/../lib/gcc/arm-none-eabi/5.4.1/armv7-m/crtbegin.o
 .init_array    0x0000382c        0x4 .\CortexM3\ARM_GCC_541\Debug\Cm3Start.o
                0x00003830                __init_array_end = .
                0x00003830                . = ALIGN (0x4)
 *(.fini)
 .fini          0x00003830        0x4 c:/program files (x86)/cypress/psoc creator/4.2/psoc creator/import/gnu/arm/5.4.1/bin/../lib/gcc/arm-none-eabi/5.4.1/armv7-m/crti.o
                0x00003830                _fini
 .fini          0x00003834        0x8 c:/program files (x86)/cypress/psoc creator/4.2/psoc creator/import/gnu/arm/5.4.1/bin/../lib/gcc/arm-none-eabi/5.4.1/armv7-m/crtn.o
                0x0000383c                . = ALIGN (0x4)
                0x0000383c                __fini_array_start = .
 *(.fini_array)
 .fini_array    0x0000383c        0x4 c:/program files (x86)/cypress/psoc creator/4.2/psoc creator/import/gnu/arm/5.4.1/bin/../lib/gcc/arm-none-eabi/5.4.1/armv7-m/crtbegin.o
 *(SORT(.fini_array.*))
                0x00003840                __fini_array_end = .
                0x00003840                . = ALIGN (0x4)
 *crtbegin.o(.ctors)
 *(EXCLUDE_FILE(*crtend.o) .ctors)
 *(SORT(.ctors.*))
 *crtend.o(.ctors)
                0x00003840                . = ALIGN (0x4)
 *crtbegin.o(.dtors)
 *(EXCLUDE_FILE(*crtend.o) .dtors)
 *(SORT(.dtors.*))
 *crtend.o(.dtors)
                0x00003840                . = ALIGN (0x4)
                0x00003840                __cy_regions = .
                0x00003840        0x4 LONG 0x3850 __cy_region_init_ram
                0x00003844        0x4 LONG 0x1fff80c8 __cy_region_start_data
                0x00003848        0x4 LONG 0xc8 __cy_region_init_size_ram
                0x0000384c        0x4 LONG 0x80 __cy_region_zero_size_ram
                0x00003850                __cy_regions_end = .
                0x00003850                . = ALIGN (0x8)
                0x00003850                _etext = .

.cy_checksum_exclude
                0x00003850        0x0
 *(.cy_checksum_exclude)

.ramvectors     0x1fff8000       0xc0
                0x1fff8000                __cy_region_start_ram = .
 *(.ramvectors)
 .ramvectors    0x1fff8000       0xc0 .\CortexM3\ARM_GCC_541\Debug\Cm3Start.o
                0x1fff8000                CyRamVectors

.noinit         0x1fff80c0        0x1
 *(.noinit)
 .noinit        0x1fff80c0        0x1 .\CortexM3\ARM_GCC_541\Debug\teclado.a(CyLib.o)
                0x1fff80c0                CyResetStatus

.data           0x1fff80c8       0xc8 load address 0x00003850
                0x1fff80c8                __cy_region_start_data = .
 *(.jcr)
 .jcr           0x1fff80c8        0x0 c:/program files (x86)/cypress/psoc creator/4.2/psoc creator/import/gnu/arm/5.4.1/bin/../lib/gcc/arm-none-eabi/5.4.1/armv7-m/crtbegin.o
 .jcr           0x1fff80c8        0x4 c:/program files (x86)/cypress/psoc creator/4.2/psoc creator/import/gnu/arm/5.4.1/bin/../lib/gcc/arm-none-eabi/5.4.1/armv7-m/crtend.o
 *(.got.plt)
 *(.got)
 *(.shdata)
 *(.data .data.* .gnu.linkonce.d.*)
 .data          0x1fff80cc       0x14 .\CortexM3\ARM_GCC_541\Debug\main.o
                0x1fff80cc                flag
                0x1fff80d0                Keypad_1_Key
 .data          0x1fff80e0        0x4 .\CortexM3\ARM_GCC_541\Debug\Cm3Start.o
 .data          0x1fff80e4       0x10 .\CortexM3\ARM_GCC_541\Debug\teclado.a(CyLib.o)
                0x1fff80e4                cydelay_32k_ms
                0x1fff80e8                cydelay_freq_khz
                0x1fff80ec                cydelay_freq_mhz
                0x1fff80f0                cydelay_freq_hz
 .data.impure_data
                0x1fff80f4       0x60 c:/program files (x86)/cypress/psoc creator/4.2/psoc creator/import/gnu/arm/5.4.1/bin/../lib/gcc/arm-none-eabi/5.4.1/../../../../arm-none-eabi/lib/armv7-m\libg_nano.a(lib_a-impure.o)
 .data._impure_ptr
                0x1fff8154        0x4 c:/program files (x86)/cypress/psoc creator/4.2/psoc creator/import/gnu/arm/5.4.1/bin/../lib/gcc/arm-none-eabi/5.4.1/../../../../arm-none-eabi/lib/armv7-m\libg_nano.a(lib_a-impure.o)
                0x1fff8154                _impure_ptr
 .data.lconv    0x1fff8158       0x38 c:/program files (x86)/cypress/psoc creator/4.2/psoc creator/import/gnu/arm/5.4.1/bin/../lib/gcc/arm-none-eabi/5.4.1/../../../../arm-none-eabi/lib/armv7-m\libg_nano.a(lib_a-locale.o)
                0x1fff8190                . = ALIGN (0x8)
 *(.ram)
                0x1fff8190                _edata = .

.igot.plt       0x1fff8190        0x0 load address 0x00003918
 .igot.plt      0x1fff8190        0x0 c:/program files (x86)/cypress/psoc creator/4.2/psoc creator/import/gnu/arm/5.4.1/bin/../lib/gcc/arm-none-eabi/5.4.1/armv7-m/crtbegin.o

.bss            0x1fff8190       0x80 load address 0x00003918
                0x1fff8190                PROVIDE (__bss_start__, .)
 *(.shbss)
 *(.bss .bss.* .gnu.linkonce.b.*)
 .bss           0x1fff8190       0x1c c:/program files (x86)/cypress/psoc creator/4.2/psoc creator/import/gnu/arm/5.4.1/bin/../lib/gcc/arm-none-eabi/5.4.1/armv7-m/crtbegin.o
 .bss           0x1fff81ac       0x20 .\CortexM3\ARM_GCC_541\Debug\main.o
                0x1fff81ac                tiempo
                0x1fff81b0                diff1
                0x1fff81b4                speed_read
                0x1fff81b8                flag_cont
                0x1fff81bc                flag_init
                0x1fff81c0                flag1
                0x1fff81c4                pwm_Com
                0x1fff81c8                event
 .bss           0x1fff81cc        0x2 .\CortexM3\ARM_GCC_541\Debug\teclado.a(LCD.o)
                0x1fff81cc                LCD_enableState
                0x1fff81cd                LCD_initVar
 .bss           0x1fff81ce        0x1 .\CortexM3\ARM_GCC_541\Debug\teclado.a(Timer.o)
                0x1fff81ce                Timer_initVar
 .bss           0x1fff81cf        0x1 .\CortexM3\ARM_GCC_541\Debug\teclado.a(PWM.o)
                0x1fff81cf                PWM_initVar
 .bss.__malloc_sbrk_start
                0x1fff81d0        0x4 c:/program files (x86)/cypress/psoc creator/4.2/psoc creator/import/gnu/arm/5.4.1/bin/../lib/gcc/arm-none-eabi/5.4.1/../../../../arm-none-eabi/lib/armv7-m\libg_nano.a(lib_a-nano-mallocr.o)
                0x1fff81d0                __malloc_sbrk_start
 .bss.__malloc_free_list
                0x1fff81d4        0x4 c:/program files (x86)/cypress/psoc creator/4.2/psoc creator/import/gnu/arm/5.4.1/bin/../lib/gcc/arm-none-eabi/5.4.1/../../../../arm-none-eabi/lib/armv7-m\libg_nano.a(lib_a-nano-mallocr.o)
                0x1fff81d4                __malloc_free_list
 *(COMMON)
 COMMON         0x1fff81d8       0x34 .\CortexM3\ARM_GCC_541\Debug\main.o
                0x1fff81d8                valor
                0x1fff81dc                temp
                0x1fff81e0                contador
                0x1fff81e4                counter
                0x1fff81e8                speed
                0x1fff81ec                str
                0x1fff81fc                str2
 COMMON         0x1fff820c        0x4 c:/program files (x86)/cypress/psoc creator/4.2/psoc creator/import/gnu/arm/5.4.1/bin/../lib/gcc/arm-none-eabi/5.4.1/../../../../arm-none-eabi/lib/armv7-m\libg_nano.a(lib_a-reent.o)
                0x1fff820c                errno
                0x1fff8210                . = ALIGN (0x8)
 *(.ram.b)
                0x1fff8210                _end = .
                0x1fff8210                __end = .
                0x1fff8210                PROVIDE (end, .)
                0x1fff8210                PROVIDE (__bss_end__, .)
                0x00003850                __cy_region_init_ram = LOADADDR (.data)
                0x000000c8                __cy_region_init_size_ram = (_edata - ADDR (.data))
                0x00000080                __cy_region_zero_size_ram = (_end - _edata)

.heap           0x1fff8210       0x80 load address 0x00003918
                0x1fff8210                . = _end
                0x1fff8290                . = (. + 0x80)
 *fill*         0x1fff8210       0x80 
                0x1fff8290                __cy_heap_limit = .

.stack          0x20007800      0x800
                0x20007800                __cy_stack_limit = .
                0x20008000                . = (. + 0x800)
 *fill*         0x20007800      0x800 
                0x00000001                ASSERT ((__cy_stack_limit >= __cy_heap_limit), region RAM overflowed with stack)
                0x00000000                cy_checksum_exclude_size = (CY_APPL_LOADABLE == 0x1)?SIZEOF (.cy_checksum_exclude):0x0
                0x00000001                ASSERT ((cy_checksum_exclude_size <= CY_CHECKSUM_EXCLUDE_SIZE), CY_BOOT: Section .cy_checksum_exclude size exceedes specified limit.)

.cyloadermeta
 *(.cyloadermeta)

.cyloadablemeta
 *(.cyloadablemeta)

.cyconfigecc    0x80000000      0x300
 *(.cyconfigecc)
 .cyconfigecc   0x80000000      0x300 .\CortexM3\ARM_GCC_541\Debug\cymetadata.o
                0x80000000                cy_meta_configecc

.cycustnvl      0x90000000        0x4
 *(.cycustnvl)
 .cycustnvl     0x90000000        0x4 .\CortexM3\ARM_GCC_541\Debug\cymetadata.o
                0x90000000                cy_meta_custnvl

.cywolatch      0x90100000        0x4
 *(.cywolatch)
 .cywolatch     0x90100000        0x4 .\CortexM3\ARM_GCC_541\Debug\cymetadata.o
                0x90100000                cy_meta_wonvl

.cyeeprom       0x90200000        0x0
 *(.cyeeprom)
                0x00000001                ASSERT ((. <= ((0x90200000 + ee_offset) + ee_size)), .cyeeprom data will not fit in EEPROM)

.cyflashprotect
                0x90400000      0x100
 *(.cyflashprotect)
 .cyflashprotect
                0x90400000      0x100 .\CortexM3\ARM_GCC_541\Debug\cymetadata.o
                0x90400000                cy_meta_flashprotect

.cymeta         0x90500000        0xc
 *(.cymeta)
 .cymeta        0x90500000        0xc .\CortexM3\ARM_GCC_541\Debug\cymetadata.o
                0x90500000                cy_metadata

.rel.dyn        0x00003918        0x0 load address 0x9050000c
 .rel.iplt      0x00003918        0x0 c:/program files (x86)/cypress/psoc creator/4.2/psoc creator/import/gnu/arm/5.4.1/bin/../lib/gcc/arm-none-eabi/5.4.1/armv7-m/crtbegin.o

.stab
 *(.stab)

.stabstr
 *(.stabstr)

.debug
 *(.debug)

.line
 *(.line)

.debug_srcinfo
 *(.debug_srcinfo)

.debug_sfnames
 *(.debug_sfnames)

.debug_aranges  0x00000000      0xaa0
 *(.debug_aranges)
 .debug_aranges
                0x00000000       0x58 .\CortexM3\ARM_GCC_541\Debug\main.o
 .debug_aranges
                0x00000058       0x58 .\CortexM3\ARM_GCC_541\Debug\cyfitter_cfg.o
 .debug_aranges
                0x000000b0       0x18 .\CortexM3\ARM_GCC_541\Debug\cymetadata.o
 .debug_aranges
                0x000000c8       0x48 .\CortexM3\ARM_GCC_541\Debug\Cm3Start.o
 .debug_aranges
                0x00000110       0x30 .\CortexM3\ARM_GCC_541\Debug\teclado.a(Keypad_1_Keypad1.o)
 .debug_aranges
                0x00000140       0x40 .\CortexM3\ARM_GCC_541\Debug\teclado.a(Keypad_1_Status_Reg.o)
 .debug_aranges
                0x00000180      0x2a0 .\CortexM3\ARM_GCC_541\Debug\teclado.a(CyLib.o)
 .debug_aranges
                0x00000420       0x98 .\CortexM3\ARM_GCC_541\Debug\teclado.a(cyPm.o)
 .debug_aranges
                0x000004b8       0x98 .\CortexM3\ARM_GCC_541\Debug\teclado.a(LCD.o)
 .debug_aranges
                0x00000550       0x80 .\CortexM3\ARM_GCC_541\Debug\teclado.a(isr_press.o)
 .debug_aranges
                0x000005d0       0x48 .\CortexM3\ARM_GCC_541\Debug\teclado.a(Encoder.o)
 .debug_aranges
                0x00000618       0x90 .\CortexM3\ARM_GCC_541\Debug\teclado.a(Timer.o)
 .debug_aranges
                0x000006a8       0x80 .\CortexM3\ARM_GCC_541\Debug\teclado.a(isr_1.o)
 .debug_aranges
                0x00000728       0x80 .\CortexM3\ARM_GCC_541\Debug\teclado.a(isr_Encoder.o)
 .debug_aranges
                0x000007a8       0x98 .\CortexM3\ARM_GCC_541\Debug\teclado.a(PWM.o)
 .debug_aranges
                0x00000840       0x38 .\CortexM3\ARM_GCC_541\Debug\teclado.a(salida.o)
 .debug_aranges
                0x00000878       0x48 .\CortexM3\ARM_GCC_541\Debug\teclado.a(sync.o)
 .debug_aranges
                0x000008c0       0x80 .\CortexM3\ARM_GCC_541\Debug\teclado.a(isr_sync.o)
 .debug_aranges
                0x00000940       0x38 .\CortexM3\ARM_GCC_541\Debug\teclado.a(Pin_1.o)
 .debug_aranges
                0x00000978       0x20 .\CortexM3\ARM_GCC_541\Debug\teclado.a(CyBootAsmGnu.o)
 .debug_aranges
                0x00000998       0x88 .\CortexM3\ARM_GCC_541\Debug\teclado.a(CyFlash.o)
 .debug_aranges
                0x00000a20       0x80 .\CortexM3\ARM_GCC_541\Debug\teclado.a(CySpc.o)

.debug_pubnames
 *(.debug_pubnames)

.debug_info     0x00000000     0x5bda
 *(.debug_info .gnu.linkonce.wi.*)
 .debug_info    0x00000000      0x6e3 .\CortexM3\ARM_GCC_541\Debug\main.o
 .debug_info    0x000006e3      0x513 .\CortexM3\ARM_GCC_541\Debug\cyfitter_cfg.o
 .debug_info    0x00000bf6      0x135 .\CortexM3\ARM_GCC_541\Debug\cymetadata.o
 .debug_info    0x00000d2b      0x3bb .\CortexM3\ARM_GCC_541\Debug\Cm3Start.o
 .debug_info    0x000010e6      0x1ea .\CortexM3\ARM_GCC_541\Debug\teclado.a(Keypad_1_Keypad1.o)
 .debug_info    0x000012d0      0x17f .\CortexM3\ARM_GCC_541\Debug\teclado.a(Keypad_1_Status_Reg.o)
 .debug_info    0x0000144f     0x1374 .\CortexM3\ARM_GCC_541\Debug\teclado.a(CyLib.o)
 .debug_info    0x000027c3      0xa2a .\CortexM3\ARM_GCC_541\Debug\teclado.a(cyPm.o)
 .debug_info    0x000031ed      0x715 .\CortexM3\ARM_GCC_541\Debug\teclado.a(LCD.o)
 .debug_info    0x00003902      0x2d2 .\CortexM3\ARM_GCC_541\Debug\teclado.a(isr_press.o)
 .debug_info    0x00003bd4      0x174 .\CortexM3\ARM_GCC_541\Debug\teclado.a(Encoder.o)
 .debug_info    0x00003d48      0x2f0 .\CortexM3\ARM_GCC_541\Debug\teclado.a(Timer.o)
 .debug_info    0x00004038      0x2d2 .\CortexM3\ARM_GCC_541\Debug\teclado.a(isr_1.o)
 .debug_info    0x0000430a      0x2d2 .\CortexM3\ARM_GCC_541\Debug\teclado.a(isr_Encoder.o)
 .debug_info    0x000045dc      0x350 .\CortexM3\ARM_GCC_541\Debug\teclado.a(PWM.o)
 .debug_info    0x0000492c      0x11f .\CortexM3\ARM_GCC_541\Debug\teclado.a(salida.o)
 .debug_info    0x00004a4b      0x172 .\CortexM3\ARM_GCC_541\Debug\teclado.a(sync.o)
 .debug_info    0x00004bbd      0x2d2 .\CortexM3\ARM_GCC_541\Debug\teclado.a(isr_sync.o)
 .debug_info    0x00004e8f      0x11f .\CortexM3\ARM_GCC_541\Debug\teclado.a(Pin_1.o)
 .debug_info    0x00004fae       0x8f .\CortexM3\ARM_GCC_541\Debug\teclado.a(CyBootAsmGnu.o)
 .debug_info    0x0000503d      0x64d .\CortexM3\ARM_GCC_541\Debug\teclado.a(CyFlash.o)
 .debug_info    0x0000568a      0x550 .\CortexM3\ARM_GCC_541\Debug\teclado.a(CySpc.o)

.debug_abbrev   0x00000000     0x1a5c
 *(.debug_abbrev)
 .debug_abbrev  0x00000000      0x162 .\CortexM3\ARM_GCC_541\Debug\main.o
 .debug_abbrev  0x00000162      0x1fe .\CortexM3\ARM_GCC_541\Debug\cyfitter_cfg.o
 .debug_abbrev  0x00000360       0x66 .\CortexM3\ARM_GCC_541\Debug\cymetadata.o
 .debug_abbrev  0x000003c6      0x1e8 .\CortexM3\ARM_GCC_541\Debug\Cm3Start.o
 .debug_abbrev  0x000005ae       0xe4 .\CortexM3\ARM_GCC_541\Debug\teclado.a(Keypad_1_Keypad1.o)
 .debug_abbrev  0x00000692       0xac .\CortexM3\ARM_GCC_541\Debug\teclado.a(Keypad_1_Status_Reg.o)
 .debug_abbrev  0x0000073e      0x254 .\CortexM3\ARM_GCC_541\Debug\teclado.a(CyLib.o)
 .debug_abbrev  0x00000992      0x1ab .\CortexM3\ARM_GCC_541\Debug\teclado.a(cyPm.o)
 .debug_abbrev  0x00000b3d      0x157 .\CortexM3\ARM_GCC_541\Debug\teclado.a(LCD.o)
 .debug_abbrev  0x00000c94      0x173 .\CortexM3\ARM_GCC_541\Debug\teclado.a(isr_press.o)
 .debug_abbrev  0x00000e07       0x90 .\CortexM3\ARM_GCC_541\Debug\teclado.a(Encoder.o)
 .debug_abbrev  0x00000e97      0x12b .\CortexM3\ARM_GCC_541\Debug\teclado.a(Timer.o)
 .debug_abbrev  0x00000fc2      0x173 .\CortexM3\ARM_GCC_541\Debug\teclado.a(isr_1.o)
 .debug_abbrev  0x00001135      0x173 .\CortexM3\ARM_GCC_541\Debug\teclado.a(isr_Encoder.o)
 .debug_abbrev  0x000012a8      0x133 .\CortexM3\ARM_GCC_541\Debug\teclado.a(PWM.o)
 .debug_abbrev  0x000013db       0x90 .\CortexM3\ARM_GCC_541\Debug\teclado.a(salida.o)
 .debug_abbrev  0x0000146b       0x9f .\CortexM3\ARM_GCC_541\Debug\teclado.a(sync.o)
 .debug_abbrev  0x0000150a      0x173 .\CortexM3\ARM_GCC_541\Debug\teclado.a(isr_sync.o)
 .debug_abbrev  0x0000167d       0x90 .\CortexM3\ARM_GCC_541\Debug\teclado.a(Pin_1.o)
 .debug_abbrev  0x0000170d       0x14 .\CortexM3\ARM_GCC_541\Debug\teclado.a(CyBootAsmGnu.o)
 .debug_abbrev  0x00001721      0x1a7 .\CortexM3\ARM_GCC_541\Debug\teclado.a(CyFlash.o)
 .debug_abbrev  0x000018c8      0x194 .\CortexM3\ARM_GCC_541\Debug\teclado.a(CySpc.o)

.debug_line     0x00000000     0x27c9
 *(.debug_line)
 .debug_line    0x00000000      0x34d .\CortexM3\ARM_GCC_541\Debug\main.o
 .debug_line    0x0000034d      0x1db .\CortexM3\ARM_GCC_541\Debug\cyfitter_cfg.o
 .debug_line    0x00000528      0x141 .\CortexM3\ARM_GCC_541\Debug\cymetadata.o
 .debug_line    0x00000669      0x234 .\CortexM3\ARM_GCC_541\Debug\Cm3Start.o
 .debug_line    0x0000089d      0x1d7 .\CortexM3\ARM_GCC_541\Debug\teclado.a(Keypad_1_Keypad1.o)
 .debug_line    0x00000a74       0xbf .\CortexM3\ARM_GCC_541\Debug\teclado.a(Keypad_1_Status_Reg.o)
 .debug_line    0x00000b33      0x816 .\CortexM3\ARM_GCC_541\Debug\teclado.a(CyLib.o)
 .debug_line    0x00001349      0x367 .\CortexM3\ARM_GCC_541\Debug\teclado.a(cyPm.o)
 .debug_line    0x000016b0      0x1dc .\CortexM3\ARM_GCC_541\Debug\teclado.a(LCD.o)
 .debug_line    0x0000188c      0x136 .\CortexM3\ARM_GCC_541\Debug\teclado.a(isr_press.o)
 .debug_line    0x000019c2       0xb8 .\CortexM3\ARM_GCC_541\Debug\teclado.a(Encoder.o)
 .debug_line    0x00001a7a      0x170 .\CortexM3\ARM_GCC_541\Debug\teclado.a(Timer.o)
 .debug_line    0x00001bea      0x132 .\CortexM3\ARM_GCC_541\Debug\teclado.a(isr_1.o)
 .debug_line    0x00001d1c      0x138 .\CortexM3\ARM_GCC_541\Debug\teclado.a(isr_Encoder.o)
 .debug_line    0x00001e54      0x186 .\CortexM3\ARM_GCC_541\Debug\teclado.a(PWM.o)
 .debug_line    0x00001fda       0x93 .\CortexM3\ARM_GCC_541\Debug\teclado.a(salida.o)
 .debug_line    0x0000206d       0xb5 .\CortexM3\ARM_GCC_541\Debug\teclado.a(sync.o)
 .debug_line    0x00002122      0x135 .\CortexM3\ARM_GCC_541\Debug\teclado.a(isr_sync.o)
 .debug_line    0x00002257       0x92 .\CortexM3\ARM_GCC_541\Debug\teclado.a(Pin_1.o)
 .debug_line    0x000022e9       0x66 .\CortexM3\ARM_GCC_541\Debug\teclado.a(CyBootAsmGnu.o)
 .debug_line    0x0000234f      0x21a .\CortexM3\ARM_GCC_541\Debug\teclado.a(CyFlash.o)
 .debug_line    0x00002569      0x260 .\CortexM3\ARM_GCC_541\Debug\teclado.a(CySpc.o)

.debug_frame    0x00000000     0x219c
 *(.debug_frame)
 .debug_frame   0x00000000       0xec .\CortexM3\ARM_GCC_541\Debug\main.o
 .debug_frame   0x000000ec       0xe4 .\CortexM3\ARM_GCC_541\Debug\cyfitter_cfg.o
 .debug_frame   0x000001d0       0xb8 .\CortexM3\ARM_GCC_541\Debug\Cm3Start.o
 .debug_frame   0x00000288       0x64 .\CortexM3\ARM_GCC_541\Debug\teclado.a(Keypad_1_Keypad1.o)
 .debug_frame   0x000002ec       0x78 .\CortexM3\ARM_GCC_541\Debug\teclado.a(Keypad_1_Status_Reg.o)
 .debug_frame   0x00000364      0x738 .\CortexM3\ARM_GCC_541\Debug\teclado.a(CyLib.o)
 .debug_frame   0x00000a9c      0x1f8 .\CortexM3\ARM_GCC_541\Debug\teclado.a(cyPm.o)
 .debug_frame   0x00000c94      0x1e8 .\CortexM3\ARM_GCC_541\Debug\teclado.a(LCD.o)
 .debug_frame   0x00000e7c      0x104 .\CortexM3\ARM_GCC_541\Debug\teclado.a(isr_press.o)
 .debug_frame   0x00000f80       0x70 .\CortexM3\ARM_GCC_541\Debug\teclado.a(Encoder.o)
 .debug_frame   0x00000ff0      0x124 .\CortexM3\ARM_GCC_541\Debug\teclado.a(Timer.o)
 .debug_frame   0x00001114      0x104 .\CortexM3\ARM_GCC_541\Debug\teclado.a(isr_1.o)
 .debug_frame   0x00001218      0x104 .\CortexM3\ARM_GCC_541\Debug\teclado.a(isr_Encoder.o)
 .debug_frame   0x0000131c      0x134 .\CortexM3\ARM_GCC_541\Debug\teclado.a(PWM.o)
 .debug_frame   0x00001450       0x50 .\CortexM3\ARM_GCC_541\Debug\teclado.a(salida.o)
 .debug_frame   0x000014a0       0x70 .\CortexM3\ARM_GCC_541\Debug\teclado.a(sync.o)
 .debug_frame   0x00001510      0x104 .\CortexM3\ARM_GCC_541\Debug\teclado.a(isr_sync.o)
 .debug_frame   0x00001614       0x50 .\CortexM3\ARM_GCC_541\Debug\teclado.a(Pin_1.o)
 .debug_frame   0x00001664      0x194 .\CortexM3\ARM_GCC_541\Debug\teclado.a(CyFlash.o)
 .debug_frame   0x000017f8      0x180 .\CortexM3\ARM_GCC_541\Debug\teclado.a(CySpc.o)
 .debug_frame   0x00001978       0x20 c:/program files (x86)/cypress/psoc creator/4.2/psoc creator/import/gnu/arm/5.4.1/bin/../lib/gcc/arm-none-eabi/5.4.1/../../../../arm-none-eabi/lib/armv7-m\libg_nano.a(lib_a-errno.o)
 .debug_frame   0x00001998       0x28 c:/program files (x86)/cypress/psoc creator/4.2/psoc creator/import/gnu/arm/5.4.1/bin/../lib/gcc/arm-none-eabi/5.4.1/../../../../arm-none-eabi/lib/armv7-m\libg_nano.a(lib_a-exit.o)
 .debug_frame   0x000019c0       0x2c c:/program files (x86)/cypress/psoc creator/4.2/psoc creator/import/gnu/arm/5.4.1/bin/../lib/gcc/arm-none-eabi/5.4.1/../../../../arm-none-eabi/lib/armv7-m\libg_nano.a(lib_a-init.o)
 .debug_frame   0x000019ec       0x28 c:/program files (x86)/cypress/psoc creator/4.2/psoc creator/import/gnu/arm/5.4.1/bin/../lib/gcc/arm-none-eabi/5.4.1/../../../../arm-none-eabi/lib/armv7-m\libg_nano.a(lib_a-memcpy-stub.o)
 .debug_frame   0x00001a14       0x20 c:/program files (x86)/cypress/psoc creator/4.2/psoc creator/import/gnu/arm/5.4.1/bin/../lib/gcc/arm-none-eabi/5.4.1/../../../../arm-none-eabi/lib/armv7-m\libg_nano.a(lib_a-memset.o)
 .debug_frame   0x00001a34       0x8c c:/program files (x86)/cypress/psoc creator/4.2/psoc creator/import/gnu/arm/5.4.1/bin/../lib/gcc/arm-none-eabi/5.4.1/../../../../arm-none-eabi/lib/armv7-m\libg_nano.a(lib_a-nano-vfprintf_float.o)
 .debug_frame   0x00001ac0       0x60 c:/program files (x86)/cypress/psoc creator/4.2/psoc creator/import/gnu/arm/5.4.1/bin/../lib/gcc/arm-none-eabi/5.4.1/../../../../arm-none-eabi/lib/armv7-m\libg_nano.a(lib_a-nano-vfprintf_i.o)
 .debug_frame   0x00001b20       0x70 c:/program files (x86)/cypress/psoc creator/4.2/psoc creator/import/gnu/arm/5.4.1/bin/../lib/gcc/arm-none-eabi/5.4.1/../../../../arm-none-eabi/lib/armv7-m\libg_nano.a(lib_a-sprintf.o)
 .debug_frame   0x00001b90       0x6c c:/program files (x86)/cypress/psoc creator/4.2/psoc creator/import/gnu/arm/5.4.1/bin/../lib/gcc/arm-none-eabi/5.4.1/../../../../arm-none-eabi/lib/armv7-m\libg_nano.a(lib_a-dtoa.o)
 .debug_frame   0x00001bfc       0x98 c:/program files (x86)/cypress/psoc creator/4.2/psoc creator/import/gnu/arm/5.4.1/bin/../lib/gcc/arm-none-eabi/5.4.1/../../../../arm-none-eabi/lib/armv7-m\libg_nano.a(lib_a-locale.o)
 .debug_frame   0x00001c94       0x30 c:/program files (x86)/cypress/psoc creator/4.2/psoc creator/import/gnu/arm/5.4.1/bin/../lib/gcc/arm-none-eabi/5.4.1/../../../../arm-none-eabi/lib/armv7-m\libg_nano.a(lib_a-malloc.o)
 .debug_frame   0x00001cc4       0x28 c:/program files (x86)/cypress/psoc creator/4.2/psoc creator/import/gnu/arm/5.4.1/bin/../lib/gcc/arm-none-eabi/5.4.1/../../../../arm-none-eabi/lib/armv7-m\libg_nano.a(lib_a-memchr-stub.o)
 .debug_frame   0x00001cec      0x234 c:/program files (x86)/cypress/psoc creator/4.2/psoc creator/import/gnu/arm/5.4.1/bin/../lib/gcc/arm-none-eabi/5.4.1/../../../../arm-none-eabi/lib/armv7-m\libg_nano.a(lib_a-mprec.o)
 .debug_frame   0x00001f20       0x2c c:/program files (x86)/cypress/psoc creator/4.2/psoc creator/import/gnu/arm/5.4.1/bin/../lib/gcc/arm-none-eabi/5.4.1/../../../../arm-none-eabi/lib/armv7-m\libg_nano.a(lib_a-nano-callocr.o)
 .debug_frame   0x00001f4c       0x38 c:/program files (x86)/cypress/psoc creator/4.2/psoc creator/import/gnu/arm/5.4.1/bin/../lib/gcc/arm-none-eabi/5.4.1/../../../../arm-none-eabi/lib/armv7-m\libg_nano.a(lib_a-nano-freer.o)
 .debug_frame   0x00001f84       0x2c c:/program files (x86)/cypress/psoc creator/4.2/psoc creator/import/gnu/arm/5.4.1/bin/../lib/gcc/arm-none-eabi/5.4.1/../../../../arm-none-eabi/lib/armv7-m\libg_nano.a(lib_a-nano-mallocr.o)
 .debug_frame   0x00001fb0       0x90 c:/program files (x86)/cypress/psoc creator/4.2/psoc creator/import/gnu/arm/5.4.1/bin/../lib/gcc/arm-none-eabi/5.4.1/../../../../arm-none-eabi/lib/armv7-m\libg_nano.a(lib_a-nano-svfprintf.o)
 .debug_frame   0x00002040       0x2c c:/program files (x86)/cypress/psoc creator/4.2/psoc creator/import/gnu/arm/5.4.1/bin/../lib/gcc/arm-none-eabi/5.4.1/../../../../arm-none-eabi/lib/armv7-m\libg_nano.a(lib_a-sbrkr.o)
 .debug_frame   0x0000206c       0x20 c:/program files (x86)/cypress/psoc creator/4.2/psoc creator/import/gnu/arm/5.4.1/bin/../lib/gcc/arm-none-eabi/5.4.1/../../../../arm-none-eabi/lib/armv7-m\libg_nano.a(lib_a-strcmp.o)
 .debug_frame   0x0000208c       0x28 c:/program files (x86)/cypress/psoc creator/4.2/psoc creator/import/gnu/arm/5.4.1/bin/../lib/gcc/arm-none-eabi/5.4.1/../../../../arm-none-eabi/lib/armv7-m\libg_nano.a(lib_a-memmove.o)
 .debug_frame   0x000020b4       0x30 c:/program files (x86)/cypress/psoc creator/4.2/psoc creator/import/gnu/arm/5.4.1/bin/../lib/gcc/arm-none-eabi/5.4.1/../../../../arm-none-eabi/lib/armv7-m\libg_nano.a(lib_a-mlock.o)
 .debug_frame   0x000020e4       0x3c c:/program files (x86)/cypress/psoc creator/4.2/psoc creator/import/gnu/arm/5.4.1/bin/../lib/gcc/arm-none-eabi/5.4.1/../../../../arm-none-eabi/lib/armv7-m\libg_nano.a(lib_a-nano-reallocr.o)
 .debug_frame   0x00002120       0x5c c:/program files (x86)/cypress/psoc creator/4.2/psoc creator/import/gnu/arm/5.4.1/bin/../lib/gcc/arm-none-eabi/5.4.1/../../../../arm-none-eabi/lib/armv7-m\libg_nano.a(lib_a-reent.o)
 .debug_frame   0x0000217c       0x20 c:/program files (x86)/cypress/psoc creator/4.2/psoc creator/import/gnu/arm/5.4.1/bin/../lib/gcc/arm-none-eabi/5.4.1/../../../../arm-none-eabi/lib/armv7-m\libg_nano.a(lib_a-nano-msizer.o)

.debug_str      0x00000000     0x1f12
 *(.debug_str)
 .debug_str     0x00000000      0x38d .\CortexM3\ARM_GCC_541\Debug\main.o
                                0x3da (size before relaxing)
 .debug_str     0x0000038d      0x173 .\CortexM3\ARM_GCC_541\Debug\cyfitter_cfg.o
                                0x30e (size before relaxing)
 .debug_str     0x00000500       0x7f .\CortexM3\ARM_GCC_541\Debug\cymetadata.o
                                0x1e3 (size before relaxing)
 .debug_str     0x0000057f      0x13f .\CortexM3\ARM_GCC_541\Debug\Cm3Start.o
                                0x309 (size before relaxing)
 .debug_str     0x000006be       0x63 .\CortexM3\ARM_GCC_541\Debug\teclado.a(Keypad_1_Keypad1.o)
                                0x22f (size before relaxing)
 .debug_str     0x00000721       0xe3 .\CortexM3\ARM_GCC_541\Debug\teclado.a(Keypad_1_Status_Reg.o)
                                0x290 (size before relaxing)
 .debug_str     0x00000804      0x801 .\CortexM3\ARM_GCC_541\Debug\teclado.a(CyLib.o)
                                0xa46 (size before relaxing)
 .debug_str     0x00001005      0x365 .\CortexM3\ARM_GCC_541\Debug\teclado.a(cyPm.o)
                                0x732 (size before relaxing)
 .debug_str     0x0000136a      0x12f .\CortexM3\ARM_GCC_541\Debug\teclado.a(LCD.o)
                                0x32a (size before relaxing)
 .debug_str     0x00001499       0xf5 .\CortexM3\ARM_GCC_541\Debug\teclado.a(isr_press.o)
                                0x2dd (size before relaxing)
 .debug_str     0x0000158e       0x85 .\CortexM3\ARM_GCC_541\Debug\teclado.a(Encoder.o)
                                0x22b (size before relaxing)
 .debug_str     0x00001613      0x167 .\CortexM3\ARM_GCC_541\Debug\teclado.a(Timer.o)
                                0x33a (size before relaxing)
 .debug_str     0x0000177a       0xc5 .\CortexM3\ARM_GCC_541\Debug\teclado.a(isr_1.o)
                                0x2a5 (size before relaxing)
 .debug_str     0x0000183f      0x126 .\CortexM3\ARM_GCC_541\Debug\teclado.a(isr_Encoder.o)
                                0x2f9 (size before relaxing)
 .debug_str     0x00001965      0x138 .\CortexM3\ARM_GCC_541\Debug\teclado.a(PWM.o)
                                0x337 (size before relaxing)
 .debug_str     0x00001a9d       0x54 .\CortexM3\ARM_GCC_541\Debug\teclado.a(salida.o)
                                0x1e6 (size before relaxing)
 .debug_str     0x00001af1       0x6c .\CortexM3\ARM_GCC_541\Debug\teclado.a(sync.o)
                                0x216 (size before relaxing)
 .debug_str     0x00001b5d       0xff .\CortexM3\ARM_GCC_541\Debug\teclado.a(isr_sync.o)
                                0x2cf (size before relaxing)
 .debug_str     0x00001c5c       0x4f .\CortexM3\ARM_GCC_541\Debug\teclado.a(Pin_1.o)
                                0x1e1 (size before relaxing)
 .debug_str     0x00001cab      0x1bb .\CortexM3\ARM_GCC_541\Debug\teclado.a(CyFlash.o)
                                0x3bf (size before relaxing)
 .debug_str     0x00001e66       0xac .\CortexM3\ARM_GCC_541\Debug\teclado.a(CySpc.o)
                                0x337 (size before relaxing)

.debug_loc      0x00000000     0x21b0
 *(.debug_loc)
 .debug_loc     0x00000000       0x9f .\CortexM3\ARM_GCC_541\Debug\main.o
 .debug_loc     0x0000009f      0x1d7 .\CortexM3\ARM_GCC_541\Debug\cyfitter_cfg.o
 .debug_loc     0x00000276      0x144 .\CortexM3\ARM_GCC_541\Debug\Cm3Start.o
 .debug_loc     0x000003ba       0x44 .\CortexM3\ARM_GCC_541\Debug\teclado.a(Keypad_1_Keypad1.o)
 .debug_loc     0x000003fe       0x44 .\CortexM3\ARM_GCC_541\Debug\teclado.a(Keypad_1_Status_Reg.o)
 .debug_loc     0x00000442      0xa11 .\CortexM3\ARM_GCC_541\Debug\teclado.a(CyLib.o)
 .debug_loc     0x00000e53      0x1e4 .\CortexM3\ARM_GCC_541\Debug\teclado.a(cyPm.o)
 .debug_loc     0x00001037      0x3c6 .\CortexM3\ARM_GCC_541\Debug\teclado.a(LCD.o)
 .debug_loc     0x000013fd       0x56 .\CortexM3\ARM_GCC_541\Debug\teclado.a(isr_press.o)
 .debug_loc     0x00001453       0x84 .\CortexM3\ARM_GCC_541\Debug\teclado.a(Encoder.o)
 .debug_loc     0x000014d7       0x13 .\CortexM3\ARM_GCC_541\Debug\teclado.a(Timer.o)
 .debug_loc     0x000014ea       0x56 .\CortexM3\ARM_GCC_541\Debug\teclado.a(isr_1.o)
 .debug_loc     0x00001540       0x56 .\CortexM3\ARM_GCC_541\Debug\teclado.a(isr_Encoder.o)
 .debug_loc     0x00001596       0x26 .\CortexM3\ARM_GCC_541\Debug\teclado.a(PWM.o)
 .debug_loc     0x000015bc       0x42 .\CortexM3\ARM_GCC_541\Debug\teclado.a(salida.o)
 .debug_loc     0x000015fe       0x63 .\CortexM3\ARM_GCC_541\Debug\teclado.a(sync.o)
 .debug_loc     0x00001661       0x56 .\CortexM3\ARM_GCC_541\Debug\teclado.a(isr_sync.o)
 .debug_loc     0x000016b7       0x42 .\CortexM3\ARM_GCC_541\Debug\teclado.a(Pin_1.o)
 .debug_loc     0x000016f9      0x3b2 .\CortexM3\ARM_GCC_541\Debug\teclado.a(CyFlash.o)
 .debug_loc     0x00001aab      0x705 .\CortexM3\ARM_GCC_541\Debug\teclado.a(CySpc.o)

.debug_macinfo
 *(.debug_macinfo)

.debug_ranges   0x00000000      0x928
 *(.debug_ranges)
 .debug_ranges  0x00000000       0x48 .\CortexM3\ARM_GCC_541\Debug\main.o
 .debug_ranges  0x00000048       0x48 .\CortexM3\ARM_GCC_541\Debug\cyfitter_cfg.o
 .debug_ranges  0x00000090       0x38 .\CortexM3\ARM_GCC_541\Debug\Cm3Start.o
 .debug_ranges  0x000000c8       0x20 .\CortexM3\ARM_GCC_541\Debug\teclado.a(Keypad_1_Keypad1.o)
 .debug_ranges  0x000000e8       0x30 .\CortexM3\ARM_GCC_541\Debug\teclado.a(Keypad_1_Status_Reg.o)
 .debug_ranges  0x00000118      0x290 .\CortexM3\ARM_GCC_541\Debug\teclado.a(CyLib.o)
 .debug_ranges  0x000003a8       0x88 .\CortexM3\ARM_GCC_541\Debug\teclado.a(cyPm.o)
 .debug_ranges  0x00000430       0x88 .\CortexM3\ARM_GCC_541\Debug\teclado.a(LCD.o)
 .debug_ranges  0x000004b8       0x70 .\CortexM3\ARM_GCC_541\Debug\teclado.a(isr_press.o)
 .debug_ranges  0x00000528       0x38 .\CortexM3\ARM_GCC_541\Debug\teclado.a(Encoder.o)
 .debug_ranges  0x00000560       0x80 .\CortexM3\ARM_GCC_541\Debug\teclado.a(Timer.o)
 .debug_ranges  0x000005e0       0x70 .\CortexM3\ARM_GCC_541\Debug\teclado.a(isr_1.o)
 .debug_ranges  0x00000650       0x70 .\CortexM3\ARM_GCC_541\Debug\teclado.a(isr_Encoder.o)
 .debug_ranges  0x000006c0       0x88 .\CortexM3\ARM_GCC_541\Debug\teclado.a(PWM.o)
 .debug_ranges  0x00000748       0x28 .\CortexM3\ARM_GCC_541\Debug\teclado.a(salida.o)
 .debug_ranges  0x00000770       0x38 .\CortexM3\ARM_GCC_541\Debug\teclado.a(sync.o)
 .debug_ranges  0x000007a8       0x70 .\CortexM3\ARM_GCC_541\Debug\teclado.a(isr_sync.o)
 .debug_ranges  0x00000818       0x28 .\CortexM3\ARM_GCC_541\Debug\teclado.a(Pin_1.o)
 .debug_ranges  0x00000840       0x78 .\CortexM3\ARM_GCC_541\Debug\teclado.a(CyFlash.o)
 .debug_ranges  0x000008b8       0x70 .\CortexM3\ARM_GCC_541\Debug\teclado.a(CySpc.o)

.comment        0x00000000       0x6e
 .comment       0x00000000       0x6e .\CortexM3\ARM_GCC_541\Debug\main.o
                                 0x6f (size before relaxing)
 .comment       0x0000006e       0x6f .\CortexM3\ARM_GCC_541\Debug\cyfitter_cfg.o
 .comment       0x0000006e       0x6f .\CortexM3\ARM_GCC_541\Debug\cymetadata.o
 .comment       0x0000006e       0x6f .\CortexM3\ARM_GCC_541\Debug\Cm3Start.o
 .comment       0x0000006e       0x6f .\CortexM3\ARM_GCC_541\Debug\teclado.a(Keypad_1_Keypad1.o)
 .comment       0x0000006e       0x6f .\CortexM3\ARM_GCC_541\Debug\teclado.a(Keypad_1_Status_Reg.o)
 .comment       0x0000006e       0x6f .\CortexM3\ARM_GCC_541\Debug\teclado.a(CyLib.o)
 .comment       0x0000006e       0x6f .\CortexM3\ARM_GCC_541\Debug\teclado.a(cyPm.o)
 .comment       0x0000006e       0x6f .\CortexM3\ARM_GCC_541\Debug\teclado.a(LCD.o)
 .comment       0x0000006e       0x6f .\CortexM3\ARM_GCC_541\Debug\teclado.a(isr_press.o)
 .comment       0x0000006e       0x6f .\CortexM3\ARM_GCC_541\Debug\teclado.a(Encoder.o)
 .comment       0x0000006e       0x6f .\CortexM3\ARM_GCC_541\Debug\teclado.a(Timer.o)
 .comment       0x0000006e       0x6f .\CortexM3\ARM_GCC_541\Debug\teclado.a(isr_1.o)
 .comment       0x0000006e       0x6f .\CortexM3\ARM_GCC_541\Debug\teclado.a(isr_Encoder.o)
 .comment       0x0000006e       0x6f .\CortexM3\ARM_GCC_541\Debug\teclado.a(PWM.o)
 .comment       0x0000006e       0x6f .\CortexM3\ARM_GCC_541\Debug\teclado.a(salida.o)
 .comment       0x0000006e       0x6f .\CortexM3\ARM_GCC_541\Debug\teclado.a(sync.o)
 .comment       0x0000006e       0x6f .\CortexM3\ARM_GCC_541\Debug\teclado.a(isr_sync.o)
 .comment       0x0000006e       0x6f .\CortexM3\ARM_GCC_541\Debug\teclado.a(Pin_1.o)
 .comment       0x0000006e       0x6f .\CortexM3\ARM_GCC_541\Debug\teclado.a(CyFlash.o)
 .comment       0x0000006e       0x6f .\CortexM3\ARM_GCC_541\Debug\teclado.a(CySpc.o)

.debug_weaknames
 *(.debug_weaknames)

.debug_funcnames
 *(.debug_funcnames)

.debug_typenames
 *(.debug_typenames)

.debug_varnames
 *(.debug_varnames)

.note.gnu.arm.ident
 *(.note.gnu.arm.ident)

.ARM.attributes
                0x00000000       0x29
 *(.ARM.attributes)
 .ARM.attributes
                0x00000000       0x1d c:/program files (x86)/cypress/psoc creator/4.2/psoc creator/import/gnu/arm/5.4.1/bin/../lib/gcc/arm-none-eabi/5.4.1/armv7-m/crti.o
 .ARM.attributes
                0x0000001d       0x2d c:/program files (x86)/cypress/psoc creator/4.2/psoc creator/import/gnu/arm/5.4.1/bin/../lib/gcc/arm-none-eabi/5.4.1/armv7-m/crtbegin.o
 .ARM.attributes
                0x0000004a       0x1b c:/program files (x86)/cypress/psoc creator/4.2/psoc creator/import/gnu/arm/5.4.1/bin/../lib/gcc/arm-none-eabi/5.4.1/../../../../arm-none-eabi/lib/armv7-m/crt0.o
 .ARM.attributes
                0x00000065       0x33 .\CortexM3\ARM_GCC_541\Debug\main.o
 .ARM.attributes
                0x00000098       0x33 .\CortexM3\ARM_GCC_541\Debug\cyfitter_cfg.o
 .ARM.attributes
                0x000000cb       0x33 .\CortexM3\ARM_GCC_541\Debug\cymetadata.o
 .ARM.attributes
                0x000000fe       0x33 .\CortexM3\ARM_GCC_541\Debug\Cm3Start.o
 .ARM.attributes
                0x00000131       0x33 .\CortexM3\ARM_GCC_541\Debug\teclado.a(Keypad_1_Keypad1.o)
 .ARM.attributes
                0x00000164       0x33 .\CortexM3\ARM_GCC_541\Debug\teclado.a(Keypad_1_Status_Reg.o)
 .ARM.attributes
                0x00000197       0x33 .\CortexM3\ARM_GCC_541\Debug\teclado.a(CyLib.o)
 .ARM.attributes
                0x000001ca       0x33 .\CortexM3\ARM_GCC_541\Debug\teclado.a(cyPm.o)
 .ARM.attributes
                0x000001fd       0x33 .\CortexM3\ARM_GCC_541\Debug\teclado.a(LCD.o)
 .ARM.attributes
                0x00000230       0x33 .\CortexM3\ARM_GCC_541\Debug\teclado.a(isr_press.o)
 .ARM.attributes
                0x00000263       0x33 .\CortexM3\ARM_GCC_541\Debug\teclado.a(Encoder.o)
 .ARM.attributes
                0x00000296       0x33 .\CortexM3\ARM_GCC_541\Debug\teclado.a(Timer.o)
 .ARM.attributes
                0x000002c9       0x33 .\CortexM3\ARM_GCC_541\Debug\teclado.a(isr_1.o)
 .ARM.attributes
                0x000002fc       0x33 .\CortexM3\ARM_GCC_541\Debug\teclado.a(isr_Encoder.o)
 .ARM.attributes
                0x0000032f       0x33 .\CortexM3\ARM_GCC_541\Debug\teclado.a(PWM.o)
 .ARM.attributes
                0x00000362       0x33 .\CortexM3\ARM_GCC_541\Debug\teclado.a(salida.o)
 .ARM.attributes
                0x00000395       0x33 .\CortexM3\ARM_GCC_541\Debug\teclado.a(sync.o)
 .ARM.attributes
                0x000003c8       0x33 .\CortexM3\ARM_GCC_541\Debug\teclado.a(isr_sync.o)
 .ARM.attributes
                0x000003fb       0x33 .\CortexM3\ARM_GCC_541\Debug\teclado.a(Pin_1.o)
 .ARM.attributes
                0x0000042e       0x21 .\CortexM3\ARM_GCC_541\Debug\teclado.a(CyBootAsmGnu.o)
 .ARM.attributes
                0x0000044f       0x33 .\CortexM3\ARM_GCC_541\Debug\teclado.a(CyFlash.o)
 .ARM.attributes
                0x00000482       0x33 .\CortexM3\ARM_GCC_541\Debug\teclado.a(CySpc.o)
 .ARM.attributes
                0x000004b5       0x2d c:/program files (x86)/cypress/psoc creator/4.2/psoc creator/import/gnu/arm/5.4.1/bin/../lib/gcc/arm-none-eabi/5.4.1/../../../../arm-none-eabi/lib/armv7-m\libg_nano.a(lib_a-errno.o)
 .ARM.attributes
                0x000004e2       0x2d c:/program files (x86)/cypress/psoc creator/4.2/psoc creator/import/gnu/arm/5.4.1/bin/../lib/gcc/arm-none-eabi/5.4.1/../../../../arm-none-eabi/lib/armv7-m\libg_nano.a(lib_a-exit.o)
 .ARM.attributes
                0x0000050f       0x2d c:/program files (x86)/cypress/psoc creator/4.2/psoc creator/import/gnu/arm/5.4.1/bin/../lib/gcc/arm-none-eabi/5.4.1/../../../../arm-none-eabi/lib/armv7-m\libg_nano.a(lib_a-impure.o)
 .ARM.attributes
                0x0000053c       0x2d c:/program files (x86)/cypress/psoc creator/4.2/psoc creator/import/gnu/arm/5.4.1/bin/../lib/gcc/arm-none-eabi/5.4.1/../../../../arm-none-eabi/lib/armv7-m\libg_nano.a(lib_a-init.o)
 .ARM.attributes
                0x00000569       0x2d c:/program files (x86)/cypress/psoc creator/4.2/psoc creator/import/gnu/arm/5.4.1/bin/../lib/gcc/arm-none-eabi/5.4.1/../../../../arm-none-eabi/lib/armv7-m\libg_nano.a(lib_a-memcpy-stub.o)
 .ARM.attributes
                0x00000596       0x2d c:/program files (x86)/cypress/psoc creator/4.2/psoc creator/import/gnu/arm/5.4.1/bin/../lib/gcc/arm-none-eabi/5.4.1/../../../../arm-none-eabi/lib/armv7-m\libg_nano.a(lib_a-memset.o)
 .ARM.attributes
                0x000005c3       0x2d c:/program files (x86)/cypress/psoc creator/4.2/psoc creator/import/gnu/arm/5.4.1/bin/../lib/gcc/arm-none-eabi/5.4.1/../../../../arm-none-eabi/lib/armv7-m\libg_nano.a(lib_a-nano-vfprintf_float.o)
 .ARM.attributes
                0x000005f0       0x2d c:/program files (x86)/cypress/psoc creator/4.2/psoc creator/import/gnu/arm/5.4.1/bin/../lib/gcc/arm-none-eabi/5.4.1/../../../../arm-none-eabi/lib/armv7-m\libg_nano.a(lib_a-nano-vfprintf_i.o)
 .ARM.attributes
                0x0000061d       0x2d c:/program files (x86)/cypress/psoc creator/4.2/psoc creator/import/gnu/arm/5.4.1/bin/../lib/gcc/arm-none-eabi/5.4.1/../../../../arm-none-eabi/lib/armv7-m\libg_nano.a(lib_a-sprintf.o)
 .ARM.attributes
                0x0000064a       0x17 c:/program files (x86)/cypress/psoc creator/4.2/psoc creator/import/gnu/arm/5.4.1/bin/../lib/gcc/arm-none-eabi/5.4.1/../../../../arm-none-eabi/lib/armv7-m\libg_nano.a(lib_a-strlen.o)
 .ARM.attributes
                0x00000661       0x2d c:/program files (x86)/cypress/psoc creator/4.2/psoc creator/import/gnu/arm/5.4.1/bin/../lib/gcc/arm-none-eabi/5.4.1/../../../../arm-none-eabi/lib/armv7-m\libg_nano.a(lib_a-dtoa.o)
 .ARM.attributes
                0x0000068e       0x2d c:/program files (x86)/cypress/psoc creator/4.2/psoc creator/import/gnu/arm/5.4.1/bin/../lib/gcc/arm-none-eabi/5.4.1/../../../../arm-none-eabi/lib/armv7-m\libg_nano.a(lib_a-locale.o)
 .ARM.attributes
                0x000006bb       0x2d c:/program files (x86)/cypress/psoc creator/4.2/psoc creator/import/gnu/arm/5.4.1/bin/../lib/gcc/arm-none-eabi/5.4.1/../../../../arm-none-eabi/lib/armv7-m\libg_nano.a(lib_a-malloc.o)
 .ARM.attributes
                0x000006e8       0x2d c:/program files (x86)/cypress/psoc creator/4.2/psoc creator/import/gnu/arm/5.4.1/bin/../lib/gcc/arm-none-eabi/5.4.1/../../../../arm-none-eabi/lib/armv7-m\libg_nano.a(lib_a-memchr-stub.o)
 .ARM.attributes
                0x00000715       0x2d c:/program files (x86)/cypress/psoc creator/4.2/psoc creator/import/gnu/arm/5.4.1/bin/../lib/gcc/arm-none-eabi/5.4.1/../../../../arm-none-eabi/lib/armv7-m\libg_nano.a(lib_a-mprec.o)
 .ARM.attributes
                0x00000742       0x2d c:/program files (x86)/cypress/psoc creator/4.2/psoc creator/import/gnu/arm/5.4.1/bin/../lib/gcc/arm-none-eabi/5.4.1/../../../../arm-none-eabi/lib/armv7-m\libg_nano.a(lib_a-nano-callocr.o)
 .ARM.attributes
                0x0000076f       0x2d c:/program files (x86)/cypress/psoc creator/4.2/psoc creator/import/gnu/arm/5.4.1/bin/../lib/gcc/arm-none-eabi/5.4.1/../../../../arm-none-eabi/lib/armv7-m\libg_nano.a(lib_a-nano-freer.o)
 .ARM.attributes
                0x0000079c       0x2d c:/program files (x86)/cypress/psoc creator/4.2/psoc creator/import/gnu/arm/5.4.1/bin/../lib/gcc/arm-none-eabi/5.4.1/../../../../arm-none-eabi/lib/armv7-m\libg_nano.a(lib_a-nano-mallocr.o)
 .ARM.attributes
                0x000007c9       0x2d c:/program files (x86)/cypress/psoc creator/4.2/psoc creator/import/gnu/arm/5.4.1/bin/../lib/gcc/arm-none-eabi/5.4.1/../../../../arm-none-eabi/lib/armv7-m\libg_nano.a(lib_a-nano-svfprintf.o)
 .ARM.attributes
                0x000007f6       0x2d c:/program files (x86)/cypress/psoc creator/4.2/psoc creator/import/gnu/arm/5.4.1/bin/../lib/gcc/arm-none-eabi/5.4.1/../../../../arm-none-eabi/lib/armv7-m\libg_nano.a(lib_a-sbrkr.o)
 .ARM.attributes
                0x00000823       0x1b c:/program files (x86)/cypress/psoc creator/4.2/psoc creator/import/gnu/arm/5.4.1/bin/../lib/gcc/arm-none-eabi/5.4.1/../../../../arm-none-eabi/lib/armv7-m\libg_nano.a(lib_a-strcmp.o)
 .ARM.attributes
                0x0000083e       0x2d c:/program files (x86)/cypress/psoc creator/4.2/psoc creator/import/gnu/arm/5.4.1/bin/../lib/gcc/arm-none-eabi/5.4.1/../../../../arm-none-eabi/lib/armv7-m\libg_nano.a(lib_a-memmove.o)
 .ARM.attributes
                0x0000086b       0x2d c:/program files (x86)/cypress/psoc creator/4.2/psoc creator/import/gnu/arm/5.4.1/bin/../lib/gcc/arm-none-eabi/5.4.1/../../../../arm-none-eabi/lib/armv7-m\libg_nano.a(lib_a-mlock.o)
 .ARM.attributes
                0x00000898       0x2d c:/program files (x86)/cypress/psoc creator/4.2/psoc creator/import/gnu/arm/5.4.1/bin/../lib/gcc/arm-none-eabi/5.4.1/../../../../arm-none-eabi/lib/armv7-m\libg_nano.a(lib_a-nano-reallocr.o)
 .ARM.attributes
                0x000008c5       0x2d c:/program files (x86)/cypress/psoc creator/4.2/psoc creator/import/gnu/arm/5.4.1/bin/../lib/gcc/arm-none-eabi/5.4.1/../../../../arm-none-eabi/lib/armv7-m\libg_nano.a(lib_a-reent.o)
 .ARM.attributes
                0x000008f2       0x2d c:/program files (x86)/cypress/psoc creator/4.2/psoc creator/import/gnu/arm/5.4.1/bin/../lib/gcc/arm-none-eabi/5.4.1/../../../../arm-none-eabi/lib/armv7-m\libg_nano.a(lib_a-nano-msizer.o)
 .ARM.attributes
                0x0000091f       0x1d c:/program files (x86)/cypress/psoc creator/4.2/psoc creator/import/gnu/arm/5.4.1/bin/../lib/gcc/arm-none-eabi/5.4.1/armv7-m\libgcc.a(_arm_addsubdf3.o)
 .ARM.attributes
                0x0000093c       0x1d c:/program files (x86)/cypress/psoc creator/4.2/psoc creator/import/gnu/arm/5.4.1/bin/../lib/gcc/arm-none-eabi/5.4.1/armv7-m\libgcc.a(_arm_muldivdf3.o)
 .ARM.attributes
                0x00000959       0x1d c:/program files (x86)/cypress/psoc creator/4.2/psoc creator/import/gnu/arm/5.4.1/bin/../lib/gcc/arm-none-eabi/5.4.1/armv7-m\libgcc.a(_arm_cmpdf2.o)
 .ARM.attributes
                0x00000976       0x1d c:/program files (x86)/cypress/psoc creator/4.2/psoc creator/import/gnu/arm/5.4.1/bin/../lib/gcc/arm-none-eabi/5.4.1/armv7-m\libgcc.a(_arm_unorddf2.o)
 .ARM.attributes
                0x00000993       0x1d c:/program files (x86)/cypress/psoc creator/4.2/psoc creator/import/gnu/arm/5.4.1/bin/../lib/gcc/arm-none-eabi/5.4.1/armv7-m\libgcc.a(_arm_fixdfsi.o)
 .ARM.attributes
                0x000009b0       0x2d c:/program files (x86)/cypress/psoc creator/4.2/psoc creator/import/gnu/arm/5.4.1/bin/../lib/gcc/arm-none-eabi/5.4.1/armv7-m/crtend.o
 .ARM.attributes
                0x000009dd       0x1d c:/program files (x86)/cypress/psoc creator/4.2/psoc creator/import/gnu/arm/5.4.1/bin/../lib/gcc/arm-none-eabi/5.4.1/armv7-m/crtn.o

/DISCARD/
 *(.note.GNU-stack)
OUTPUT(C:\Users\jeanpierre\Documents\PSoC Creator\teclado\teclado.cydsn\CortexM3\ARM_GCC_541\Debug\teclado.elf elf32-littlearm)
