Archive member included to satisfy reference by file (symbol)

.\CortexM3\ARM_GCC_541\Debug\teclado.a(Keypad_1_Keypad1.o)
                              .\CortexM3\ARM_GCC_541\Debug\main.o (Keypad_1_GetButton)
.\CortexM3\ARM_GCC_541\Debug\teclado.a(Keypad_1_Status_Reg.o)
                              .\CortexM3\ARM_GCC_541\Debug\teclado.a(Keypad_1_Keypad1.o) (Keypad_1_Status_Reg_Read)
.\CortexM3\ARM_GCC_541\Debug\teclado.a(CyLib.o)
                              .\CortexM3\ARM_GCC_541\Debug\Cm3Start.o (CyHalt)
.\CortexM3\ARM_GCC_541\Debug\teclado.a(cyPm.o)
                              .\CortexM3\ARM_GCC_541\Debug\teclado.a(CyLib.o) (CyPmReadStatus)
.\CortexM3\ARM_GCC_541\Debug\teclado.a(LCD.o)
                              .\CortexM3\ARM_GCC_541\Debug\main.o (LCD_PrintString)
.\CortexM3\ARM_GCC_541\Debug\teclado.a(isr_press.o)
                              .\CortexM3\ARM_GCC_541\Debug\main.o (isr_press_StartEx)
.\CortexM3\ARM_GCC_541\Debug\teclado.a(Encoder.o)
                              .\CortexM3\ARM_GCC_541\Debug\main.o (Encoder_Read)
.\CortexM3\ARM_GCC_541\Debug\teclado.a(Timer.o)
                              .\CortexM3\ARM_GCC_541\Debug\main.o (Timer_Start)
.\CortexM3\ARM_GCC_541\Debug\teclado.a(isr_1.o)
                              .\CortexM3\ARM_GCC_541\Debug\main.o (isr_1_StartEx)
.\CortexM3\ARM_GCC_541\Debug\teclado.a(isr_Encoder.o)
                              .\CortexM3\ARM_GCC_541\Debug\main.o (isr_Encoder_StartEx)
.\CortexM3\ARM_GCC_541\Debug\teclado.a(PWM.o)
                              .\CortexM3\ARM_GCC_541\Debug\main.o (PWM_WriteCompare)
.\CortexM3\ARM_GCC_541\Debug\teclado.a(Pin_1.o)
                              .\CortexM3\ARM_GCC_541\Debug\main.o (Pin_1_Write)
.\CortexM3\ARM_GCC_541\Debug\teclado.a(num_control.o)
                              .\CortexM3\ARM_GCC_541\Debug\main.o (num_control_Write)
.\CortexM3\ARM_GCC_541\Debug\teclado.a(CyBootAsmGnu.o)
                              .\CortexM3\ARM_GCC_541\Debug\cyfitter_cfg.o (CyDelayCycles)
.\CortexM3\ARM_GCC_541\Debug\teclado.a(CyFlash.o)
                              .\CortexM3\ARM_GCC_541\Debug\teclado.a(cyPm.o) (CyFlash_SetWaitCycles)
.\CortexM3\ARM_GCC_541\Debug\teclado.a(CySpc.o)
                              .\CortexM3\ARM_GCC_541\Debug\teclado.a(CyFlash.o) (CySpcStart)
c:/program files (x86)/cypress/psoc creator/4.2/psoc creator/import/gnu/arm/5.4.1/bin/../lib/gcc/arm-none-eabi/5.4.1/../../../../arm-none-eabi/lib/armv7-m\libg_nano.a(lib_a-errno.o)
                              .\CortexM3\ARM_GCC_541\Debug\Cm3Start.o (__errno)
c:/program files (x86)/cypress/psoc creator/4.2/psoc creator/import/gnu/arm/5.4.1/bin/../lib/gcc/arm-none-eabi/5.4.1/../../../../arm-none-eabi/lib/armv7-m\libg_nano.a(lib_a-exit.o)
                              c:/program files (x86)/cypress/psoc creator/4.2/psoc creator/import/gnu/arm/5.4.1/bin/../lib/gcc/arm-none-eabi/5.4.1/../../../../arm-none-eabi/lib/armv7-m/crt0.o (exit)
c:/program files (x86)/cypress/psoc creator/4.2/psoc creator/import/gnu/arm/5.4.1/bin/../lib/gcc/arm-none-eabi/5.4.1/../../../../arm-none-eabi/lib/armv7-m\libg_nano.a(lib_a-impure.o)
                              c:/program files (x86)/cypress/psoc creator/4.2/psoc creator/import/gnu/arm/5.4.1/bin/../lib/gcc/arm-none-eabi/5.4.1/../../../../arm-none-eabi/lib/armv7-m\libg_nano.a(lib_a-exit.o) (_global_impure_ptr)
c:/program files (x86)/cypress/psoc creator/4.2/psoc creator/import/gnu/arm/5.4.1/bin/../lib/gcc/arm-none-eabi/5.4.1/../../../../arm-none-eabi/lib/armv7-m\libg_nano.a(lib_a-init.o)
                              c:/program files (x86)/cypress/psoc creator/4.2/psoc creator/import/gnu/arm/5.4.1/bin/../lib/gcc/arm-none-eabi/5.4.1/../../../../arm-none-eabi/lib/armv7-m/crt0.o (__libc_init_array)
c:/program files (x86)/cypress/psoc creator/4.2/psoc creator/import/gnu/arm/5.4.1/bin/../lib/gcc/arm-none-eabi/5.4.1/../../../../arm-none-eabi/lib/armv7-m\libg_nano.a(lib_a-memcpy-stub.o)
                              .\CortexM3\ARM_GCC_541\Debug\cyfitter_cfg.o (memcpy)
c:/program files (x86)/cypress/psoc creator/4.2/psoc creator/import/gnu/arm/5.4.1/bin/../lib/gcc/arm-none-eabi/5.4.1/../../../../arm-none-eabi/lib/armv7-m\libg_nano.a(lib_a-memset.o)
                              c:/program files (x86)/cypress/psoc creator/4.2/psoc creator/import/gnu/arm/5.4.1/bin/../lib/gcc/arm-none-eabi/5.4.1/../../../../arm-none-eabi/lib/armv7-m/crt0.o (memset)
c:/program files (x86)/cypress/psoc creator/4.2/psoc creator/import/gnu/arm/5.4.1/bin/../lib/gcc/arm-none-eabi/5.4.1/../../../../arm-none-eabi/lib/armv7-m\libg_nano.a(lib_a-nano-vfprintf_float.o)
                              (_printf_float)
c:/program files (x86)/cypress/psoc creator/4.2/psoc creator/import/gnu/arm/5.4.1/bin/../lib/gcc/arm-none-eabi/5.4.1/../../../../arm-none-eabi/lib/armv7-m\libg_nano.a(lib_a-nano-vfprintf_i.o)
[...]
Memory Configuration

Name             Origin             Length             Attributes
rom              0x00000000         0x00040000         xr
ram              0x1fff8000         0x00010000         xrw
*default*        0x00000000         0xffffffff

Linker script and memory map

LOAD c:/program files (x86)/cypress/psoc creator/4.2/psoc creator/import/gnu/arm/5.4.1/bin/../lib/gcc/arm-none-eabi/5.4.1/armv7-m/crti.o
LOAD c:/program files (x86)/cypress/psoc creator/4.2/psoc creator/import/gnu/arm/5.4.1/bin/../lib/gcc/arm-none-eabi/5.4.1/armv7-m/crtbegin.o
LOAD c:/program files (x86)/cypress/psoc creator/4.2/psoc creator/import/gnu/arm/5.4.1/bin/../lib/gcc/arm-none-eabi/5.4.1/../../../../arm-none-eabi/lib/armv7-m/crt0.o
START GROUP
LOAD .\CortexM3\ARM_GCC_541\Debug\main.o
LOAD .\CortexM3\ARM_GCC_541\Debug\cyfitter_cfg.o
LOAD .\CortexM3\ARM_GCC_541\Debug\cymetadata.o
LOAD .\CortexM3\ARM_GCC_541\Debug\Cm3Start.o
LOAD .\CortexM3\ARM_GCC_541\Debug\teclado.a
LOAD C:\Program Files (x86)\Cypress\PSoC Creator\4.2\PSoC Creator\psoc\content\cycomponentlibrary\CyComponentLibrary.cylib\CortexM3\ARM_GCC_541\Debug\CyComponentLibrary.a
END GROUP
START GROUP
LOAD c:/program files (x86)/cypress/psoc creator/4.2/psoc creator/import/gnu/arm/5.4.1/bin/../lib/gcc/arm-none-eabi/5.4.1/armv7-m\libgcc.a
LOAD c:/program files (x86)/cypress/psoc creator/4.2/psoc creator/import/gnu/arm/5.4.1/bin/../lib/gcc/arm-none-eabi/5.4.1/../../../../arm-none-eabi/lib/armv7-m\libg_nano.a
LOAD c:/program files (x86)/cypress/psoc creator/4.2/psoc creator/import/gnu/arm/5.4.1/bin/../lib/gcc/arm-none-eabi/5.4.1/../../../../arm-none-eabi/lib/armv7-m\libc_nano.a
END GROUP
START GROUP
LOAD c:/program files (x86)/cypress/psoc creator/4.2/psoc creator/import/gnu/arm/5.4.1/bin/../lib/gcc/arm-none-eabi/5.4.1/armv7-m\libgcc.a
LOAD c:/program files (x86)/cypress/psoc creator/4.2/psoc creator/import/gnu/arm/5.4.1/bin/../lib/gcc/arm-none-eabi/5.4.1/../../../../arm-none-eabi/lib/armv7-m\libc_nano.a
END GROUP
LOAD c:/program files (x86)/cypress/psoc creator/4.2/psoc creator/import/gnu/arm/5.4.1/bin/../lib/gcc/arm-none-eabi/5.4.1/armv7-m/crtend.o
LOAD c:/program files (x86)/cypress/psoc creator/4.2/psoc creator/import/gnu/arm/5.4.1/bin/../lib/gcc/arm-none-eabi/5.4.1/armv7-m/crtn.o
START GROUP
LOAD c:/program files (x86)/cypress/psoc creator/4.2/psoc creator/import/gnu/arm/5.4.1/bin/../lib/gcc/arm-none-eabi/5.4.1/armv7-m\libgcc.a
LOAD c:/program files (x86)/cypress/psoc creator/4.2/psoc creator/import/gnu/arm/5.4.1/bin/../lib/gcc/arm-none-eabi/5.4.1/../../../../arm-none-eabi/lib/armv7-m\libc.a
LOAD c:/program files (x86)/cypress/psoc creator/4.2/psoc creator/import/gnu/arm/5.4.1/bin/../lib/gcc/arm-none-eabi/5.4.1/../../../../arm-none-eabi/lib/armv7-m\libnosys.a
END GROUP
                0x00000000                CY_APPL_ORIGIN = 0x0
                0x00000100                CY_FLASH_ROW_SIZE = 0x100
                0x00000020                CY_ECC_ROW_SIZE = 0x20
                0x00000000                CY_EE_IN_BTLDR = 0x0
                0x00000000                CY_APPL_LOADABLE = 0x0
                0x00000800                CY_EE_SIZE = 0x800
                0x00000001                CY_APPL_NUM = 0x1
                0x00000001                CY_APPL_MAX = 0x1
                0x00000040                CY_METADATA_SIZE = 0x40
                0x00000000                CY_APPL_LOADABLE = 0x0
                0x00000000                CY_CHECKSUM_EXCLUDE_SIZE = ALIGN (0x0, CY_FLASH_ROW_SIZE)
                [!provide]                PROVIDE (__cy_heap_start, _end)
                0x00000001                PROVIDE (__cy_region_num, ((__cy_regions_end - __cy_regions) / 0x10))
                0x20008000                PROVIDE (__cy_stack, (ORIGIN (ram) + LENGTH (ram)))
                [!provide]                PROVIDE (__cy_heap_end, (__cy_stack - 0x800))

.cybootloader   0x00000000        0x0
 *(.cybootloader)
                0x00000000                appl1_start = CY_APPL_ORIGIN?CY_APPL_ORIGIN:ALIGN (CY_FLASH_ROW_SIZE)
                0x0001ff00                appl2_start = (appl1_start + ALIGN ((((LENGTH (rom) - appl1_start) - (0x2 * CY_FLASH_ROW_SIZE)) / 0x2), CY_FLASH_ROW_SIZE))
                0x00000000                appl_start = (CY_APPL_NUM == 0x1)?appl1_start:appl2_start
                0x00000000                ecc_offset = ((appl_start / CY_FLASH_ROW_SIZE) * CY_ECC_ROW_SIZE)
                0x00000000                ee_offset = (CY_APPL_LOADABLE && ! (CY_EE_IN_BTLDR))?((CY_EE_SIZE / CY_APPL_MAX) * (CY_APPL_NUM - 0x1)):0x0
                0x00000800                ee_size = (CY_APPL_LOADABLE && ! (CY_EE_IN_BTLDR))?(CY_EE_SIZE / CY_APPL_MAX):CY_EE_SIZE
                [!provide]                PROVIDE (CY_ECC_OFFSET, ecc_offset)

.text           0x00000000     0x35c8
 CREATE_OBJECT_SYMBOLS
                0x00000000                PROVIDE (__cy_interrupt_vector, RomVectors)
 *(.romvectors)
 .romvectors    0x00000000       0x10 .\CortexM3\ARM_GCC_541\Debug\Cm3Start.o
                0x00000000                RomVectors
                0x00000001                ASSERT ((. != __cy_interrupt_vector), No interrupt vector)
                0x00000001                ASSERT (CY_APPL_ORIGIN?(SIZEOF (.cybootloader) <= CY_APPL_ORIGIN):0x1, Wrong image location)
                0x00000010                PROVIDE (__cy_reset, Reset)
 *(.text.Reset)
 .text.Reset    0x00000010       0x18 .\CortexM3\ARM_GCC_541\Debug\Cm3Start.o
                0x00000010                Reset
                0x00000001                ASSERT ((. != __cy_reset), No reset code)
 *(.dma_init)
                0x00000001                ASSERT ((((appl_start + .) <= 0x10000) || 0x1), DMA Init must be within the first 64k of flash)
 *(.text .text.* .gnu.linkonce.t.*)
 .text          0x00000028       0x5c c:/program files (x86)/cypress/psoc creator/4.2/psoc creator/import/gnu/arm/5.4.1/bin/../lib/gcc/arm-none-eabi/5.4.1/armv7-m/crtbegin.o
 .text.Timer_ISR
                0x00000084       0x54 .\CortexM3\ARM_GCC_541\Debug\main.o
                0x00000084                Timer_ISR
 .text.Encoder_ISR
                0x000000d8       0x2c .\CortexM3\ARM_GCC_541\Debug\main.o
                0x000000d8                Encoder_ISR
 .text.press_ISR
                0x00000104       0xa0 .\CortexM3\ARM_GCC_541\Debug\main.o
                0x00000104                press_ISR
 .text.Set_Speed
                0x000001a4       0x14 .\CortexM3\ARM_GCC_541\Debug\main.o
                0x000001a4                Set_Speed
 .text.main     0x000001b8       0xb4 .\CortexM3\ARM_GCC_541\Debug\main.o
                0x000001b8                main
 .text.CyClockStartupError
                0x0000026c        0x4 .\CortexM3\ARM_GCC_541\Debug\cyfitter_cfg.o
 .text.cfg_write_bytes32
                0x00000270       0x34 .\CortexM3\ARM_GCC_541\Debug\cyfitter_cfg.o
 .text.AnalogSetDefault
                0x000002a4       0x28 .\CortexM3\ARM_GCC_541\Debug\cyfitter_cfg.o
 .text.CYMEMZERO
                0x000002cc        0xc .\CortexM3\ARM_GCC_541\Debug\cyfitter_cfg.o
 .text.ClockSetup
                0x000002d8       0xcc .\CortexM3\ARM_GCC_541\Debug\cyfitter_cfg.o
 .text.CYCONFIGCPY
                0x000003a4        0x8 .\CortexM3\ARM_GCC_541\Debug\cyfitter_cfg.o
 .text.cyfitter_cfg
                0x000003ac      0x120 .\CortexM3\ARM_GCC_541\Debug\cyfitter_cfg.o
                0x000003ac                cyfitter_cfg
 .text.IntDefaultHandler
                0x000004cc       0x10 .\CortexM3\ARM_GCC_541\Debug\Cm3Start.o
                0x000004cc                IntDefaultHandler
 .text._sbrk    0x000004dc       0x30 .\CortexM3\ARM_GCC_541\Debug\Cm3Start.o
                0x000004dc                _sbrk
 .text.Start_c  0x0000050c       0x4c .\CortexM3\ARM_GCC_541\Debug\Cm3Start.o
                0x0000050c                Start_c
 .text.initialize_psoc
                0x00000558       0x68 .\CortexM3\ARM_GCC_541\Debug\Cm3Start.o
                0x00000558                initialize_psoc
 .text.Keypad_1_GetCol
                0x000005c0       0x24 .\CortexM3\ARM_GCC_541\Debug\teclado.a(Keypad_1_Keypad1.o)
                0x000005c0                Keypad_1_GetCol
 .text.Keypad_1_GetRow
                0x000005e4       0x24 .\CortexM3\ARM_GCC_541\Debug\teclado.a(Keypad_1_Keypad1.o)
                0x000005e4                Keypad_1_GetRow
 .text.Keypad_1_GetButton
                0x00000608       0x28 .\CortexM3\ARM_GCC_541\Debug\teclado.a(Keypad_1_Keypad1.o)
                0x00000608                Keypad_1_GetButton
 .text.Keypad_1_Status_Reg_Read
                0x00000630        0xc .\CortexM3\ARM_GCC_541\Debug\teclado.a(Keypad_1_Status_Reg.o)
                0x00000630                Keypad_1_Status_Reg_Read
 .text.CyDelay  0x0000063c       0x2c .\CortexM3\ARM_GCC_541\Debug\teclado.a(CyLib.o)
                0x0000063c                CyDelay
 .text.CyDelayUs
                0x00000668       0x14 .\CortexM3\ARM_GCC_541\Debug\teclado.a(CyLib.o)
                0x00000668                CyDelayUs
 .text.LCD_WrCntrlNib
                0x0000067c       0x34 .\CortexM3\ARM_GCC_541\Debug\teclado.a(LCD.o)
 .text.LCD_WrDatNib
                0x000006b0       0x44 .\CortexM3\ARM_GCC_541\Debug\teclado.a(LCD.o)
 .text.LCD_IsReady
                0x000006f4       0xe4 .\CortexM3\ARM_GCC_541\Debug\teclado.a(LCD.o)
                0x000006f4                LCD_IsReady
 .text.LCD_WriteData
                0x000007d8       0x18 .\CortexM3\ARM_GCC_541\Debug\teclado.a(LCD.o)
                0x000007d8                LCD_WriteData
 .text.LCD_PrintString
                0x000007f0       0x1c .\CortexM3\ARM_GCC_541\Debug\teclado.a(LCD.o)
                0x000007f0                LCD_PrintString
 .text.LCD_PutChar
                0x0000080c        0x8 .\CortexM3\ARM_GCC_541\Debug\teclado.a(LCD.o)
                0x0000080c                LCD_PutChar
 .text.LCD_WriteControl
                0x00000814       0x18 .\CortexM3\ARM_GCC_541\Debug\teclado.a(LCD.o)
                0x00000814                LCD_WriteControl
 .text.LCD_Init
                0x0000082c       0x6c .\CortexM3\ARM_GCC_541\Debug\teclado.a(LCD.o)
                0x0000082c                LCD_Init
 .text.LCD_Enable
                0x00000898       0x14 .\CortexM3\ARM_GCC_541\Debug\teclado.a(LCD.o)
                0x00000898                LCD_Enable
 .text.LCD_Start
                0x000008ac       0x1c .\CortexM3\ARM_GCC_541\Debug\teclado.a(LCD.o)
                0x000008ac                LCD_Start
 .text.LCD_Position
                0x000008c8       0x3c .\CortexM3\ARM_GCC_541\Debug\teclado.a(LCD.o)
                0x000008c8                LCD_Position
 .text.isr_press_SetVector
                0x00000904        0xc .\CortexM3\ARM_GCC_541\Debug\teclado.a(isr_press.o)
                0x00000904                isr_press_SetVector
 .text.isr_press_SetPriority
                0x00000910       0x10 .\CortexM3\ARM_GCC_541\Debug\teclado.a(isr_press.o)
                0x00000910                isr_press_SetPriority
 .text.isr_press_Enable
                0x00000920        0xc .\CortexM3\ARM_GCC_541\Debug\teclado.a(isr_press.o)
                0x00000920                isr_press_Enable
 .text.isr_press_Disable
                0x0000092c        0xc .\CortexM3\ARM_GCC_541\Debug\teclado.a(isr_press.o)
                0x0000092c                isr_press_Disable
 .text.isr_press_StartEx
                0x00000938       0x1c .\CortexM3\ARM_GCC_541\Debug\teclado.a(isr_press.o)
                0x00000938                isr_press_StartEx
 .text.isr_press_ClearPending
                0x00000954        0xc .\CortexM3\ARM_GCC_541\Debug\teclado.a(isr_press.o)
                0x00000954                isr_press_ClearPending
 .text.Encoder_Read
                0x00000960        0xc .\CortexM3\ARM_GCC_541\Debug\teclado.a(Encoder.o)
                0x00000960                Encoder_Read
 .text.Encoder_ClearInterrupt
                0x0000096c        0xc .\CortexM3\ARM_GCC_541\Debug\teclado.a(Encoder.o)
                0x0000096c                Encoder_ClearInterrupt
 .text.Timer_Enable
                0x00000978       0x10 .\CortexM3\ARM_GCC_541\Debug\teclado.a(Timer.o)
                0x00000978                Timer_Enable
 .text.Timer_SetInterruptMode
                0x00000988        0xc .\CortexM3\ARM_GCC_541\Debug\teclado.a(Timer.o)
                0x00000988                Timer_SetInterruptMode
 .text.Timer_ReadStatusRegister
                0x00000994        0xc .\CortexM3\ARM_GCC_541\Debug\teclado.a(Timer.o)
                0x00000994                Timer_ReadStatusRegister
 .text.Timer_WritePeriod
                0x000009a0        0xc .\CortexM3\ARM_GCC_541\Debug\teclado.a(Timer.o)
                0x000009a0                Timer_WritePeriod
 .text.Timer_ReadCapture
                0x000009ac        0xc .\CortexM3\ARM_GCC_541\Debug\teclado.a(Timer.o)
                0x000009ac                Timer_ReadCapture
 .text.Timer_WriteCounter
                0x000009b8        0xc .\CortexM3\ARM_GCC_541\Debug\teclado.a(Timer.o)
                0x000009b8                Timer_WriteCounter
 .text.Timer_ClearFIFO
                0x000009c4       0x14 .\CortexM3\ARM_GCC_541\Debug\teclado.a(Timer.o)
                0x000009c4                Timer_ClearFIFO
 .text.Timer_Init
                0x000009d8       0x34 .\CortexM3\ARM_GCC_541\Debug\teclado.a(Timer.o)
                0x000009d8                Timer_Init
 .text.Timer_Start
                0x00000a0c       0x1c .\CortexM3\ARM_GCC_541\Debug\teclado.a(Timer.o)
                0x00000a0c                Timer_Start
 .text.isr_1_SetVector
                0x00000a28        0xc .\CortexM3\ARM_GCC_541\Debug\teclado.a(isr_1.o)
                0x00000a28                isr_1_SetVector
 .text.isr_1_SetPriority
                0x00000a34       0x10 .\CortexM3\ARM_GCC_541\Debug\teclado.a(isr_1.o)
                0x00000a34                isr_1_SetPriority
 .text.isr_1_Enable
                0x00000a44        0xc .\CortexM3\ARM_GCC_541\Debug\teclado.a(isr_1.o)
                0x00000a44                isr_1_Enable
 .text.isr_1_Disable
                0x00000a50        0xc .\CortexM3\ARM_GCC_541\Debug\teclado.a(isr_1.o)
                0x00000a50                isr_1_Disable
 .text.isr_1_StartEx
                0x00000a5c       0x1c .\CortexM3\ARM_GCC_541\Debug\teclado.a(isr_1.o)
                0x00000a5c                isr_1_StartEx
 .text.isr_1_ClearPending
                0x00000a78        0xc .\CortexM3\ARM_GCC_541\Debug\teclado.a(isr_1.o)
                0x00000a78                isr_1_ClearPending
 .text.isr_Encoder_SetVector
                0x00000a84        0xc .\CortexM3\ARM_GCC_541\Debug\teclado.a(isr_Encoder.o)
                0x00000a84                isr_Encoder_SetVector
 .text.isr_Encoder_SetPriority
                0x00000a90       0x10 .\CortexM3\ARM_GCC_541\Debug\teclado.a(isr_Encoder.o)
                0x00000a90                isr_Encoder_SetPriority
 .text.isr_Encoder_Enable
                0x00000aa0        0xc .\CortexM3\ARM_GCC_541\Debug\teclado.a(isr_Encoder.o)
                0x00000aa0                isr_Encoder_Enable
 .text.isr_Encoder_Disable
                0x00000aac        0xc .\CortexM3\ARM_GCC_541\Debug\teclado.a(isr_Encoder.o)
                0x00000aac                isr_Encoder_Disable
 .text.isr_Encoder_StartEx
                0x00000ab8       0x1c .\CortexM3\ARM_GCC_541\Debug\teclado.a(isr_Encoder.o)
                0x00000ab8                isr_Encoder_StartEx
 .text.PWM_Enable
                0x00000ad4       0x10 .\CortexM3\ARM_GCC_541\Debug\teclado.a(PWM.o)
                0x00000ad4                PWM_Enable
 .text.PWM_WriteCounter
                0x00000ae4        0xc .\CortexM3\ARM_GCC_541\Debug\teclado.a(PWM.o)
                0x00000ae4                PWM_WriteCounter
 .text.PWM_WritePeriod
                0x00000af0        0xc .\CortexM3\ARM_GCC_541\Debug\teclado.a(PWM.o)
                0x00000af0                PWM_WritePeriod
 .text.PWM_WriteCompare
                0x00000afc        0xc .\CortexM3\ARM_GCC_541\Debug\teclado.a(PWM.o)
                0x00000afc                PWM_WriteCompare
 .text.PWM_SetInterruptMode
                0x00000b08        0xc .\CortexM3\ARM_GCC_541\Debug\teclado.a(PWM.o)
                0x00000b08                PWM_SetInterruptMode
 .text.PWM_ReadStatusRegister
                0x00000b14        0xc .\CortexM3\ARM_GCC_541\Debug\teclado.a(PWM.o)
                0x00000b14                PWM_ReadStatusRegister
 .text.PWM_ReadCapture
                0x00000b20        0xc .\CortexM3\ARM_GCC_541\Debug\teclado.a(PWM.o)
                0x00000b20                PWM_ReadCapture
 .text.PWM_ClearFIFO
                0x00000b2c       0x14 .\CortexM3\ARM_GCC_541\Debug\teclado.a(PWM.o)
                0x00000b2c                PWM_ClearFIFO
 .text.PWM_Init
                0x00000b40       0x50 .\CortexM3\ARM_GCC_541\Debug\teclado.a(PWM.o)
                0x00000b40                PWM_Init
 .text.PWM_Start
                0x00000b90       0x1c .\CortexM3\ARM_GCC_541\Debug\teclado.a(PWM.o)
                0x00000b90                PWM_Start
 .text.Pin_1_Write
                0x00000bac       0x18 .\CortexM3\ARM_GCC_541\Debug\teclado.a(Pin_1.o)
                0x00000bac                Pin_1_Write
 .text.num_control_Write
                0x00000bc4       0x18 .\CortexM3\ARM_GCC_541\Debug\teclado.a(num_control.o)
                0x00000bc4                num_control_Write
 *fill*         0x00000bdc        0x4 
 .text          0x00000be0       0x20 .\CortexM3\ARM_GCC_541\Debug\teclado.a(CyBootAsmGnu.o)
                0x00000be0                CyDelayCycles
                0x00000bf0                CyEnterCriticalSection
                0x00000bf8                CyExitCriticalSection
 .text.__errno  0x00000c00        0xc c:/program files (x86)/cypress/psoc creator/4.2/psoc creator/import/gnu/arm/5.4.1/bin/../lib/gcc/arm-none-eabi/5.4.1/../../../../arm-none-eabi/lib/armv7-m\libg_nano.a(lib_a-errno.o)
                0x00000c00                __errno
 .text.__libc_init_array
                0x00000c0c       0x4c c:/program files (x86)/cypress/psoc creator/4.2/psoc creator/import/gnu/arm/5.4.1/bin/../lib/gcc/arm-none-eabi/5.4.1/../../../../arm-none-eabi/lib/armv7-m\libg_nano.a(lib_a-init.o)
                0x00000c0c                __libc_init_array
 .text.memcpy   0x00000c58       0x16 c:/program files (x86)/cypress/psoc creator/4.2/psoc creator/import/gnu/arm/5.4.1/bin/../lib/gcc/arm-none-eabi/5.4.1/../../../../arm-none-eabi/lib/armv7-m\libg_nano.a(lib_a-memcpy-stub.o)
                0x00000c58                memcpy
 .text.memset   0x00000c6e       0x10 c:/program files (x86)/cypress/psoc creator/4.2/psoc creator/import/gnu/arm/5.4.1/bin/../lib/gcc/arm-none-eabi/5.4.1/../../../../arm-none-eabi/lib/armv7-m\libg_nano.a(lib_a-memset.o)
                0x00000c6e                memset
 .text.__cvt    0x00000c7e       0xc0 c:/program files (x86)/cypress/psoc creator/4.2/psoc creator/import/gnu/arm/5.4.1/bin/../lib/gcc/arm-none-eabi/5.4.1/../../../../arm-none-eabi/lib/armv7-m\libg_nano.a(lib_a-nano-vfprintf_float.o)
                0x00000c7e                __cvt
 .text.__exponent
                0x00000d3e       0x62 c:/program files (x86)/cypress/psoc creator/4.2/psoc creator/import/gnu/arm/5.4.1/bin/../lib/gcc/arm-none-eabi/5.4.1/../../../../arm-none-eabi/lib/armv7-m\libg_nano.a(lib_a-nano-vfprintf_float.o)
                0x00000d3e                __exponent
 .text._printf_float
                0x00000da0      0x488 c:/program files (x86)/cypress/psoc creator/4.2/psoc creator/import/gnu/arm/5.4.1/bin/../lib/gcc/arm-none-eabi/5.4.1/../../../../arm-none-eabi/lib/armv7-m\libg_nano.a(lib_a-nano-vfprintf_float.o)
                0x00000da0                _printf_float
 .text._printf_common
                0x00001228       0xec c:/program files (x86)/cypress/psoc creator/4.2/psoc creator/import/gnu/arm/5.4.1/bin/../lib/gcc/arm-none-eabi/5.4.1/../../../../arm-none-eabi/lib/armv7-m\libg_nano.a(lib_a-nano-vfprintf_i.o)
                0x00001228                _printf_common
 .text._printf_i
                0x00001314      0x24c c:/program files (x86)/cypress/psoc creator/4.2/psoc creator/import/gnu/arm/5.4.1/bin/../lib/gcc/arm-none-eabi/5.4.1/../../../../arm-none-eabi/lib/armv7-m\libg_nano.a(lib_a-nano-vfprintf_i.o)
                0x00001314                _printf_i
 .text.sprintf  0x00001560       0x48 c:/program files (x86)/cypress/psoc creator/4.2/psoc creator/import/gnu/arm/5.4.1/bin/../lib/gcc/arm-none-eabi/5.4.1/../../../../arm-none-eabi/lib/armv7-m\libg_nano.a(lib_a-sprintf.o)
                0x00001560                siprintf
                0x00001560                sprintf
 .text          0x000015a8       0x10 c:/program files (x86)/cypress/psoc creator/4.2/psoc creator/import/gnu/arm/5.4.1/bin/../lib/gcc/arm-none-eabi/5.4.1/../../../../arm-none-eabi/lib/armv7-m\libg_nano.a(lib_a-strlen.o)
                0x000015a8                strlen
 .text.quorem   0x000015b8      0x116 c:/program files (x86)/cypress/psoc creator/4.2/psoc creator/import/gnu/arm/5.4.1/bin/../lib/gcc/arm-none-eabi/5.4.1/../../../../arm-none-eabi/lib/armv7-m\libg_nano.a(lib_a-dtoa.o)
 *fill*         0x000016ce        0x2 
 .text._dtoa_r  0x000016d0      0xb30 c:/program files (x86)/cypress/psoc creator/4.2/psoc creator/import/gnu/arm/5.4.1/bin/../lib/gcc/arm-none-eabi/5.4.1/../../../../arm-none-eabi/lib/armv7-m\libg_nano.a(lib_a-dtoa.o)
                0x000016d0                _dtoa_r
 .text._localeconv_r
                0x00002200        0x8 c:/program files (x86)/cypress/psoc creator/4.2/psoc creator/import/gnu/arm/5.4.1/bin/../lib/gcc/arm-none-eabi/5.4.1/../../../../arm-none-eabi/lib/armv7-m\libg_nano.a(lib_a-locale.o)
                0x00002200                _localeconv_r
 .text.malloc   0x00002208       0x10 c:/program files (x86)/cypress/psoc creator/4.2/psoc creator/import/gnu/arm/5.4.1/bin/../lib/gcc/arm-none-eabi/5.4.1/../../../../arm-none-eabi/lib/armv7-m\libg_nano.a(lib_a-malloc.o)
                0x00002208                malloc
 .text.memchr   0x00002218       0x1c c:/program files (x86)/cypress/psoc creator/4.2/psoc creator/import/gnu/arm/5.4.1/bin/../lib/gcc/arm-none-eabi/5.4.1/../../../../arm-none-eabi/lib/armv7-m\libg_nano.a(lib_a-memchr-stub.o)
                0x00002218                memchr
 .text._Balloc  0x00002234       0x6a c:/program files (x86)/cypress/psoc creator/4.2/psoc creator/import/gnu/arm/5.4.1/bin/../lib/gcc/arm-none-eabi/5.4.1/../../../../arm-none-eabi/lib/armv7-m\libg_nano.a(lib_a-mprec.o)
                0x00002234                _Balloc
 .text._Bfree   0x0000229e       0x2e c:/program files (x86)/cypress/psoc creator/4.2/psoc creator/import/gnu/arm/5.4.1/bin/../lib/gcc/arm-none-eabi/5.4.1/../../../../arm-none-eabi/lib/armv7-m\libg_nano.a(lib_a-mprec.o)
                0x0000229e                _Bfree
 .text.__multadd
                0x000022cc       0x76 c:/program files (x86)/cypress/psoc creator/4.2/psoc creator/import/gnu/arm/5.4.1/bin/../lib/gcc/arm-none-eabi/5.4.1/../../../../arm-none-eabi/lib/armv7-m\libg_nano.a(lib_a-mprec.o)
                0x000022cc                __multadd
 .text.__hi0bits
                0x00002342       0x40 c:/program files (x86)/cypress/psoc creator/4.2/psoc creator/import/gnu/arm/5.4.1/bin/../lib/gcc/arm-none-eabi/5.4.1/../../../../arm-none-eabi/lib/armv7-m\libg_nano.a(lib_a-mprec.o)
                0x00002342                __hi0bits
 .text.__lo0bits
                0x00002382       0x5a c:/program files (x86)/cypress/psoc creator/4.2/psoc creator/import/gnu/arm/5.4.1/bin/../lib/gcc/arm-none-eabi/5.4.1/../../../../arm-none-eabi/lib/armv7-m\libg_nano.a(lib_a-mprec.o)
                0x00002382                __lo0bits
 .text.__i2b    0x000023dc       0x12 c:/program files (x86)/cypress/psoc creator/4.2/psoc creator/import/gnu/arm/5.4.1/bin/../lib/gcc/arm-none-eabi/5.4.1/../../../../arm-none-eabi/lib/armv7-m\libg_nano.a(lib_a-mprec.o)
                0x000023dc                __i2b
 .text.__multiply
                0x000023ee      0x120 c:/program files (x86)/cypress/psoc creator/4.2/psoc creator/import/gnu/arm/5.4.1/bin/../lib/gcc/arm-none-eabi/5.4.1/../../../../arm-none-eabi/lib/armv7-m\libg_nano.a(lib_a-mprec.o)
                0x000023ee                __multiply
 *fill*         0x0000250e        0x2 
 .text.__pow5mult
                0x00002510       0x9c c:/program files (x86)/cypress/psoc creator/4.2/psoc creator/import/gnu/arm/5.4.1/bin/../lib/gcc/arm-none-eabi/5.4.1/../../../../arm-none-eabi/lib/armv7-m\libg_nano.a(lib_a-mprec.o)
                0x00002510                __pow5mult
 .text.__lshift
                0x000025ac       0xa2 c:/program files (x86)/cypress/psoc creator/4.2/psoc creator/import/gnu/arm/5.4.1/bin/../lib/gcc/arm-none-eabi/5.4.1/../../../../arm-none-eabi/lib/armv7-m\libg_nano.a(lib_a-mprec.o)
                0x000025ac                __lshift
 .text.__mcmp   0x0000264e       0x38 c:/program files (x86)/cypress/psoc creator/4.2/psoc creator/import/gnu/arm/5.4.1/bin/../lib/gcc/arm-none-eabi/5.4.1/../../../../arm-none-eabi/lib/armv7-m\libg_nano.a(lib_a-mprec.o)
                0x0000264e                __mcmp
 .text.__mdiff  0x00002686       0xbe c:/program files (x86)/cypress/psoc creator/4.2/psoc creator/import/gnu/arm/5.4.1/bin/../lib/gcc/arm-none-eabi/5.4.1/../../../../arm-none-eabi/lib/armv7-m\libg_nano.a(lib_a-mprec.o)
                0x00002686                __mdiff
 .text.__d2b    0x00002744       0x9c c:/program files (x86)/cypress/psoc creator/4.2/psoc creator/import/gnu/arm/5.4.1/bin/../lib/gcc/arm-none-eabi/5.4.1/../../../../arm-none-eabi/lib/armv7-m\libg_nano.a(lib_a-mprec.o)
                0x00002744                __d2b
 .text._calloc_r
                0x000027e0       0x1c c:/program files (x86)/cypress/psoc creator/4.2/psoc creator/import/gnu/arm/5.4.1/bin/../lib/gcc/arm-none-eabi/5.4.1/../../../../arm-none-eabi/lib/armv7-m\libg_nano.a(lib_a-nano-callocr.o)
                0x000027e0                _calloc_r
 .text._free_r  0x000027fc       0x98 c:/program files (x86)/cypress/psoc creator/4.2/psoc creator/import/gnu/arm/5.4.1/bin/../lib/gcc/arm-none-eabi/5.4.1/../../../../arm-none-eabi/lib/armv7-m\libg_nano.a(lib_a-nano-freer.o)
                0x000027fc                _free_r
 .text._malloc_r
                0x00002894       0xbc c:/program files (x86)/cypress/psoc creator/4.2/psoc creator/import/gnu/arm/5.4.1/bin/../lib/gcc/arm-none-eabi/5.4.1/../../../../arm-none-eabi/lib/armv7-m\libg_nano.a(lib_a-nano-mallocr.o)
                0x00002894                _malloc_r
 .text.__ssputs_r
                0x00002950       0xb2 c:/program files (x86)/cypress/psoc creator/4.2/psoc creator/import/gnu/arm/5.4.1/bin/../lib/gcc/arm-none-eabi/5.4.1/../../../../arm-none-eabi/lib/armv7-m\libg_nano.a(lib_a-nano-svfprintf.o)
                0x00002950                __ssputs_r
 *fill*         0x00002a02        0x2 
 .text._svfprintf_r
                0x00002a04      0x1e8 c:/program files (x86)/cypress/psoc creator/4.2/psoc creator/import/gnu/arm/5.4.1/bin/../lib/gcc/arm-none-eabi/5.4.1/../../../../arm-none-eabi/lib/armv7-m\libg_nano.a(lib_a-nano-svfprintf.o)
                0x00002a04                _svfiprintf_r
                0x00002a04                _svfprintf_r
 .text._sbrk_r  0x00002bec       0x20 c:/program files (x86)/cypress/psoc creator/4.2/psoc creator/import/gnu/arm/5.4.1/bin/../lib/gcc/arm-none-eabi/5.4.1/../../../../arm-none-eabi/lib/armv7-m\libg_nano.a(lib_a-sbrkr.o)
                0x00002bec                _sbrk_r
 .text.memmove  0x00002c0c       0x36 c:/program files (x86)/cypress/psoc creator/4.2/psoc creator/import/gnu/arm/5.4.1/bin/../lib/gcc/arm-none-eabi/5.4.1/../../../../arm-none-eabi/lib/armv7-m\libg_nano.a(lib_a-memmove.o)
                0x00002c0c                memmove
 .text.__malloc_lock
                0x00002c42        0x2 c:/program files (x86)/cypress/psoc creator/4.2/psoc creator/import/gnu/arm/5.4.1/bin/../lib/gcc/arm-none-eabi/5.4.1/../../../../arm-none-eabi/lib/armv7-m\libg_nano.a(lib_a-mlock.o)
                0x00002c42                __malloc_lock
 .text.__malloc_unlock
                0x00002c44        0x2 c:/program files (x86)/cypress/psoc creator/4.2/psoc creator/import/gnu/arm/5.4.1/bin/../lib/gcc/arm-none-eabi/5.4.1/../../../../arm-none-eabi/lib/armv7-m\libg_nano.a(lib_a-mlock.o)
                0x00002c44                __malloc_unlock
 .text._realloc_r
                0x00002c46       0x4c c:/program files (x86)/cypress/psoc creator/4.2/psoc creator/import/gnu/arm/5.4.1/bin/../lib/gcc/arm-none-eabi/5.4.1/../../../../arm-none-eabi/lib/armv7-m\libg_nano.a(lib_a-nano-reallocr.o)
                0x00002c46                _realloc_r
 .text._malloc_usable_size_r
                0x00002c92       0x14 c:/program files (x86)/cypress/psoc creator/4.2/psoc creator/import/gnu/arm/5.4.1/bin/../lib/gcc/arm-none-eabi/5.4.1/../../../../arm-none-eabi/lib/armv7-m\libg_nano.a(lib_a-nano-msizer.o)
                0x00002c92                _malloc_usable_size_r
 *fill*         0x00002ca6        0x2 
 .text          0x00002ca8      0x370 c:/program files (x86)/cypress/psoc creator/4.2/psoc creator/import/gnu/arm/5.4.1/bin/../lib/gcc/arm-none-eabi/5.4.1/armv7-m\libgcc.a(_arm_addsubdf3.o)
                0x00002ca8                __aeabi_drsub
                0x00002cb0                __aeabi_dsub
                0x00002cb0                __subdf3
                0x00002cb4                __aeabi_dadd
                0x00002cb4                __adddf3
                0x00002f2c                __floatunsidf
                0x00002f2c                __aeabi_ui2d
                0x00002f4c                __floatsidf
                0x00002f4c                __aeabi_i2d
                0x00002f70                __aeabi_f2d
                0x00002f70                __extendsfdf2
                0x00002fac                __floatundidf
                0x00002fac                __aeabi_ul2d
                0x00002fbc                __floatdidf
                0x00002fbc                __aeabi_l2d
 .text          0x00003018      0x424 c:/program files (x86)/cypress/psoc creator/4.2/psoc creator/import/gnu/arm/5.4.1/bin/../lib/gcc/arm-none-eabi/5.4.1/armv7-m\libgcc.a(_arm_muldivdf3.o)
                0x00003018                __aeabi_dmul
                0x00003018                __muldf3
                0x0000326c                __divdf3
                0x0000326c                __aeabi_ddiv
 .text          0x0000343c      0x110 c:/program files (x86)/cypress/psoc creator/4.2/psoc creator/import/gnu/arm/5.4.1/bin/../lib/gcc/arm-none-eabi/5.4.1/armv7-m\libgcc.a(_arm_cmpdf2.o)
                0x0000343c                __gtdf2
                0x0000343c                __gedf2
                0x00003444                __ltdf2
                0x00003444                __ledf2
                0x0000344c                __nedf2
                0x0000344c                __eqdf2
                0x0000344c                __cmpdf2
                0x000034c8                __aeabi_cdrcmple
                0x000034d8                __aeabi_cdcmpeq
                0x000034d8                __aeabi_cdcmple
                0x000034e8                __aeabi_dcmpeq
                0x000034fc                __aeabi_dcmplt
                0x00003510                __aeabi_dcmple
                0x00003524                __aeabi_dcmpge
                0x00003538                __aeabi_dcmpgt
 .text          0x0000354c       0x2c c:/program files (x86)/cypress/psoc creator/4.2/psoc creator/import/gnu/arm/5.4.1/bin/../lib/gcc/arm-none-eabi/5.4.1/armv7-m\libgcc.a(_arm_unorddf2.o)
                0x0000354c                __unorddf2
                0x0000354c                __aeabi_dcmpun
 .text          0x00003578       0x50 c:/program files (x86)/cypress/psoc creator/4.2/psoc creator/import/gnu/arm/5.4.1/bin/../lib/gcc/arm-none-eabi/5.4.1/armv7-m\libgcc.a(_arm_fixdfsi.o)
                0x00003578                __aeabi_d2iz
                0x00003578                __fixdfsi
 *(.plt)
 *(.gnu.warning)
 *(.glue_7t)
 .glue_7t       0x000035c8        0x0 linker stubs
 *(.glue_7)
 .glue_7        0x000035c8        0x0 linker stubs
 *(.vfp11_veneer)
 .vfp11_veneer  0x000035c8        0x0 linker stubs
 *(.bootloader)
 *(.ARM.extab* .gnu.linkonce.armextab.*)
 *(.gcc_except_table)

.v4_bx          0x000035c8        0x0
 .v4_bx         0x000035c8        0x0 linker stubs

.iplt           0x000035c8        0x0
 .iplt          0x000035c8        0x0 c:/program files (x86)/cypress/psoc creator/4.2/psoc creator/import/gnu/arm/5.4.1/bin/../lib/gcc/arm-none-eabi/5.4.1/armv7-m/crtbegin.o

.eh_frame_hdr
 *(.eh_frame_hdr)

.eh_frame       0x000035c8        0x4
 *(.eh_frame)
 .eh_frame      0x000035c8        0x0 c:/program files (x86)/cypress/psoc creator/4.2/psoc creator/import/gnu/arm/5.4.1/bin/../lib/gcc/arm-none-eabi/5.4.1/armv7-m/crtbegin.o
 .eh_frame      0x000035c8        0x4 c:/program files (x86)/cypress/psoc creator/4.2/psoc creator/import/gnu/arm/5.4.1/bin/../lib/gcc/arm-none-eabi/5.4.1/armv7-m/crtend.o
                [!provide]                PROVIDE (__exidx_start, .)

.ARM.exidx
 *(.ARM.exidx* .gnu.linkonce.armexidx.*)
                0x000035cc                __exidx_end = .

.rodata         0x000035d0      0x1f8
 *(.rodata .rodata.* .gnu.linkonce.r.*)
 .rodata.str1.4
                0x000035d0       0x38 .\CortexM3\ARM_GCC_541\Debug\main.o
 .rodata        0x00003608       0x2a .\CortexM3\ARM_GCC_541\Debug\cyfitter_cfg.o
 .rodata.str1.1
                0x00003632        0x2 c:/program files (x86)/cypress/psoc creator/4.2/psoc creator/import/gnu/arm/5.4.1/bin/../lib/gcc/arm-none-eabi/5.4.1/../../../../arm-none-eabi/lib/armv7-m\libg_nano.a(lib_a-impure.o)
 .rodata.str1.1
                0x00003634       0x12 c:/program files (x86)/cypress/psoc creator/4.2/psoc creator/import/gnu/arm/5.4.1/bin/../lib/gcc/arm-none-eabi/5.4.1/../../../../arm-none-eabi/lib/armv7-m\libg_nano.a(lib_a-nano-vfprintf_float.o)
 .rodata.str1.1
                0x00003646       0x22 c:/program files (x86)/cypress/psoc creator/4.2/psoc creator/import/gnu/arm/5.4.1/bin/../lib/gcc/arm-none-eabi/5.4.1/../../../../arm-none-eabi/lib/armv7-m\libg_nano.a(lib_a-nano-vfprintf_i.o)
 .rodata.str1.1
                0x00003668        0xd c:/program files (x86)/cypress/psoc creator/4.2/psoc creator/import/gnu/arm/5.4.1/bin/../lib/gcc/arm-none-eabi/5.4.1/../../../../arm-none-eabi/lib/armv7-m\libg_nano.a(lib_a-dtoa.o)
                                  0xf (size before relaxing)
 .rodata.str1.1
                0x00003675        0x8 c:/program files (x86)/cypress/psoc creator/4.2/psoc creator/import/gnu/arm/5.4.1/bin/../lib/gcc/arm-none-eabi/5.4.1/../../../../arm-none-eabi/lib/armv7-m\libg_nano.a(lib_a-locale.o)
                                  0xb (size before relaxing)
 *fill*         0x0000367d        0x3 
 .rodata.__mprec_tens
                0x00003680       0xc8 c:/program files (x86)/cypress/psoc creator/4.2/psoc creator/import/gnu/arm/5.4.1/bin/../lib/gcc/arm-none-eabi/5.4.1/../../../../arm-none-eabi/lib/armv7-m\libg_nano.a(lib_a-mprec.o)
                0x00003680                __mprec_tens
 .rodata.p05.5408
                0x00003748        0xc c:/program files (x86)/cypress/psoc creator/4.2/psoc creator/import/gnu/arm/5.4.1/bin/../lib/gcc/arm-none-eabi/5.4.1/../../../../arm-none-eabi/lib/armv7-m\libg_nano.a(lib_a-mprec.o)
 *fill*         0x00003754        0x4 
 .rodata.__mprec_bigtens
                0x00003758       0x28 c:/program files (x86)/cypress/psoc creator/4.2/psoc creator/import/gnu/arm/5.4.1/bin/../lib/gcc/arm-none-eabi/5.4.1/../../../../arm-none-eabi/lib/armv7-m\libg_nano.a(lib_a-mprec.o)
                0x00003758                __mprec_bigtens
 .rodata.str1.1
                0x00003780       0x11 c:/program files (x86)/cypress/psoc creator/4.2/psoc creator/import/gnu/arm/5.4.1/bin/../lib/gcc/arm-none-eabi/5.4.1/../../../../arm-none-eabi/lib/armv7-m\libg_nano.a(lib_a-nano-svfprintf.o)
                0x00003794                . = ALIGN (0x4)
 *fill*         0x00003791        0x3 
 *(.init)
 .init          0x00003794        0x4 c:/program files (x86)/cypress/psoc creator/4.2/psoc creator/import/gnu/arm/5.4.1/bin/../lib/gcc/arm-none-eabi/5.4.1/armv7-m/crti.o
                0x00003794                _init
 .init          0x00003798        0x8 c:/program files (x86)/cypress/psoc creator/4.2/psoc creator/import/gnu/arm/5.4.1/bin/../lib/gcc/arm-none-eabi/5.4.1/armv7-m/crtn.o
                0x000037a0                . = ALIGN (0x4)
                0x000037a0                __preinit_array_start = .
 *(.preinit_array)
                0x000037a0                __preinit_array_end = .
                0x000037a0                . = ALIGN (0x4)
                0x000037a0                __init_array_start = .
 *(SORT(.init_array.*))
 *(.init_array)
 .init_array    0x000037a0        0x4 c:/program files (x86)/cypress/psoc creator/4.2/psoc creator/import/gnu/arm/5.4.1/bin/../lib/gcc/arm-none-eabi/5.4.1/armv7-m/crtbegin.o
 .init_array    0x000037a4        0x4 .\CortexM3\ARM_GCC_541\Debug\Cm3Start.o
                0x000037a8                __init_array_end = .
                0x000037a8                . = ALIGN (0x4)
 *(.fini)
 .fini          0x000037a8        0x4 c:/program files (x86)/cypress/psoc creator/4.2/psoc creator/import/gnu/arm/5.4.1/bin/../lib/gcc/arm-none-eabi/5.4.1/armv7-m/crti.o
                0x000037a8                _fini
 .fini          0x000037ac        0x8 c:/program files (x86)/cypress/psoc creator/4.2/psoc creator/import/gnu/arm/5.4.1/bin/../lib/gcc/arm-none-eabi/5.4.1/armv7-m/crtn.o
                0x000037b4                . = ALIGN (0x4)
                0x000037b4                __fini_array_start = .
 *(.fini_array)
 .fini_array    0x000037b4        0x4 c:/program files (x86)/cypress/psoc creator/4.2/psoc creator/import/gnu/arm/5.4.1/bin/../lib/gcc/arm-none-eabi/5.4.1/armv7-m/crtbegin.o
 *(SORT(.fini_array.*))
                0x000037b8                __fini_array_end = .
                0x000037b8                . = ALIGN (0x4)
 *crtbegin.o(.ctors)
 *(EXCLUDE_FILE(*crtend.o) .ctors)
 *(SORT(.ctors.*))
 *crtend.o(.ctors)
                0x000037b8                . = ALIGN (0x4)
 *crtbegin.o(.dtors)
 *(EXCLUDE_FILE(*crtend.o) .dtors)
 *(SORT(.dtors.*))
 *crtend.o(.dtors)
                0x000037b8                . = ALIGN (0x4)
                0x000037b8                __cy_regions = .
                0x000037b8        0x4 LONG 0x37c8 __cy_region_init_ram
                0x000037bc        0x4 LONG 0x1fff80c8 __cy_region_start_data
                0x000037c0        0x4 LONG 0xd0 __cy_region_init_size_ram
                0x000037c4        0x4 LONG 0x80 __cy_region_zero_size_ram
                0x000037c8                __cy_regions_end = .
                0x000037c8                . = ALIGN (0x8)
                0x000037c8                _etext = .

.cy_checksum_exclude
                0x000037c8        0x0
 *(.cy_checksum_exclude)

.ramvectors     0x1fff8000       0xc0
                0x1fff8000                __cy_region_start_ram = .
 *(.ramvectors)
 .ramvectors    0x1fff8000       0xc0 .\CortexM3\ARM_GCC_541\Debug\Cm3Start.o
                0x1fff8000                CyRamVectors

.noinit         0x1fff80c0        0x1
 *(.noinit)
 .noinit        0x1fff80c0        0x1 .\CortexM3\ARM_GCC_541\Debug\teclado.a(CyLib.o)
                0x1fff80c0                CyResetStatus

.data           0x1fff80c8       0xd0 load address 0x000037c8
                0x1fff80c8                __cy_region_start_data = .
 *(.jcr)
 .jcr           0x1fff80c8        0x0 c:/program files (x86)/cypress/psoc creator/4.2/psoc creator/import/gnu/arm/5.4.1/bin/../lib/gcc/arm-none-eabi/5.4.1/armv7-m/crtbegin.o
 .jcr           0x1fff80c8        0x4 c:/program files (x86)/cypress/psoc creator/4.2/psoc creator/import/gnu/arm/5.4.1/bin/../lib/gcc/arm-none-eabi/5.4.1/armv7-m/crtend.o
 *(.got.plt)
 *(.got)
 *(.shdata)
 *(.data .data.* .gnu.linkonce.d.*)
 .data          0x1fff80cc       0x18 .\CortexM3\ARM_GCC_541\Debug\main.o
                0x1fff80cc                flag
                0x1fff80d0                pwm_Com
                0x1fff80d4                Keypad_1_Key
 .data          0x1fff80e4        0x4 .\CortexM3\ARM_GCC_541\Debug\Cm3Start.o
 .data          0x1fff80e8       0x10 .\CortexM3\ARM_GCC_541\Debug\teclado.a(CyLib.o)
                0x1fff80e8                cydelay_32k_ms
                0x1fff80ec                cydelay_freq_khz
                0x1fff80f0                cydelay_freq_mhz
                0x1fff80f4                cydelay_freq_hz
 .data.impure_data
                0x1fff80f8       0x60 c:/program files (x86)/cypress/psoc creator/4.2/psoc creator/import/gnu/arm/5.4.1/bin/../lib/gcc/arm-none-eabi/5.4.1/../../../../arm-none-eabi/lib/armv7-m\libg_nano.a(lib_a-impure.o)
 .data._impure_ptr
                0x1fff8158        0x4 c:/program files (x86)/cypress/psoc creator/4.2/psoc creator/import/gnu/arm/5.4.1/bin/../lib/gcc/arm-none-eabi/5.4.1/../../../../arm-none-eabi/lib/armv7-m\libg_nano.a(lib_a-impure.o)
                0x1fff8158                _impure_ptr
 .data.lconv    0x1fff815c       0x38 c:/program files (x86)/cypress/psoc creator/4.2/psoc creator/import/gnu/arm/5.4.1/bin/../lib/gcc/arm-none-eabi/5.4.1/../../../../arm-none-eabi/lib/armv7-m\libg_nano.a(lib_a-locale.o)
                0x1fff8198                . = ALIGN (0x8)
 *fill*         0x1fff8194        0x4 
 *(.ram)
                0x1fff8198                _edata = .

.igot.plt       0x1fff8198        0x0 load address 0x00003898
 .igot.plt      0x1fff8198        0x0 c:/program files (x86)/cypress/psoc creator/4.2/psoc creator/import/gnu/arm/5.4.1/bin/../lib/gcc/arm-none-eabi/5.4.1/armv7-m/crtbegin.o

.bss            0x1fff8198       0x80 load address 0x00003898
                0x1fff8198                PROVIDE (__bss_start__, .)
 *(.shbss)
 *(.bss .bss.* .gnu.linkonce.b.*)
 .bss           0x1fff8198       0x1c c:/program files (x86)/cypress/psoc creator/4.2/psoc creator/import/gnu/arm/5.4.1/bin/../lib/gcc/arm-none-eabi/5.4.1/armv7-m/crtbegin.o
 .bss           0x1fff81b4       0x1c .\CortexM3\ARM_GCC_541\Debug\main.o
                0x1fff81b4                tiempo
                0x1fff81b8                diff1
                0x1fff81bc                speed_read
                0x1fff81c0                flag1
                0x1fff81c4                flag_init
                0x1fff81c8                event
                0x1fff81cc                flag_cont
 .bss           0x1fff81d0        0x2 .\CortexM3\ARM_GCC_541\Debug\teclado.a(LCD.o)
                0x1fff81d0                LCD_enableState
                0x1fff81d1                LCD_initVar
 .bss           0x1fff81d2        0x1 .\CortexM3\ARM_GCC_541\Debug\teclado.a(Timer.o)
                0x1fff81d2                Timer_initVar
 .bss           0x1fff81d3        0x1 .\CortexM3\ARM_GCC_541\Debug\teclado.a(PWM.o)
                0x1fff81d3                PWM_initVar
 .bss.__malloc_sbrk_start
                0x1fff81d4        0x4 c:/program files (x86)/cypress/psoc creator/4.2/psoc creator/import/gnu/arm/5.4.1/bin/../lib/gcc/arm-none-eabi/5.4.1/../../../../arm-none-eabi/lib/armv7-m\libg_nano.a(lib_a-nano-mallocr.o)
                0x1fff81d4                __malloc_sbrk_start
 .bss.__malloc_free_list
                0x1fff81d8        0x4 c:/program files (x86)/cypress/psoc creator/4.2/psoc creator/import/gnu/arm/5.4.1/bin/../lib/gcc/arm-none-eabi/5.4.1/../../../../arm-none-eabi/lib/armv7-m\libg_nano.a(lib_a-nano-mallocr.o)
                0x1fff81d8                __malloc_free_list
 *(COMMON)
 COMMON         0x1fff81dc       0x34 .\CortexM3\ARM_GCC_541\Debug\main.o
                0x1fff81dc                valor
                0x1fff81e0                temp
                0x1fff81e4                contador
                0x1fff81e8                counter
                0x1fff81ec                speed
                0x1fff81f0                str
                0x1fff8200                str2
 COMMON         0x1fff8210        0x4 c:/program files (x86)/cypress/psoc creator/4.2/psoc creator/import/gnu/arm/5.4.1/bin/../lib/gcc/arm-none-eabi/5.4.1/../../../../arm-none-eabi/lib/armv7-m\libg_nano.a(lib_a-reent.o)
                0x1fff8210                errno
                0x1fff8218                . = ALIGN (0x8)
 *fill*         0x1fff8214        0x4 
 *(.ram.b)
                0x1fff8218                _end = .
                0x1fff8218                __end = .
                0x1fff8218                PROVIDE (end, .)
                0x1fff8218                PROVIDE (__bss_end__, .)
                0x000037c8                __cy_region_init_ram = LOADADDR (.data)
                0x000000d0                __cy_region_init_size_ram = (_edata - ADDR (.data))
                0x00000080                __cy_region_zero_size_ram = (_end - _edata)

.heap           0x1fff8218       0x80 load address 0x00003898
                0x1fff8218                . = _end
                0x1fff8298                . = (. + 0x80)
 *fill*         0x1fff8218       0x80 
                0x1fff8298                __cy_heap_limit = .

.stack          0x20007800      0x800
                0x20007800                __cy_stack_limit = .
                0x20008000                . = (. + 0x800)
 *fill*         0x20007800      0x800 
                0x00000001                ASSERT ((__cy_stack_limit >= __cy_heap_limit), region RAM overflowed with stack)
                0x00000000                cy_checksum_exclude_size = (CY_APPL_LOADABLE == 0x1)?SIZEOF (.cy_checksum_exclude):0x0
                0x00000001                ASSERT ((cy_checksum_exclude_size <= CY_CHECKSUM_EXCLUDE_SIZE), CY_BOOT: Section .cy_checksum_exclude size exceedes specified limit.)

.cyloadermeta
 *(.cyloadermeta)

.cyloadablemeta
 *(.cyloadablemeta)

.cyconfigecc    0x80000000      0x324
 *(.cyconfigecc)
 .cyconfigecc   0x80000000      0x324 .\CortexM3\ARM_GCC_541\Debug\cymetadata.o
                0x80000000                cy_meta_configecc

.cycustnvl      0x90000000        0x4
 *(.cycustnvl)
 .cycustnvl     0x90000000        0x4 .\CortexM3\ARM_GCC_541\Debug\cymetadata.o
                0x90000000                cy_meta_custnvl

.cywolatch      0x90100000        0x4
 *(.cywolatch)
 .cywolatch     0x90100000        0x4 .\CortexM3\ARM_GCC_541\Debug\cymetadata.o
                0x90100000                cy_meta_wonvl

.cyeeprom       0x90200000        0x0
 *(.cyeeprom)
                0x00000001                ASSERT ((. <= ((0x90200000 + ee_offset) + ee_size)), .cyeeprom data will not fit in EEPROM)

.cyflashprotect
                0x90400000      0x100
 *(.cyflashprotect)
 .cyflashprotect
                0x90400000      0x100 .\CortexM3\ARM_GCC_541\Debug\cymetadata.o
                0x90400000                cy_meta_flashprotect

.cymeta         0x90500000        0xc
 *(.cymeta)
 .cymeta        0x90500000        0xc .\CortexM3\ARM_GCC_541\Debug\cymetadata.o
                0x90500000                cy_metadata

.rel.dyn        0x00003898        0x0 load address 0x9050000c
 .rel.iplt      0x00003898        0x0 c:/program files (x86)/cypress/psoc creator/4.2/psoc creator/import/gnu/arm/5.4.1/bin/../lib/gcc/arm-none-eabi/5.4.1/armv7-m/crtbegin.o

.stab
 *(.stab)

.stabstr
 *(.stabstr)

.debug
 *(.debug)

.line
 *(.line)

.debug_srcinfo
 *(.debug_srcinfo)

.debug_sfnames
 *(.debug_sfnames)

.debug_aranges  0x00000000      0x9d0
 *(.debug_aranges)
 .debug_aranges
                0x00000000       0x50 .\CortexM3\ARM_GCC_541\Debug\main.o
 .debug_aranges
                0x00000050       0x58 .\CortexM3\ARM_GCC_541\Debug\cyfitter_cfg.o
 .debug_aranges
                0x000000a8       0x18 .\CortexM3\ARM_GCC_541\Debug\cymetadata.o
 .debug_aranges
                0x000000c0       0x48 .\CortexM3\ARM_GCC_541\Debug\Cm3Start.o
 .debug_aranges
                0x00000108       0x30 .\CortexM3\ARM_GCC_541\Debug\teclado.a(Keypad_1_Keypad1.o)
 .debug_aranges
                0x00000138       0x40 .\CortexM3\ARM_GCC_541\Debug\teclado.a(Keypad_1_Status_Reg.o)
 .debug_aranges
                0x00000178      0x2a0 .\CortexM3\ARM_GCC_541\Debug\teclado.a(CyLib.o)
 .debug_aranges
                0x00000418       0x98 .\CortexM3\ARM_GCC_541\Debug\teclado.a(cyPm.o)
 .debug_aranges
                0x000004b0       0x98 .\CortexM3\ARM_GCC_541\Debug\teclado.a(LCD.o)
 .debug_aranges
                0x00000548       0x80 .\CortexM3\ARM_GCC_541\Debug\teclado.a(isr_press.o)
 .debug_aranges
                0x000005c8       0x48 .\CortexM3\ARM_GCC_541\Debug\teclado.a(Encoder.o)
 .debug_aranges
                0x00000610       0x90 .\CortexM3\ARM_GCC_541\Debug\teclado.a(Timer.o)
 .debug_aranges
                0x000006a0       0x80 .\CortexM3\ARM_GCC_541\Debug\teclado.a(isr_1.o)
 .debug_aranges
                0x00000720       0x80 .\CortexM3\ARM_GCC_541\Debug\teclado.a(isr_Encoder.o)
 .debug_aranges
                0x000007a0       0x98 .\CortexM3\ARM_GCC_541\Debug\teclado.a(PWM.o)
 .debug_aranges
                0x00000838       0x38 .\CortexM3\ARM_GCC_541\Debug\teclado.a(Pin_1.o)
 .debug_aranges
                0x00000870       0x38 .\CortexM3\ARM_GCC_541\Debug\teclado.a(num_control.o)
 .debug_aranges
                0x000008a8       0x20 .\CortexM3\ARM_GCC_541\Debug\teclado.a(CyBootAsmGnu.o)
 .debug_aranges
                0x000008c8       0x88 .\CortexM3\ARM_GCC_541\Debug\teclado.a(CyFlash.o)
 .debug_aranges
                0x00000950       0x80 .\CortexM3\ARM_GCC_541\Debug\teclado.a(CySpc.o)

.debug_pubnames
 *(.debug_pubnames)

.debug_info     0x00000000     0x5770
 *(.debug_info .gnu.linkonce.wi.*)
 .debug_info    0x00000000      0x6b5 .\CortexM3\ARM_GCC_541\Debug\main.o
 .debug_info    0x000006b5      0x524 .\CortexM3\ARM_GCC_541\Debug\cyfitter_cfg.o
 .debug_info    0x00000bd9      0x135 .\CortexM3\ARM_GCC_541\Debug\cymetadata.o
 .debug_info    0x00000d0e      0x3bb .\CortexM3\ARM_GCC_541\Debug\Cm3Start.o
 .debug_info    0x000010c9      0x1ea .\CortexM3\ARM_GCC_541\Debug\teclado.a(Keypad_1_Keypad1.o)
 .debug_info    0x000012b3      0x17f .\CortexM3\ARM_GCC_541\Debug\teclado.a(Keypad_1_Status_Reg.o)
 .debug_info    0x00001432     0x1374 .\CortexM3\ARM_GCC_541\Debug\teclado.a(CyLib.o)
 .debug_info    0x000027a6      0xa2a .\CortexM3\ARM_GCC_541\Debug\teclado.a(cyPm.o)
 .debug_info    0x000031d0      0x715 .\CortexM3\ARM_GCC_541\Debug\teclado.a(LCD.o)
 .debug_info    0x000038e5      0x2d2 .\CortexM3\ARM_GCC_541\Debug\teclado.a(isr_press.o)
 .debug_info    0x00003bb7      0x174 .\CortexM3\ARM_GCC_541\Debug\teclado.a(Encoder.o)
 .debug_info    0x00003d2b      0x2f0 .\CortexM3\ARM_GCC_541\Debug\teclado.a(Timer.o)
 .debug_info    0x0000401b      0x2d2 .\CortexM3\ARM_GCC_541\Debug\teclado.a(isr_1.o)
 .debug_info    0x000042ed      0x2d2 .\CortexM3\ARM_GCC_541\Debug\teclado.a(isr_Encoder.o)
 .debug_info    0x000045bf      0x333 .\CortexM3\ARM_GCC_541\Debug\teclado.a(PWM.o)
 .debug_info    0x000048f2      0x11f .\CortexM3\ARM_GCC_541\Debug\teclado.a(Pin_1.o)
 .debug_info    0x00004a11      0x11f .\CortexM3\ARM_GCC_541\Debug\teclado.a(num_control.o)
 .debug_info    0x00004b30       0xa3 .\CortexM3\ARM_GCC_541\Debug\teclado.a(CyBootAsmGnu.o)
 .debug_info    0x00004bd3      0x64d .\CortexM3\ARM_GCC_541\Debug\teclado.a(CyFlash.o)
 .debug_info    0x00005220      0x550 .\CortexM3\ARM_GCC_541\Debug\teclado.a(CySpc.o)

.debug_abbrev   0x00000000     0x184a
 *(.debug_abbrev)
 .debug_abbrev  0x00000000      0x162 .\CortexM3\ARM_GCC_541\Debug\main.o
 .debug_abbrev  0x00000162      0x1fe .\CortexM3\ARM_GCC_541\Debug\cyfitter_cfg.o
 .debug_abbrev  0x00000360       0x66 .\CortexM3\ARM_GCC_541\Debug\cymetadata.o
 .debug_abbrev  0x000003c6      0x1e8 .\CortexM3\ARM_GCC_541\Debug\Cm3Start.o
 .debug_abbrev  0x000005ae       0xe4 .\CortexM3\ARM_GCC_541\Debug\teclado.a(Keypad_1_Keypad1.o)
 .debug_abbrev  0x00000692       0xac .\CortexM3\ARM_GCC_541\Debug\teclado.a(Keypad_1_Status_Reg.o)
 .debug_abbrev  0x0000073e      0x254 .\CortexM3\ARM_GCC_541\Debug\teclado.a(CyLib.o)
 .debug_abbrev  0x00000992      0x1ab .\CortexM3\ARM_GCC_541\Debug\teclado.a(cyPm.o)
 .debug_abbrev  0x00000b3d      0x157 .\CortexM3\ARM_GCC_541\Debug\teclado.a(LCD.o)
 .debug_abbrev  0x00000c94      0x173 .\CortexM3\ARM_GCC_541\Debug\teclado.a(isr_press.o)
 .debug_abbrev  0x00000e07       0x90 .\CortexM3\ARM_GCC_541\Debug\teclado.a(Encoder.o)
 .debug_abbrev  0x00000e97      0x12b .\CortexM3\ARM_GCC_541\Debug\teclado.a(Timer.o)
 .debug_abbrev  0x00000fc2      0x173 .\CortexM3\ARM_GCC_541\Debug\teclado.a(isr_1.o)
 .debug_abbrev  0x00001135      0x173 .\CortexM3\ARM_GCC_541\Debug\teclado.a(isr_Encoder.o)
 .debug_abbrev  0x000012a8      0x133 .\CortexM3\ARM_GCC_541\Debug\teclado.a(PWM.o)
 .debug_abbrev  0x000013db       0x90 .\CortexM3\ARM_GCC_541\Debug\teclado.a(Pin_1.o)
 .debug_abbrev  0x0000146b       0x90 .\CortexM3\ARM_GCC_541\Debug\teclado.a(num_control.o)
 .debug_abbrev  0x000014fb       0x14 .\CortexM3\ARM_GCC_541\Debug\teclado.a(CyBootAsmGnu.o)
 .debug_abbrev  0x0000150f      0x1a7 .\CortexM3\ARM_GCC_541\Debug\teclado.a(CyFlash.o)
 .debug_abbrev  0x000016b6      0x194 .\CortexM3\ARM_GCC_541\Debug\teclado.a(CySpc.o)

.debug_line     0x00000000     0x25b7
 *(.debug_line)
 .debug_line    0x00000000      0x322 .\CortexM3\ARM_GCC_541\Debug\main.o
 .debug_line    0x00000322      0x1dc .\CortexM3\ARM_GCC_541\Debug\cyfitter_cfg.o
 .debug_line    0x000004fe      0x141 .\CortexM3\ARM_GCC_541\Debug\cymetadata.o
 .debug_line    0x0000063f      0x234 .\CortexM3\ARM_GCC_541\Debug\Cm3Start.o
 .debug_line    0x00000873      0x1d7 .\CortexM3\ARM_GCC_541\Debug\teclado.a(Keypad_1_Keypad1.o)
 .debug_line    0x00000a4a       0xbf .\CortexM3\ARM_GCC_541\Debug\teclado.a(Keypad_1_Status_Reg.o)
 .debug_line    0x00000b09      0x816 .\CortexM3\ARM_GCC_541\Debug\teclado.a(CyLib.o)
 .debug_line    0x0000131f      0x367 .\CortexM3\ARM_GCC_541\Debug\teclado.a(cyPm.o)
 .debug_line    0x00001686      0x1dc .\CortexM3\ARM_GCC_541\Debug\teclado.a(LCD.o)
 .debug_line    0x00001862      0x136 .\CortexM3\ARM_GCC_541\Debug\teclado.a(isr_press.o)
 .debug_line    0x00001998       0xb8 .\CortexM3\ARM_GCC_541\Debug\teclado.a(Encoder.o)
 .debug_line    0x00001a50      0x170 .\CortexM3\ARM_GCC_541\Debug\teclado.a(Timer.o)
 .debug_line    0x00001bc0      0x132 .\CortexM3\ARM_GCC_541\Debug\teclado.a(isr_1.o)
 .debug_line    0x00001cf2      0x138 .\CortexM3\ARM_GCC_541\Debug\teclado.a(isr_Encoder.o)
 .debug_line    0x00001e2a      0x183 .\CortexM3\ARM_GCC_541\Debug\teclado.a(PWM.o)
 .debug_line    0x00001fad       0x92 .\CortexM3\ARM_GCC_541\Debug\teclado.a(Pin_1.o)
 .debug_line    0x0000203f       0x98 .\CortexM3\ARM_GCC_541\Debug\teclado.a(num_control.o)
 .debug_line    0x000020d7       0x66 .\CortexM3\ARM_GCC_541\Debug\teclado.a(CyBootAsmGnu.o)
 .debug_line    0x0000213d      0x21a .\CortexM3\ARM_GCC_541\Debug\teclado.a(CyFlash.o)
 .debug_line    0x00002357      0x260 .\CortexM3\ARM_GCC_541\Debug\teclado.a(CySpc.o)

.debug_frame    0x00000000     0x200c
 *(.debug_frame)
 .debug_frame   0x00000000       0xd0 .\CortexM3\ARM_GCC_541\Debug\main.o
 .debug_frame   0x000000d0       0xe4 .\CortexM3\ARM_GCC_541\Debug\cyfitter_cfg.o
 .debug_frame   0x000001b4       0xb8 .\CortexM3\ARM_GCC_541\Debug\Cm3Start.o
 .debug_frame   0x0000026c       0x64 .\CortexM3\ARM_GCC_541\Debug\teclado.a(Keypad_1_Keypad1.o)
 .debug_frame   0x000002d0       0x78 .\CortexM3\ARM_GCC_541\Debug\teclado.a(Keypad_1_Status_Reg.o)
 .debug_frame   0x00000348      0x738 .\CortexM3\ARM_GCC_541\Debug\teclado.a(CyLib.o)
 .debug_frame   0x00000a80      0x1f8 .\CortexM3\ARM_GCC_541\Debug\teclado.a(cyPm.o)
 .debug_frame   0x00000c78      0x1e8 .\CortexM3\ARM_GCC_541\Debug\teclado.a(LCD.o)
 .debug_frame   0x00000e60      0x104 .\CortexM3\ARM_GCC_541\Debug\teclado.a(isr_press.o)
 .debug_frame   0x00000f64       0x70 .\CortexM3\ARM_GCC_541\Debug\teclado.a(Encoder.o)
 .debug_frame   0x00000fd4      0x124 .\CortexM3\ARM_GCC_541\Debug\teclado.a(Timer.o)
 .debug_frame   0x000010f8      0x104 .\CortexM3\ARM_GCC_541\Debug\teclado.a(isr_1.o)
 .debug_frame   0x000011fc      0x104 .\CortexM3\ARM_GCC_541\Debug\teclado.a(isr_Encoder.o)
 .debug_frame   0x00001300      0x134 .\CortexM3\ARM_GCC_541\Debug\teclado.a(PWM.o)
 .debug_frame   0x00001434       0x50 .\CortexM3\ARM_GCC_541\Debug\teclado.a(Pin_1.o)
 .debug_frame   0x00001484       0x50 .\CortexM3\ARM_GCC_541\Debug\teclado.a(num_control.o)
 .debug_frame   0x000014d4      0x194 .\CortexM3\ARM_GCC_541\Debug\teclado.a(CyFlash.o)
 .debug_frame   0x00001668      0x180 .\CortexM3\ARM_GCC_541\Debug\teclado.a(CySpc.o)
 .debug_frame   0x000017e8       0x20 c:/program files (x86)/cypress/psoc creator/4.2/psoc creator/import/gnu/arm/5.4.1/bin/../lib/gcc/arm-none-eabi/5.4.1/../../../../arm-none-eabi/lib/armv7-m\libg_nano.a(lib_a-errno.o)
 .debug_frame   0x00001808       0x28 c:/program files (x86)/cypress/psoc creator/4.2/psoc creator/import/gnu/arm/5.4.1/bin/../lib/gcc/arm-none-eabi/5.4.1/../../../../arm-none-eabi/lib/armv7-m\libg_nano.a(lib_a-exit.o)
 .debug_frame   0x00001830       0x2c c:/program files (x86)/cypress/psoc creator/4.2/psoc creator/import/gnu/arm/5.4.1/bin/../lib/gcc/arm-none-eabi/5.4.1/../../../../arm-none-eabi/lib/armv7-m\libg_nano.a(lib_a-init.o)
 .debug_frame   0x0000185c       0x28 c:/program files (x86)/cypress/psoc creator/4.2/psoc creator/import/gnu/arm/5.4.1/bin/../lib/gcc/arm-none-eabi/5.4.1/../../../../arm-none-eabi/lib/armv7-m\libg_nano.a(lib_a-memcpy-stub.o)
 .debug_frame   0x00001884       0x20 c:/program files (x86)/cypress/psoc creator/4.2/psoc creator/import/gnu/arm/5.4.1/bin/../lib/gcc/arm-none-eabi/5.4.1/../../../../arm-none-eabi/lib/armv7-m\libg_nano.a(lib_a-memset.o)
 .debug_frame   0x000018a4       0x8c c:/program files (x86)/cypress/psoc creator/4.2/psoc creator/import/gnu/arm/5.4.1/bin/../lib/gcc/arm-none-eabi/5.4.1/../../../../arm-none-eabi/lib/armv7-m\libg_nano.a(lib_a-nano-vfprintf_float.o)
 .debug_frame   0x00001930       0x60 c:/program files (x86)/cypress/psoc creator/4.2/psoc creator/import/gnu/arm/5.4.1/bin/../lib/gcc/arm-none-eabi/5.4.1/../../../../arm-none-eabi/lib/armv7-m\libg_nano.a(lib_a-nano-vfprintf_i.o)
 .debug_frame   0x00001990       0x70 c:/program files (x86)/cypress/psoc creator/4.2/psoc creator/import/gnu/arm/5.4.1/bin/../lib/gcc/arm-none-eabi/5.4.1/../../../../arm-none-eabi/lib/armv7-m\libg_nano.a(lib_a-sprintf.o)
 .debug_frame   0x00001a00       0x6c c:/program files (x86)/cypress/psoc creator/4.2/psoc creator/import/gnu/arm/5.4.1/bin/../lib/gcc/arm-none-eabi/5.4.1/../../../../arm-none-eabi/lib/armv7-m\libg_nano.a(lib_a-dtoa.o)
 .debug_frame   0x00001a6c       0x98 c:/program files (x86)/cypress/psoc creator/4.2/psoc creator/import/gnu/arm/5.4.1/bin/../lib/gcc/arm-none-eabi/5.4.1/../../../../arm-none-eabi/lib/armv7-m\libg_nano.a(lib_a-locale.o)
 .debug_frame   0x00001b04       0x30 c:/program files (x86)/cypress/psoc creator/4.2/psoc creator/import/gnu/arm/5.4.1/bin/../lib/gcc/arm-none-eabi/5.4.1/../../../../arm-none-eabi/lib/armv7-m\libg_nano.a(lib_a-malloc.o)
 .debug_frame   0x00001b34       0x28 c:/program files (x86)/cypress/psoc creator/4.2/psoc creator/import/gnu/arm/5.4.1/bin/../lib/gcc/arm-none-eabi/5.4.1/../../../../arm-none-eabi/lib/armv7-m\libg_nano.a(lib_a-memchr-stub.o)
 .debug_frame   0x00001b5c      0x234 c:/program files (x86)/cypress/psoc creator/4.2/psoc creator/import/gnu/arm/5.4.1/bin/../lib/gcc/arm-none-eabi/5.4.1/../../../../arm-none-eabi/lib/armv7-m\libg_nano.a(lib_a-mprec.o)
 .debug_frame   0x00001d90       0x2c c:/program files (x86)/cypress/psoc creator/4.2/psoc creator/import/gnu/arm/5.4.1/bin/../lib/gcc/arm-none-eabi/5.4.1/../../../../arm-none-eabi/lib/armv7-m\libg_nano.a(lib_a-nano-callocr.o)
 .debug_frame   0x00001dbc       0x38 c:/program files (x86)/cypress/psoc creator/4.2/psoc creator/import/gnu/arm/5.4.1/bin/../lib/gcc/arm-none-eabi/5.4.1/../../../../arm-none-eabi/lib/armv7-m\libg_nano.a(lib_a-nano-freer.o)
 .debug_frame   0x00001df4       0x2c c:/program files (x86)/cypress/psoc creator/4.2/psoc creator/import/gnu/arm/5.4.1/bin/../lib/gcc/arm-none-eabi/5.4.1/../../../../arm-none-eabi/lib/armv7-m\libg_nano.a(lib_a-nano-mallocr.o)
 .debug_frame   0x00001e20       0x90 c:/program files (x86)/cypress/psoc creator/4.2/psoc creator/import/gnu/arm/5.4.1/bin/../lib/gcc/arm-none-eabi/5.4.1/../../../../arm-none-eabi/lib/armv7-m\libg_nano.a(lib_a-nano-svfprintf.o)
 .debug_frame   0x00001eb0       0x2c c:/program files (x86)/cypress/psoc creator/4.2/psoc creator/import/gnu/arm/5.4.1/bin/../lib/gcc/arm-none-eabi/5.4.1/../../../../arm-none-eabi/lib/armv7-m\libg_nano.a(lib_a-sbrkr.o)
 .debug_frame   0x00001edc       0x20 c:/program files (x86)/cypress/psoc creator/4.2/psoc creator/import/gnu/arm/5.4.1/bin/../lib/gcc/arm-none-eabi/5.4.1/../../../../arm-none-eabi/lib/armv7-m\libg_nano.a(lib_a-strcmp.o)
 .debug_frame   0x00001efc       0x28 c:/program files (x86)/cypress/psoc creator/4.2/psoc creator/import/gnu/arm/5.4.1/bin/../lib/gcc/arm-none-eabi/5.4.1/../../../../arm-none-eabi/lib/armv7-m\libg_nano.a(lib_a-memmove.o)
 .debug_frame   0x00001f24       0x30 c:/program files (x86)/cypress/psoc creator/4.2/psoc creator/import/gnu/arm/5.4.1/bin/../lib/gcc/arm-none-eabi/5.4.1/../../../../arm-none-eabi/lib/armv7-m\libg_nano.a(lib_a-mlock.o)
 .debug_frame   0x00001f54       0x3c c:/program files (x86)/cypress/psoc creator/4.2/psoc creator/import/gnu/arm/5.4.1/bin/../lib/gcc/arm-none-eabi/5.4.1/../../../../arm-none-eabi/lib/armv7-m\libg_nano.a(lib_a-nano-reallocr.o)
 .debug_frame   0x00001f90       0x5c c:/program files (x86)/cypress/psoc creator/4.2/psoc creator/import/gnu/arm/5.4.1/bin/../lib/gcc/arm-none-eabi/5.4.1/../../../../arm-none-eabi/lib/armv7-m\libg_nano.a(lib_a-reent.o)
 .debug_frame   0x00001fec       0x20 c:/program files (x86)/cypress/psoc creator/4.2/psoc creator/import/gnu/arm/5.4.1/bin/../lib/gcc/arm-none-eabi/5.4.1/../../../../arm-none-eabi/lib/armv7-m\libg_nano.a(lib_a-nano-msizer.o)

.debug_str      0x00000000     0x1daa
 *(.debug_str)
 .debug_str     0x00000000      0x37d .\CortexM3\ARM_GCC_541\Debug\main.o
                                0x3ca (size before relaxing)
 .debug_str     0x0000037d      0x179 .\CortexM3\ARM_GCC_541\Debug\cyfitter_cfg.o
                                0x328 (size before relaxing)
 .debug_str     0x000004f6       0x7f .\CortexM3\ARM_GCC_541\Debug\cymetadata.o
                                0x1f7 (size before relaxing)
 .debug_str     0x00000575      0x139 .\CortexM3\ARM_GCC_541\Debug\Cm3Start.o
                                0x31d (size before relaxing)
 .debug_str     0x000006ae       0x63 .\CortexM3\ARM_GCC_541\Debug\teclado.a(Keypad_1_Keypad1.o)
                                0x243 (size before relaxing)
 .debug_str     0x00000711       0xe3 .\CortexM3\ARM_GCC_541\Debug\teclado.a(Keypad_1_Status_Reg.o)
                                0x2a4 (size before relaxing)
 .debug_str     0x000007f4      0x801 .\CortexM3\ARM_GCC_541\Debug\teclado.a(CyLib.o)
                                0xa5a (size before relaxing)
 .debug_str     0x00000ff5      0x365 .\CortexM3\ARM_GCC_541\Debug\teclado.a(cyPm.o)
                                0x746 (size before relaxing)
 .debug_str     0x0000135a      0x12f .\CortexM3\ARM_GCC_541\Debug\teclado.a(LCD.o)
                                0x33e (size before relaxing)
 .debug_str     0x00001489       0xf5 .\CortexM3\ARM_GCC_541\Debug\teclado.a(isr_press.o)
                                0x2f1 (size before relaxing)
 .debug_str     0x0000157e       0x85 .\CortexM3\ARM_GCC_541\Debug\teclado.a(Encoder.o)
                                0x23f (size before relaxing)
 .debug_str     0x00001603      0x167 .\CortexM3\ARM_GCC_541\Debug\teclado.a(Timer.o)
                                0x34e (size before relaxing)
 .debug_str     0x0000176a       0xc5 .\CortexM3\ARM_GCC_541\Debug\teclado.a(isr_1.o)
                                0x2b9 (size before relaxing)
 .debug_str     0x0000182f      0x126 .\CortexM3\ARM_GCC_541\Debug\teclado.a(isr_Encoder.o)
                                0x30d (size before relaxing)
 .debug_str     0x00001955      0x138 .\CortexM3\ARM_GCC_541\Debug\teclado.a(PWM.o)
                                0x33e (size before relaxing)
 .debug_str     0x00001a8d       0x4f .\CortexM3\ARM_GCC_541\Debug\teclado.a(Pin_1.o)
                                0x1f5 (size before relaxing)
 .debug_str     0x00001adc       0x67 .\CortexM3\ARM_GCC_541\Debug\teclado.a(num_control.o)
                                0x213 (size before relaxing)
 .debug_str     0x00001b43      0x1bb .\CortexM3\ARM_GCC_541\Debug\teclado.a(CyFlash.o)
                                0x3d3 (size before relaxing)
 .debug_str     0x00001cfe       0xac .\CortexM3\ARM_GCC_541\Debug\teclado.a(CySpc.o)
                                0x34b (size before relaxing)

.debug_loc      0x00000000     0x20f7
 *(.debug_loc)
 .debug_loc     0x00000000       0x9f .\CortexM3\ARM_GCC_541\Debug\main.o
 .debug_loc     0x0000009f      0x1d7 .\CortexM3\ARM_GCC_541\Debug\cyfitter_cfg.o
 .debug_loc     0x00000276      0x144 .\CortexM3\ARM_GCC_541\Debug\Cm3Start.o
 .debug_loc     0x000003ba       0x44 .\CortexM3\ARM_GCC_541\Debug\teclado.a(Keypad_1_Keypad1.o)
 .debug_loc     0x000003fe       0x44 .\CortexM3\ARM_GCC_541\Debug\teclado.a(Keypad_1_Status_Reg.o)
 .debug_loc     0x00000442      0xa11 .\CortexM3\ARM_GCC_541\Debug\teclado.a(CyLib.o)
 .debug_loc     0x00000e53      0x1e4 .\CortexM3\ARM_GCC_541\Debug\teclado.a(cyPm.o)
 .debug_loc     0x00001037      0x3c6 .\CortexM3\ARM_GCC_541\Debug\teclado.a(LCD.o)
 .debug_loc     0x000013fd       0x56 .\CortexM3\ARM_GCC_541\Debug\teclado.a(isr_press.o)
 .debug_loc     0x00001453       0x84 .\CortexM3\ARM_GCC_541\Debug\teclado.a(Encoder.o)
 .debug_loc     0x000014d7       0x13 .\CortexM3\ARM_GCC_541\Debug\teclado.a(Timer.o)
 .debug_loc     0x000014ea       0x56 .\CortexM3\ARM_GCC_541\Debug\teclado.a(isr_1.o)
 .debug_loc     0x00001540       0x56 .\CortexM3\ARM_GCC_541\Debug\teclado.a(isr_Encoder.o)
 .debug_loc     0x00001596       0x26 .\CortexM3\ARM_GCC_541\Debug\teclado.a(PWM.o)
 .debug_loc     0x000015bc       0x42 .\CortexM3\ARM_GCC_541\Debug\teclado.a(Pin_1.o)
 .debug_loc     0x000015fe       0x42 .\CortexM3\ARM_GCC_541\Debug\teclado.a(num_control.o)
 .debug_loc     0x00001640      0x3b2 .\CortexM3\ARM_GCC_541\Debug\teclado.a(CyFlash.o)
 .debug_loc     0x000019f2      0x705 .\CortexM3\ARM_GCC_541\Debug\teclado.a(CySpc.o)

.debug_macinfo
 *(.debug_macinfo)

.debug_ranges   0x00000000      0x878
 *(.debug_ranges)
 .debug_ranges  0x00000000       0x40 .\CortexM3\ARM_GCC_541\Debug\main.o
 .debug_ranges  0x00000040       0x48 .\CortexM3\ARM_GCC_541\Debug\cyfitter_cfg.o
 .debug_ranges  0x00000088       0x38 .\CortexM3\ARM_GCC_541\Debug\Cm3Start.o
 .debug_ranges  0x000000c0       0x20 .\CortexM3\ARM_GCC_541\Debug\teclado.a(Keypad_1_Keypad1.o)
 .debug_ranges  0x000000e0       0x30 .\CortexM3\ARM_GCC_541\Debug\teclado.a(Keypad_1_Status_Reg.o)
 .debug_ranges  0x00000110      0x290 .\CortexM3\ARM_GCC_541\Debug\teclado.a(CyLib.o)
 .debug_ranges  0x000003a0       0x88 .\CortexM3\ARM_GCC_541\Debug\teclado.a(cyPm.o)
 .debug_ranges  0x00000428       0x88 .\CortexM3\ARM_GCC_541\Debug\teclado.a(LCD.o)
 .debug_ranges  0x000004b0       0x70 .\CortexM3\ARM_GCC_541\Debug\teclado.a(isr_press.o)
 .debug_ranges  0x00000520       0x38 .\CortexM3\ARM_GCC_541\Debug\teclado.a(Encoder.o)
 .debug_ranges  0x00000558       0x80 .\CortexM3\ARM_GCC_541\Debug\teclado.a(Timer.o)
 .debug_ranges  0x000005d8       0x70 .\CortexM3\ARM_GCC_541\Debug\teclado.a(isr_1.o)
 .debug_ranges  0x00000648       0x70 .\CortexM3\ARM_GCC_541\Debug\teclado.a(isr_Encoder.o)
 .debug_ranges  0x000006b8       0x88 .\CortexM3\ARM_GCC_541\Debug\teclado.a(PWM.o)
 .debug_ranges  0x00000740       0x28 .\CortexM3\ARM_GCC_541\Debug\teclado.a(Pin_1.o)
 .debug_ranges  0x00000768       0x28 .\CortexM3\ARM_GCC_541\Debug\teclado.a(num_control.o)
 .debug_ranges  0x00000790       0x78 .\CortexM3\ARM_GCC_541\Debug\teclado.a(CyFlash.o)
 .debug_ranges  0x00000808       0x70 .\CortexM3\ARM_GCC_541\Debug\teclado.a(CySpc.o)

.comment        0x00000000       0x6e
 .comment       0x00000000       0x6e .\CortexM3\ARM_GCC_541\Debug\main.o
                                 0x6f (size before relaxing)
 .comment       0x0000006e       0x6f .\CortexM3\ARM_GCC_541\Debug\cyfitter_cfg.o
 .comment       0x0000006e       0x6f .\CortexM3\ARM_GCC_541\Debug\cymetadata.o
 .comment       0x0000006e       0x6f .\CortexM3\ARM_GCC_541\Debug\Cm3Start.o
 .comment       0x0000006e       0x6f .\CortexM3\ARM_GCC_541\Debug\teclado.a(Keypad_1_Keypad1.o)
 .comment       0x0000006e       0x6f .\CortexM3\ARM_GCC_541\Debug\teclado.a(Keypad_1_Status_Reg.o)
 .comment       0x0000006e       0x6f .\CortexM3\ARM_GCC_541\Debug\teclado.a(CyLib.o)
 .comment       0x0000006e       0x6f .\CortexM3\ARM_GCC_541\Debug\teclado.a(cyPm.o)
 .comment       0x0000006e       0x6f .\CortexM3\ARM_GCC_541\Debug\teclado.a(LCD.o)
 .comment       0x0000006e       0x6f .\CortexM3\ARM_GCC_541\Debug\teclado.a(isr_press.o)
 .comment       0x0000006e       0x6f .\CortexM3\ARM_GCC_541\Debug\teclado.a(Encoder.o)
 .comment       0x0000006e       0x6f .\CortexM3\ARM_GCC_541\Debug\teclado.a(Timer.o)
 .comment       0x0000006e       0x6f .\CortexM3\ARM_GCC_541\Debug\teclado.a(isr_1.o)
 .comment       0x0000006e       0x6f .\CortexM3\ARM_GCC_541\Debug\teclado.a(isr_Encoder.o)
 .comment       0x0000006e       0x6f .\CortexM3\ARM_GCC_541\Debug\teclado.a(PWM.o)
 .comment       0x0000006e       0x6f .\CortexM3\ARM_GCC_541\Debug\teclado.a(Pin_1.o)
 .comment       0x0000006e       0x6f .\CortexM3\ARM_GCC_541\Debug\teclado.a(num_control.o)
 .comment       0x0000006e       0x6f .\CortexM3\ARM_GCC_541\Debug\teclado.a(CyFlash.o)
 .comment       0x0000006e       0x6f .\CortexM3\ARM_GCC_541\Debug\teclado.a(CySpc.o)

.debug_weaknames
 *(.debug_weaknames)

.debug_funcnames
 *(.debug_funcnames)

.debug_typenames
 *(.debug_typenames)

.debug_varnames
 *(.debug_varnames)

.note.gnu.arm.ident
 *(.note.gnu.arm.ident)

.ARM.attributes
                0x00000000       0x29
 *(.ARM.attributes)
 .ARM.attributes
                0x00000000       0x1d c:/program files (x86)/cypress/psoc creator/4.2/psoc creator/import/gnu/arm/5.4.1/bin/../lib/gcc/arm-none-eabi/5.4.1/armv7-m/crti.o
 .ARM.attributes
                0x0000001d       0x2d c:/program files (x86)/cypress/psoc creator/4.2/psoc creator/import/gnu/arm/5.4.1/bin/../lib/gcc/arm-none-eabi/5.4.1/armv7-m/crtbegin.o
 .ARM.attributes
                0x0000004a       0x1b c:/program files (x86)/cypress/psoc creator/4.2/psoc creator/import/gnu/arm/5.4.1/bin/../lib/gcc/arm-none-eabi/5.4.1/../../../../arm-none-eabi/lib/armv7-m/crt0.o
 .ARM.attributes
                0x00000065       0x33 .\CortexM3\ARM_GCC_541\Debug\main.o
 .ARM.attributes
                0x00000098       0x33 .\CortexM3\ARM_GCC_541\Debug\cyfitter_cfg.o
 .ARM.attributes
                0x000000cb       0x33 .\CortexM3\ARM_GCC_541\Debug\cymetadata.o
 .ARM.attributes
                0x000000fe       0x33 .\CortexM3\ARM_GCC_541\Debug\Cm3Start.o
 .ARM.attributes
                0x00000131       0x33 .\CortexM3\ARM_GCC_541\Debug\teclado.a(Keypad_1_Keypad1.o)
 .ARM.attributes
                0x00000164       0x33 .\CortexM3\ARM_GCC_541\Debug\teclado.a(Keypad_1_Status_Reg.o)
 .ARM.attributes
                0x00000197       0x33 .\CortexM3\ARM_GCC_541\Debug\teclado.a(CyLib.o)
 .ARM.attributes
                0x000001ca       0x33 .\CortexM3\ARM_GCC_541\Debug\teclado.a(cyPm.o)
 .ARM.attributes
                0x000001fd       0x33 .\CortexM3\ARM_GCC_541\Debug\teclado.a(LCD.o)
 .ARM.attributes
                0x00000230       0x33 .\CortexM3\ARM_GCC_541\Debug\teclado.a(isr_press.o)
 .ARM.attributes
                0x00000263       0x33 .\CortexM3\ARM_GCC_541\Debug\teclado.a(Encoder.o)
 .ARM.attributes
                0x00000296       0x33 .\CortexM3\ARM_GCC_541\Debug\teclado.a(Timer.o)
 .ARM.attributes
                0x000002c9       0x33 .\CortexM3\ARM_GCC_541\Debug\teclado.a(isr_1.o)
 .ARM.attributes
                0x000002fc       0x33 .\CortexM3\ARM_GCC_541\Debug\teclado.a(isr_Encoder.o)
 .ARM.attributes
                0x0000032f       0x33 .\CortexM3\ARM_GCC_541\Debug\teclado.a(PWM.o)
 .ARM.attributes
                0x00000362       0x33 .\CortexM3\ARM_GCC_541\Debug\teclado.a(Pin_1.o)
 .ARM.attributes
                0x00000395       0x33 .\CortexM3\ARM_GCC_541\Debug\teclado.a(num_control.o)
 .ARM.attributes
                0x000003c8       0x21 .\CortexM3\ARM_GCC_541\Debug\teclado.a(CyBootAsmGnu.o)
 .ARM.attributes
                0x000003e9       0x33 .\CortexM3\ARM_GCC_541\Debug\teclado.a(CyFlash.o)
 .ARM.attributes
                0x0000041c       0x33 .\CortexM3\ARM_GCC_541\Debug\teclado.a(CySpc.o)
 .ARM.attributes
                0x0000044f       0x2d c:/program files (x86)/cypress/psoc creator/4.2/psoc creator/import/gnu/arm/5.4.1/bin/../lib/gcc/arm-none-eabi/5.4.1/../../../../arm-none-eabi/lib/armv7-m\libg_nano.a(lib_a-errno.o)
 .ARM.attributes
                0x0000047c       0x2d c:/program files (x86)/cypress/psoc creator/4.2/psoc creator/import/gnu/arm/5.4.1/bin/../lib/gcc/arm-none-eabi/5.4.1/../../../../arm-none-eabi/lib/armv7-m\libg_nano.a(lib_a-exit.o)
 .ARM.attributes
                0x000004a9       0x2d c:/program files (x86)/cypress/psoc creator/4.2/psoc creator/import/gnu/arm/5.4.1/bin/../lib/gcc/arm-none-eabi/5.4.1/../../../../arm-none-eabi/lib/armv7-m\libg_nano.a(lib_a-impure.o)
 .ARM.attributes
                0x000004d6       0x2d c:/program files (x86)/cypress/psoc creator/4.2/psoc creator/import/gnu/arm/5.4.1/bin/../lib/gcc/arm-none-eabi/5.4.1/../../../../arm-none-eabi/lib/armv7-m\libg_nano.a(lib_a-init.o)
 .ARM.attributes
                0x00000503       0x2d c:/program files (x86)/cypress/psoc creator/4.2/psoc creator/import/gnu/arm/5.4.1/bin/../lib/gcc/arm-none-eabi/5.4.1/../../../../arm-none-eabi/lib/armv7-m\libg_nano.a(lib_a-memcpy-stub.o)
 .ARM.attributes
                0x00000530       0x2d c:/program files (x86)/cypress/psoc creator/4.2/psoc creator/import/gnu/arm/5.4.1/bin/../lib/gcc/arm-none-eabi/5.4.1/../../../../arm-none-eabi/lib/armv7-m\libg_nano.a(lib_a-memset.o)
 .ARM.attributes
                0x0000055d       0x2d c:/program files (x86)/cypress/psoc creator/4.2/psoc creator/import/gnu/arm/5.4.1/bin/../lib/gcc/arm-none-eabi/5.4.1/../../../../arm-none-eabi/lib/armv7-m\libg_nano.a(lib_a-nano-vfprintf_float.o)
 .ARM.attributes
                0x0000058a       0x2d c:/program files (x86)/cypress/psoc creator/4.2/psoc creator/import/gnu/arm/5.4.1/bin/../lib/gcc/arm-none-eabi/5.4.1/../../../../arm-none-eabi/lib/armv7-m\libg_nano.a(lib_a-nano-vfprintf_i.o)
 .ARM.attributes
                0x000005b7       0x2d c:/program files (x86)/cypress/psoc creator/4.2/psoc creator/import/gnu/arm/5.4.1/bin/../lib/gcc/arm-none-eabi/5.4.1/../../../../arm-none-eabi/lib/armv7-m\libg_nano.a(lib_a-sprintf.o)
 .ARM.attributes
                0x000005e4       0x17 c:/program files (x86)/cypress/psoc creator/4.2/psoc creator/import/gnu/arm/5.4.1/bin/../lib/gcc/arm-none-eabi/5.4.1/../../../../arm-none-eabi/lib/armv7-m\libg_nano.a(lib_a-strlen.o)
 .ARM.attributes
                0x000005fb       0x2d c:/program files (x86)/cypress/psoc creator/4.2/psoc creator/import/gnu/arm/5.4.1/bin/../lib/gcc/arm-none-eabi/5.4.1/../../../../arm-none-eabi/lib/armv7-m\libg_nano.a(lib_a-dtoa.o)
 .ARM.attributes
                0x00000628       0x2d c:/program files (x86)/cypress/psoc creator/4.2/psoc creator/import/gnu/arm/5.4.1/bin/../lib/gcc/arm-none-eabi/5.4.1/../../../../arm-none-eabi/lib/armv7-m\libg_nano.a(lib_a-locale.o)
 .ARM.attributes
                0x00000655       0x2d c:/program files (x86)/cypress/psoc creator/4.2/psoc creator/import/gnu/arm/5.4.1/bin/../lib/gcc/arm-none-eabi/5.4.1/../../../../arm-none-eabi/lib/armv7-m\libg_nano.a(lib_a-malloc.o)
 .ARM.attributes
                0x00000682       0x2d c:/program files (x86)/cypress/psoc creator/4.2/psoc creator/import/gnu/arm/5.4.1/bin/../lib/gcc/arm-none-eabi/5.4.1/../../../../arm-none-eabi/lib/armv7-m\libg_nano.a(lib_a-memchr-stub.o)
 .ARM.attributes
                0x000006af       0x2d c:/program files (x86)/cypress/psoc creator/4.2/psoc creator/import/gnu/arm/5.4.1/bin/../lib/gcc/arm-none-eabi/5.4.1/../../../../arm-none-eabi/lib/armv7-m\libg_nano.a(lib_a-mprec.o)
 .ARM.attributes
                0x000006dc       0x2d c:/program files (x86)/cypress/psoc creator/4.2/psoc creator/import/gnu/arm/5.4.1/bin/../lib/gcc/arm-none-eabi/5.4.1/../../../../arm-none-eabi/lib/armv7-m\libg_nano.a(lib_a-nano-callocr.o)
 .ARM.attributes
                0x00000709       0x2d c:/program files (x86)/cypress/psoc creator/4.2/psoc creator/import/gnu/arm/5.4.1/bin/../lib/gcc/arm-none-eabi/5.4.1/../../../../arm-none-eabi/lib/armv7-m\libg_nano.a(lib_a-nano-freer.o)
 .ARM.attributes
                0x00000736       0x2d c:/program files (x86)/cypress/psoc creator/4.2/psoc creator/import/gnu/arm/5.4.1/bin/../lib/gcc/arm-none-eabi/5.4.1/../../../../arm-none-eabi/lib/armv7-m\libg_nano.a(lib_a-nano-mallocr.o)
 .ARM.attributes
                0x00000763       0x2d c:/program files (x86)/cypress/psoc creator/4.2/psoc creator/import/gnu/arm/5.4.1/bin/../lib/gcc/arm-none-eabi/5.4.1/../../../../arm-none-eabi/lib/armv7-m\libg_nano.a(lib_a-nano-svfprintf.o)
 .ARM.attributes
                0x00000790       0x2d c:/program files (x86)/cypress/psoc creator/4.2/psoc creator/import/gnu/arm/5.4.1/bin/../lib/gcc/arm-none-eabi/5.4.1/../../../../arm-none-eabi/lib/armv7-m\libg_nano.a(lib_a-sbrkr.o)
 .ARM.attributes
                0x000007bd       0x1b c:/program files (x86)/cypress/psoc creator/4.2/psoc creator/import/gnu/arm/5.4.1/bin/../lib/gcc/arm-none-eabi/5.4.1/../../../../arm-none-eabi/lib/armv7-m\libg_nano.a(lib_a-strcmp.o)
 .ARM.attributes
                0x000007d8       0x2d c:/program files (x86)/cypress/psoc creator/4.2/psoc creator/import/gnu/arm/5.4.1/bin/../lib/gcc/arm-none-eabi/5.4.1/../../../../arm-none-eabi/lib/armv7-m\libg_nano.a(lib_a-memmove.o)
 .ARM.attributes
                0x00000805       0x2d c:/program files (x86)/cypress/psoc creator/4.2/psoc creator/import/gnu/arm/5.4.1/bin/../lib/gcc/arm-none-eabi/5.4.1/../../../../arm-none-eabi/lib/armv7-m\libg_nano.a(lib_a-mlock.o)
 .ARM.attributes
                0x00000832       0x2d c:/program files (x86)/cypress/psoc creator/4.2/psoc creator/import/gnu/arm/5.4.1/bin/../lib/gcc/arm-none-eabi/5.4.1/../../../../arm-none-eabi/lib/armv7-m\libg_nano.a(lib_a-nano-reallocr.o)
 .ARM.attributes
                0x0000085f       0x2d c:/program files (x86)/cypress/psoc creator/4.2/psoc creator/import/gnu/arm/5.4.1/bin/../lib/gcc/arm-none-eabi/5.4.1/../../../../arm-none-eabi/lib/armv7-m\libg_nano.a(lib_a-reent.o)
 .ARM.attributes
                0x0000088c       0x2d c:/program files (x86)/cypress/psoc creator/4.2/psoc creator/import/gnu/arm/5.4.1/bin/../lib/gcc/arm-none-eabi/5.4.1/../../../../arm-none-eabi/lib/armv7-m\libg_nano.a(lib_a-nano-msizer.o)
 .ARM.attributes
                0x000008b9       0x1d c:/program files (x86)/cypress/psoc creator/4.2/psoc creator/import/gnu/arm/5.4.1/bin/../lib/gcc/arm-none-eabi/5.4.1/armv7-m\libgcc.a(_arm_addsubdf3.o)
 .ARM.attributes
                0x000008d6       0x1d c:/program files (x86)/cypress/psoc creator/4.2/psoc creator/import/gnu/arm/5.4.1/bin/../lib/gcc/arm-none-eabi/5.4.1/armv7-m\libgcc.a(_arm_muldivdf3.o)
 .ARM.attributes
                0x000008f3       0x1d c:/program files (x86)/cypress/psoc creator/4.2/psoc creator/import/gnu/arm/5.4.1/bin/../lib/gcc/arm-none-eabi/5.4.1/armv7-m\libgcc.a(_arm_cmpdf2.o)
 .ARM.attributes
                0x00000910       0x1d c:/program files (x86)/cypress/psoc creator/4.2/psoc creator/import/gnu/arm/5.4.1/bin/../lib/gcc/arm-none-eabi/5.4.1/armv7-m\libgcc.a(_arm_unorddf2.o)
 .ARM.attributes
                0x0000092d       0x1d c:/program files (x86)/cypress/psoc creator/4.2/psoc creator/import/gnu/arm/5.4.1/bin/../lib/gcc/arm-none-eabi/5.4.1/armv7-m\libgcc.a(_arm_fixdfsi.o)
 .ARM.attributes
                0x0000094a       0x2d c:/program files (x86)/cypress/psoc creator/4.2/psoc creator/import/gnu/arm/5.4.1/bin/../lib/gcc/arm-none-eabi/5.4.1/armv7-m/crtend.o
 .ARM.attributes
                0x00000977       0x1d c:/program files (x86)/cypress/psoc creator/4.2/psoc creator/import/gnu/arm/5.4.1/bin/../lib/gcc/arm-none-eabi/5.4.1/armv7-m/crtn.o

/DISCARD/
 *(.note.GNU-stack)
OUTPUT(C:\Users\jeanpierre\Documents\PSoC Creator\teclado\Lab5_VelocidadMotor\teclado.cydsn\CortexM3\ARM_GCC_541\Debug\teclado.elf elf32-littlearm)
